Archive member included to satisfy reference by file (symbol)

/home/moises/.platformio/packages/framework-arduinoasrmicro650x/cores/asr650x/projects/CubeCellLib.a(AT_Command.o)
                              .pio/build/cubecell_board/src/main.cpp.o (printDevParam)
/home/moises/.platformio/packages/framework-arduinoasrmicro650x/cores/asr650x/projects/CubeCellLib.a(UART_1.o)
                              /home/moises/.platformio/packages/framework-arduinoasrmicro650x/cores/asr650x/projects/CubeCellLib.a(AT_Command.o) (UART_1_Start)
/home/moises/.platformio/packages/framework-arduinoasrmicro650x/cores/asr650x/projects/CubeCellLib.a(ASR_Arduino.o)
                              /home/moises/.platformio/packages/framework-arduinoasrmicro650x/cores/asr650x/projects/CubeCellLib.a(AT_Command.o) (getID)
/home/moises/.platformio/packages/framework-arduinoasrmicro650x/cores/asr650x/projects/CubeCellLib.a(timeServer.o)
                              /home/moises/.platformio/packages/framework-arduinoasrmicro650x/cores/asr650x/projects/CubeCellLib.a(AT_Command.o) (TimerInit)
/home/moises/.platformio/packages/framework-arduinoasrmicro650x/cores/asr650x/projects/CubeCellLib.a(lorawan_port.o)
                              /home/moises/.platformio/packages/framework-arduinoasrmicro650x/cores/asr650x/projects/CubeCellLib.a(timeServer.o) (aos_lrwan_time_itf)
/home/moises/.platformio/packages/framework-arduinoasrmicro650x/cores/asr650x/projects/CubeCellLib.a(asr_timer.o)
                              /home/moises/.platformio/packages/framework-arduinoasrmicro650x/cores/asr650x/projects/CubeCellLib.a(lorawan_port.o) (Asr_Timer_RegisterAlarmCallback)
/home/moises/.platformio/packages/framework-arduinoasrmicro650x/cores/asr650x/projects/CubeCellLib.a(cyfitter_cfg.o)
                              /home/moises/.platformio/packages/framework-arduinoasrmicro650x/cores/asr650x/projects/CubeCellLib.a(ASR_Arduino.o) (systime)
.pio/build/cubecell_board/libc14/libLoRa.a(LoRaWan_APP.cpp.o)
                              .pio/build/cubecell_board/src/main.cpp.o (turnOnRGB)
.pio/build/cubecell_board/libc14/libLoRa.a(LoRa_APP.cpp.o)
                              /home/moises/.platformio/packages/framework-arduinoasrmicro650x/cores/asr650x/projects/CubeCellLib.a(AT_Command.o) (LoraRxTimeout)
.pio/build/cubecell_board/libFrameworkArduino.a(HardwareSerial.cpp.o)
                              .pio/build/cubecell_board/src/main.cpp.o (HardwareSerial::begin(unsigned long, unsigned long, signed char, bool, unsigned long))
.pio/build/cubecell_board/libFrameworkArduino.a(asr_board.c.o)
                              /home/moises/.platformio/packages/framework-arduinoasrmicro650x/cores/asr650x/projects/CubeCellLib.a(lorawan_port.o) (HW_Get_MFT_ID)
.pio/build/cubecell_board/libFrameworkArduino.a(gpio.c.o)
                              .pio/build/cubecell_board/libFrameworkArduino.a(asr_board.c.o) (GpioInit)
.pio/build/cubecell_board/libFrameworkArduino.a(spi-board.c.o)
                              .pio/build/cubecell_board/libFrameworkArduino.a(asr_board.c.o) (SpiInit)
.pio/build/cubecell_board/libFrameworkArduino.a(ADC_SAR_Seq.c.o)
                              /home/moises/.platformio/packages/framework-arduinoasrmicro650x/cores/asr650x/projects/CubeCellLib.a(ASR_Arduino.o) (ADC_SAR_Seq_Start)
.pio/build/cubecell_board/libFrameworkArduino.a(ADC_SAR_Seq_INT.c.o)
                              .pio/build/cubecell_board/libFrameworkArduino.a(ADC_SAR_Seq.c.o) (ADC_SAR_Seq_ISR)
.pio/build/cubecell_board/libFrameworkArduino.a(PWM1.c.o)
                              /home/moises/.platformio/packages/framework-arduinoasrmicro650x/cores/asr650x/projects/CubeCellLib.a(ASR_Arduino.o) (PWM1_Stop)
.pio/build/cubecell_board/libFrameworkArduino.a(PWM2.c.o)
                              /home/moises/.platformio/packages/framework-arduinoasrmicro650x/cores/asr650x/projects/CubeCellLib.a(ASR_Arduino.o) (PWM2_Stop)
.pio/build/cubecell_board/libFrameworkArduino.a(Print.cpp.o)
                              .pio/build/cubecell_board/src/main.cpp.o (Print::printf(char const*, ...))
.pio/build/cubecell_board/libFrameworkArduino.a(Stream.cpp.o)
                              .pio/build/cubecell_board/libFrameworkArduino.a(HardwareSerial.cpp.o) (Stream::readBytes(char*, unsigned int))
.pio/build/cubecell_board/libFrameworkArduino.a(WString.cpp.o)
                              .pio/build/cubecell_board/libFrameworkArduino.a(Stream.cpp.o) (String::String(char const*))
.pio/build/cubecell_board/libFrameworkArduino.a(irq.c.o)
                              /home/moises/.platformio/packages/framework-arduinoasrmicro650x/cores/asr650x/projects/CubeCellLib.a(ASR_Arduino.o) (global_irq_StartEx)
.pio/build/cubecell_board/libFrameworkArduino.a(stdlib_noniso.c.o)
                              .pio/build/cubecell_board/libFrameworkArduino.a(WString.cpp.o) (ltoa)
.pio/build/cubecell_board/libFrameworkArduino.a(radio.c.o)
[...]
Memory Configuration

Name             Origin             Length             Attributes
rom              0x0000000000000000 0x0000000000020000 xr
ram              0x0000000020000000 0x0000000000004000 xrw
*default*        0x0000000000000000 0xffffffffffffffff

Linker script and memory map

LOAD /home/moises/.platformio/packages/toolchain-gccarmnoneeabi/bin/../lib/gcc/arm-none-eabi/9.2.1/thumb/v6-m/nofp/crti.o
LOAD /home/moises/.platformio/packages/toolchain-gccarmnoneeabi/bin/../lib/gcc/arm-none-eabi/9.2.1/thumb/v6-m/nofp/crtbegin.o
LOAD /home/moises/.platformio/packages/toolchain-gccarmnoneeabi/bin/../lib/gcc/arm-none-eabi/9.2.1/../../../../arm-none-eabi/lib/thumb/v6-m/nofp/crt0.o
LOAD .pio/build/cubecell_board/src/main.cpp.o
START GROUP
LOAD /home/moises/.platformio/packages/framework-arduinoasrmicro650x/cores/asr650x/projects/CubeCellLib.a
LOAD .pio/build/cubecell_board/lib3ca/libRGB.a
LOAD .pio/build/cubecell_board/libcd7/libOLED.a
LOAD .pio/build/cubecell_board/libc14/libLoRa.a
LOAD .pio/build/cubecell_board/libFrameworkArduinoVariant.a
LOAD .pio/build/cubecell_board/libFrameworkArduino.a
LOAD /home/moises/.platformio/packages/toolchain-gccarmnoneeabi/bin/../lib/gcc/arm-none-eabi/9.2.1/../../../../arm-none-eabi/lib/thumb/v6-m/nofp/libstdc++_nano.a
END GROUP
LOAD /home/moises/.platformio/packages/toolchain-gccarmnoneeabi/bin/../lib/gcc/arm-none-eabi/9.2.1/../../../../arm-none-eabi/lib/thumb/v6-m/nofp/libstdc++_nano.a
LOAD /home/moises/.platformio/packages/toolchain-gccarmnoneeabi/bin/../lib/gcc/arm-none-eabi/9.2.1/../../../../arm-none-eabi/lib/thumb/v6-m/nofp/libm.a
START GROUP
LOAD /home/moises/.platformio/packages/toolchain-gccarmnoneeabi/bin/../lib/gcc/arm-none-eabi/9.2.1/thumb/v6-m/nofp/libgcc.a
LOAD /home/moises/.platformio/packages/toolchain-gccarmnoneeabi/bin/../lib/gcc/arm-none-eabi/9.2.1/../../../../arm-none-eabi/lib/thumb/v6-m/nofp/libc_nano.a
END GROUP
START GROUP
LOAD /home/moises/.platformio/packages/toolchain-gccarmnoneeabi/bin/../lib/gcc/arm-none-eabi/9.2.1/thumb/v6-m/nofp/libgcc.a
LOAD /home/moises/.platformio/packages/toolchain-gccarmnoneeabi/bin/../lib/gcc/arm-none-eabi/9.2.1/../../../../arm-none-eabi/lib/thumb/v6-m/nofp/libc_nano.a
END GROUP
LOAD /home/moises/.platformio/packages/toolchain-gccarmnoneeabi/bin/../lib/gcc/arm-none-eabi/9.2.1/thumb/v6-m/nofp/crtend.o
LOAD /home/moises/.platformio/packages/toolchain-gccarmnoneeabi/bin/../lib/gcc/arm-none-eabi/9.2.1/thumb/v6-m/nofp/crtn.o
START GROUP
LOAD /home/moises/.platformio/packages/toolchain-gccarmnoneeabi/bin/../lib/gcc/arm-none-eabi/9.2.1/thumb/v6-m/nofp/libgcc.a
LOAD /home/moises/.platformio/packages/toolchain-gccarmnoneeabi/bin/../lib/gcc/arm-none-eabi/9.2.1/../../../../arm-none-eabi/lib/thumb/v6-m/nofp/libc.a
LOAD /home/moises/.platformio/packages/toolchain-gccarmnoneeabi/bin/../lib/gcc/arm-none-eabi/9.2.1/../../../../arm-none-eabi/lib/thumb/v6-m/nofp/libnosys.a
END GROUP
                0x0000000000000000                CY_APPL_ORIGIN = 0x0
                0x0000000000000100                CY_FLASH_ROW_SIZE = 0x100
                0x0000000000000001                CY_APPL_NUM = 0x1
                0x0000000000000001                CY_APPL_MAX = 0x1
                0x0000000000000040                CY_METADATA_SIZE = 0x40
                0x0000000000000001                CY_APPL_LOADABLE = 0x1
                0x0000000000000000                CY_CHECKSUM_EXCLUDE_SIZE = ALIGN (0x0, CY_FLASH_ROW_SIZE)
                0x0000000000000000                CY_APP_FOR_STACK_AND_COPIER = 0x0
                [!provide]                        PROVIDE (__cy_heap_start = _end)
                0x0000000000000001                PROVIDE (__cy_region_num = ((__cy_regions_end - __cy_regions) / 0x10))
                0x0000000020004000                PROVIDE (__cy_stack = (ORIGIN (ram) + LENGTH (ram)))
                [!provide]                        PROVIDE (__cy_heap_end = (__cy_stack - 0x800))

.cybootloader   0x0000000000000000     0x2200
 *(.cybootloader)
 .cybootloader  0x0000000000000000     0x2200 .pio/build/cubecell_board/libFrameworkArduino.a(cybootloader.c.o)
                0x0000000000000000                cy_bootloader
                0x0000000000002200                appl1_start = CY_APPL_ORIGIN?CY_APPL_ORIGIN:ALIGN (CY_FLASH_ROW_SIZE)
                0x0000000000011000                appl2_start = (appl1_start + ALIGN ((((LENGTH (rom) - appl1_start) - (0x2 * CY_FLASH_ROW_SIZE)) / 0x2), CY_FLASH_ROW_SIZE))
                0x0000000000002200                appl_start = (CY_APPL_NUM == 0x1)?appl1_start:appl2_start
                0x0000000000000000                cy_project_type_bootloader = (appl_start == 0x0)?0x1:0x0
                0x0000000000000000                cy_project_type_app_for_stack_and_copier = (CY_APP_FOR_STACK_AND_COPIER == 0x1)?0x1:0x0

.text           0x0000000000002200     0xd7d0
 CREATE_OBJECT_SYMBOLS
                0x0000000000002200                PROVIDE (__cy_interrupt_vector = RomVectors)
 *(.romvectors)
 .romvectors    0x0000000000002200       0x10 .pio/build/cubecell_board/libFrameworkArduino.a(Cm0plusStart.c.o)
                0x0000000000002200                RomVectors
                0x0000000000000001                ASSERT ((. != __cy_interrupt_vector), No interrupt vector)
                0x0000000000000001                ASSERT (CY_APPL_ORIGIN?(SIZEOF (.cybootloader) <= CY_APPL_ORIGIN):0x1, Wrong image location)
                0x0000000000002210                PROVIDE (__cy_reset = Reset)
 *(.text.Reset)
 .text.Reset    0x0000000000002210       0x18 .pio/build/cubecell_board/libFrameworkArduino.a(Cm0plusStart.c.o)
                0x0000000000002210                Reset
                0x0000000000000001                ASSERT ((. != __cy_reset), No reset code)
 *(.psocinit)
 .psocinit      0x0000000000002228      0x1b4 /home/moises/.platformio/packages/framework-arduinoasrmicro650x/cores/asr650x/projects/CubeCellLib.a(cyfitter_cfg.o)
                0x0000000000002228                cyfitter_cfg
                0x00000000000023dc                . = MAX (., 0x100)
 *(.text .text.* .gnu.linkonce.t.*)
 .text.__do_global_dtors_aux
                0x00000000000023dc       0x28 /home/moises/.platformio/packages/toolchain-gccarmnoneeabi/bin/../lib/gcc/arm-none-eabi/9.2.1/thumb/v6-m/nofp/crtbegin.o
 .text.frame_dummy
                0x0000000000002404       0x20 /home/moises/.platformio/packages/toolchain-gccarmnoneeabi/bin/../lib/gcc/arm-none-eabi/9.2.1/thumb/v6-m/nofp/crtbegin.o
 .text.downLinkDataHandle
                0x0000000000002424       0x80 .pio/build/cubecell_board/src/main.cpp.o
                0x0000000000002424                downLinkDataHandle
 .text._Z5setupv
                0x00000000000024a4       0x3c .pio/build/cubecell_board/src/main.cpp.o
                0x00000000000024a4                setup()
 .text._Z4loopv
                0x00000000000024e0       0xa0 .pio/build/cubecell_board/src/main.cpp.o
                0x00000000000024e0                loop()
 .text.print_para_1
                0x0000000000002580       0x20 /home/moises/.platformio/packages/framework-arduinoasrmicro650x/cores/asr650x/projects/CubeCellLib.a(AT_Command.o)
                0x0000000000002580                print_para_1
 .text.netInfoDisable
                0x00000000000025a0       0x1a /home/moises/.platformio/packages/framework-arduinoasrmicro650x/cores/asr650x/projects/CubeCellLib.a(AT_Command.o)
                0x00000000000025a0                netInfoDisable
 *fill*         0x00000000000025ba        0x2 
 .text.saveNetInfo
                0x00000000000025bc       0x58 /home/moises/.platformio/packages/framework-arduinoasrmicro650x/cores/asr650x/projects/CubeCellLib.a(AT_Command.o)
                0x00000000000025bc                saveNetInfo
 .text.checkNetInfo
                0x0000000000002614       0x34 /home/moises/.platformio/packages/framework-arduinoasrmicro650x/cores/asr650x/projects/CubeCellLib.a(AT_Command.o)
                0x0000000000002614                checkNetInfo
 .text.saveDownCnt
                0x0000000000002648       0x40 /home/moises/.platformio/packages/framework-arduinoasrmicro650x/cores/asr650x/projects/CubeCellLib.a(AT_Command.o)
                0x0000000000002648                saveDownCnt
 .text.getNetInfo
                0x0000000000002688      0x120 /home/moises/.platformio/packages/framework-arduinoasrmicro650x/cores/asr650x/projects/CubeCellLib.a(AT_Command.o)
                0x0000000000002688                getNetInfo
 .text.printDevParam
                0x00000000000027a8      0x224 /home/moises/.platformio/packages/framework-arduinoasrmicro650x/cores/asr650x/projects/CubeCellLib.a(AT_Command.o)
                0x00000000000027a8                printDevParam
 .text.UART_1_Enable
                0x00000000000029cc       0x20 /home/moises/.platformio/packages/framework-arduinoasrmicro650x/cores/asr650x/projects/CubeCellLib.a(UART_1.o)
                0x00000000000029cc                UART_1_Enable
 .text.UART_1_Start
                0x00000000000029ec       0x54 /home/moises/.platformio/packages/framework-arduinoasrmicro650x/cores/asr650x/projects/CubeCellLib.a(UART_1.o)
                0x00000000000029ec                UART_1_Start
 .text.globalGpioIsrEntry
                0x0000000000002a40       0x58 /home/moises/.platformio/packages/framework-arduinoasrmicro650x/cores/asr650x/projects/CubeCellLib.a(ASR_Arduino.o)
                0x0000000000002a40                globalGpioIsrEntry
 .text.getID    0x0000000000002a98       0x18 /home/moises/.platformio/packages/framework-arduinoasrmicro650x/cores/asr650x/projects/CubeCellLib.a(ASR_Arduino.o)
                0x0000000000002a98                getID
 .text.license_check
                0x0000000000002ab0      0x268 /home/moises/.platformio/packages/framework-arduinoasrmicro650x/cores/asr650x/projects/CubeCellLib.a(ASR_Arduino.o)
                0x0000000000002ab0                license_check
 .text.pinMode  0x0000000000002d18       0x6c /home/moises/.platformio/packages/framework-arduinoasrmicro650x/cores/asr650x/projects/CubeCellLib.a(ASR_Arduino.o)
                0x0000000000002d18                pinMode
 .text.digitalWrite
                0x0000000000002d84       0x68 /home/moises/.platformio/packages/framework-arduinoasrmicro650x/cores/asr650x/projects/CubeCellLib.a(ASR_Arduino.o)
                0x0000000000002d84                digitalWrite
 .text.digitalRead
                0x0000000000002dec       0x20 /home/moises/.platformio/packages/framework-arduinoasrmicro650x/cores/asr650x/projects/CubeCellLib.a(ASR_Arduino.o)
                0x0000000000002dec                digitalRead
 .text.ClearPinInterrupt
                0x0000000000002e0c       0x1c /home/moises/.platformio/packages/framework-arduinoasrmicro650x/cores/asr650x/projects/CubeCellLib.a(ASR_Arduino.o)
                0x0000000000002e0c                ClearPinInterrupt
 .text.attachInterrupt
                0x0000000000002e28       0x7c /home/moises/.platformio/packages/framework-arduinoasrmicro650x/cores/asr650x/projects/CubeCellLib.a(ASR_Arduino.o)
                0x0000000000002e28                attachInterrupt
 .text.detachInterrupt
                0x0000000000002ea4       0x6c /home/moises/.platformio/packages/framework-arduinoasrmicro650x/cores/asr650x/projects/CubeCellLib.a(ASR_Arduino.o)
                0x0000000000002ea4                detachInterrupt
 .text.analogRead
                0x0000000000002f10       0x70 /home/moises/.platformio/packages/framework-arduinoasrmicro650x/cores/asr650x/projects/CubeCellLib.a(ASR_Arduino.o)
                0x0000000000002f10                analogRead
 .text.delay    0x0000000000002f80        0x8 /home/moises/.platformio/packages/framework-arduinoasrmicro650x/cores/asr650x/projects/CubeCellLib.a(ASR_Arduino.o)
                0x0000000000002f80                delay
 .text.millis   0x0000000000002f88        0xc /home/moises/.platformio/packages/framework-arduinoasrmicro650x/cores/asr650x/projects/CubeCellLib.a(ASR_Arduino.o)
                0x0000000000002f88                millis
 .text.SPI_BUSY_SetDriveMode
                0x0000000000002f94        0x2 /home/moises/.platformio/packages/framework-arduinoasrmicro650x/cores/asr650x/projects/CubeCellLib.a(ASR_Arduino.o)
                0x0000000000002f94                SPI_BUSY_SetDriveMode
 .text.SPI_NRESET_SetDriveMode
                0x0000000000002f96        0x2 /home/moises/.platformio/packages/framework-arduinoasrmicro650x/cores/asr650x/projects/CubeCellLib.a(ASR_Arduino.o)
                0x0000000000002f96                SPI_NRESET_SetDriveMode
 .text.antpow_SetDriveMode
                0x0000000000002f98        0x2 /home/moises/.platformio/packages/framework-arduinoasrmicro650x/cores/asr650x/projects/CubeCellLib.a(ASR_Arduino.o)
                0x0000000000002f98                antpow_SetDriveMode
 .text.SPI_1_miso_m_SetDriveMode
                0x0000000000002f9a        0x2 /home/moises/.platformio/packages/framework-arduinoasrmicro650x/cores/asr650x/projects/CubeCellLib.a(ASR_Arduino.o)
                0x0000000000002f9a                SPI_1_miso_m_SetDriveMode
 .text.SPI_1_mosi_m_SetDriveMode
                0x0000000000002f9c        0x2 /home/moises/.platformio/packages/framework-arduinoasrmicro650x/cores/asr650x/projects/CubeCellLib.a(ASR_Arduino.o)
                0x0000000000002f9c                SPI_1_mosi_m_SetDriveMode
 .text.SPI_1_sclk_m_SetDriveMode
                0x0000000000002f9e        0x2 /home/moises/.platformio/packages/framework-arduinoasrmicro650x/cores/asr650x/projects/CubeCellLib.a(ASR_Arduino.o)
                0x0000000000002f9e                SPI_1_sclk_m_SetDriveMode
 .text.TimeStampsUpdate
                0x0000000000002fa0       0x38 /home/moises/.platformio/packages/framework-arduinoasrmicro650x/cores/asr650x/projects/CubeCellLib.a(timeServer.o)
 .text.TimerSetTimeout
                0x0000000000002fd8       0x10 /home/moises/.platformio/packages/framework-arduinoasrmicro650x/cores/asr650x/projects/CubeCellLib.a(timeServer.o)
 .text.TimerInsertNewHeadTimer
                0x0000000000002fe8       0x1c /home/moises/.platformio/packages/framework-arduinoasrmicro650x/cores/asr650x/projects/CubeCellLib.a(timeServer.o)
 .text.TimerSetSysTime
                0x0000000000003004       0x10 /home/moises/.platformio/packages/framework-arduinoasrmicro650x/cores/asr650x/projects/CubeCellLib.a(timeServer.o)
                0x0000000000003004                TimerSetSysTime
 .text.TimerGetSysTime
                0x0000000000003014       0x28 /home/moises/.platformio/packages/framework-arduinoasrmicro650x/cores/asr650x/projects/CubeCellLib.a(timeServer.o)
                0x0000000000003014                TimerGetSysTime
 .text.TimerInit
                0x000000000000303c        0xe /home/moises/.platformio/packages/framework-arduinoasrmicro650x/cores/asr650x/projects/CubeCellLib.a(timeServer.o)
                0x000000000000303c                TimerInit
 *fill*         0x000000000000304a        0x2 
 .text.TimerStart
                0x000000000000304c       0x88 /home/moises/.platformio/packages/framework-arduinoasrmicro650x/cores/asr650x/projects/CubeCellLib.a(timeServer.o)
                0x000000000000304c                TimerStart
 .text.TimerIrqHandler
                0x00000000000030d4       0x70 /home/moises/.platformio/packages/framework-arduinoasrmicro650x/cores/asr650x/projects/CubeCellLib.a(timeServer.o)
                0x00000000000030d4                TimerIrqHandler
 .text.TimerStop
                0x0000000000003144       0x68 /home/moises/.platformio/packages/framework-arduinoasrmicro650x/cores/asr650x/projects/CubeCellLib.a(timeServer.o)
                0x0000000000003144                TimerStop
 .text.TimerSetValue
                0x00000000000031ac       0x1c /home/moises/.platformio/packages/framework-arduinoasrmicro650x/cores/asr650x/projects/CubeCellLib.a(timeServer.o)
                0x00000000000031ac                TimerSetValue
 .text.TimerGetCurrentTime
                0x00000000000031c8       0x10 /home/moises/.platformio/packages/framework-arduinoasrmicro650x/cores/asr650x/projects/CubeCellLib.a(timeServer.o)
                0x00000000000031c8                TimerGetCurrentTime
 .text.TimerGetElapsedTime
                0x00000000000031d8       0x10 /home/moises/.platformio/packages/framework-arduinoasrmicro650x/cores/asr650x/projects/CubeCellLib.a(timeServer.o)
                0x00000000000031d8                TimerGetElapsedTime
 .text.get_timer_context
                0x00000000000031e8        0xc /home/moises/.platformio/packages/framework-arduinoasrmicro650x/cores/asr650x/projects/CubeCellLib.a(lorawan_port.o)
 .text.set_timer_val
                0x00000000000031f4        0xc /home/moises/.platformio/packages/framework-arduinoasrmicro650x/cores/asr650x/projects/CubeCellLib.a(lorawan_port.o)
 .text.radio_rw_dis
                0x0000000000003200        0x2 /home/moises/.platformio/packages/framework-arduinoasrmicro650x/cores/asr650x/projects/CubeCellLib.a(lorawan_port.o)
 .text.radio_rw
                0x0000000000003202        0x4 /home/moises/.platformio/packages/framework-arduinoasrmicro650x/cores/asr650x/projects/CubeCellLib.a(lorawan_port.o)
 *fill*         0x0000000000003206        0x2 
 .text.RTC_Update_ASR
                0x0000000000003208       0x28 /home/moises/.platformio/packages/framework-arduinoasrmicro650x/cores/asr650x/projects/CubeCellLib.a(lorawan_port.o)
                0x0000000000003208                RTC_Update_ASR
 .text.get_current_time
                0x0000000000003230       0x54 /home/moises/.platformio/packages/framework-arduinoasrmicro650x/cores/asr650x/projects/CubeCellLib.a(lorawan_port.o)
                0x0000000000003230                get_current_time
 .text.get_sys_time
                0x0000000000003284       0x28 /home/moises/.platformio/packages/framework-arduinoasrmicro650x/cores/asr650x/projects/CubeCellLib.a(lorawan_port.o)
                0x0000000000003284                get_sys_time
 .text.set_sys_time
                0x00000000000032ac       0x44 /home/moises/.platformio/packages/framework-arduinoasrmicro650x/cores/asr650x/projects/CubeCellLib.a(lorawan_port.o)
                0x00000000000032ac                set_sys_time
 .text.compute_elapsed_time
                0x00000000000032f0       0x10 /home/moises/.platformio/packages/framework-arduinoasrmicro650x/cores/asr650x/projects/CubeCellLib.a(lorawan_port.o)
 .text.get_timer_elapsed_time
                0x0000000000003300       0x14 /home/moises/.platformio/packages/framework-arduinoasrmicro650x/cores/asr650x/projects/CubeCellLib.a(lorawan_port.o)
 .text.set_timer_context
                0x0000000000003314       0x14 /home/moises/.platformio/packages/framework-arduinoasrmicro650x/cores/asr650x/projects/CubeCellLib.a(lorawan_port.o)
 .text.enter_sleep_mode
                0x0000000000003328        0x8 /home/moises/.platformio/packages/framework-arduinoasrmicro650x/cores/asr650x/projects/CubeCellLib.a(lorawan_port.o)
 .text.set_alarm
                0x0000000000003330       0x20 /home/moises/.platformio/packages/framework-arduinoasrmicro650x/cores/asr650x/projects/CubeCellLib.a(lorawan_port.o)
 .text.set_timeout
                0x0000000000003350       0x2e /home/moises/.platformio/packages/framework-arduinoasrmicro650x/cores/asr650x/projects/CubeCellLib.a(lorawan_port.o)
 .text.AlarmBackHandler
                0x000000000000337e        0x8 /home/moises/.platformio/packages/framework-arduinoasrmicro650x/cores/asr650x/projects/CubeCellLib.a(lorawan_port.o)
 .text.stop_alarm
                0x0000000000003386        0x8 /home/moises/.platformio/packages/framework-arduinoasrmicro650x/cores/asr650x/projects/CubeCellLib.a(lorawan_port.o)
 .text.delay_ms
                0x000000000000338e        0x8 /home/moises/.platformio/packages/framework-arduinoasrmicro650x/cores/asr650x/projects/CubeCellLib.a(lorawan_port.o)
 .text.get_mft_baud
                0x0000000000003396        0x8 /home/moises/.platformio/packages/framework-arduinoasrmicro650x/cores/asr650x/projects/CubeCellLib.a(lorawan_port.o)
 .text.set_mft_baud
                0x000000000000339e        0x8 /home/moises/.platformio/packages/framework-arduinoasrmicro650x/cores/asr650x/projects/CubeCellLib.a(lorawan_port.o)
 .text.get_mft_sn
                0x00000000000033a6        0x8 /home/moises/.platformio/packages/framework-arduinoasrmicro650x/cores/asr650x/projects/CubeCellLib.a(lorawan_port.o)
 .text.get_mft_rev
                0x00000000000033ae        0x8 /home/moises/.platformio/packages/framework-arduinoasrmicro650x/cores/asr650x/projects/CubeCellLib.a(lorawan_port.o)
 .text.get_mft_model
                0x00000000000033b6        0x8 /home/moises/.platformio/packages/framework-arduinoasrmicro650x/cores/asr650x/projects/CubeCellLib.a(lorawan_port.o)
 .text.get_mft_id
                0x00000000000033be        0x8 /home/moises/.platformio/packages/framework-arduinoasrmicro650x/cores/asr650x/projects/CubeCellLib.a(lorawan_port.o)
 .text.radio_rw_en
                0x00000000000033c6        0x2 /home/moises/.platformio/packages/framework-arduinoasrmicro650x/cores/asr650x/projects/CubeCellLib.a(lorawan_port.o)
 .text.exit_stop_mode
                0x00000000000033c8        0x2 /home/moises/.platformio/packages/framework-arduinoasrmicro650x/cores/asr650x/projects/CubeCellLib.a(lorawan_port.o)
 .text.set_uc_wakeup_time
                0x00000000000033ca        0x2 /home/moises/.platformio/packages/framework-arduinoasrmicro650x/cores/asr650x/projects/CubeCellLib.a(lorawan_port.o)
 .text.radio_reset
                0x00000000000033cc        0x2 /home/moises/.platformio/packages/framework-arduinoasrmicro650x/cores/asr650x/projects/CubeCellLib.a(lorawan_port.o)
 .text.radio_reset_cfg_input
                0x00000000000033ce        0x2 /home/moises/.platformio/packages/framework-arduinoasrmicro650x/cores/asr650x/projects/CubeCellLib.a(lorawan_port.o)
 .text.BackupGpioDriveMode
                0x00000000000033d0      0x114 /home/moises/.platformio/packages/framework-arduinoasrmicro650x/cores/asr650x/projects/CubeCellLib.a(lorawan_port.o)
                0x00000000000033d0                BackupGpioDriveMode
 .text.RestoreGpioDriveMode
                0x00000000000034e4      0x118 /home/moises/.platformio/packages/framework-arduinoasrmicro650x/cores/asr650x/projects/CubeCellLib.a(lorawan_port.o)
                0x00000000000034e4                RestoreGpioDriveMode
 .text.SetPinHIZ
                0x00000000000035fc       0x2e /home/moises/.platformio/packages/framework-arduinoasrmicro650x/cores/asr650x/projects/CubeCellLib.a(lorawan_port.o)
                0x00000000000035fc                SetPinHIZ
 .text.UartDeepsleep
                0x000000000000362a       0x28 /home/moises/.platformio/packages/framework-arduinoasrmicro650x/cores/asr650x/projects/CubeCellLib.a(lorawan_port.o)
                0x000000000000362a                UartDeepsleep
 *fill*         0x0000000000003652        0x2 
 .text.enter_stop_mode
                0x0000000000003654       0x3c /home/moises/.platformio/packages/framework-arduinoasrmicro650x/cores/asr650x/projects/CubeCellLib.a(lorawan_port.o)
 .text.RtcInit  0x0000000000003690       0x3c /home/moises/.platformio/packages/framework-arduinoasrmicro650x/cores/asr650x/projects/CubeCellLib.a(lorawan_port.o)
                0x0000000000003690                RtcInit
 .text.Asr_Timer_RegisterAlarmCallback
                0x00000000000036cc       0x10 /home/moises/.platformio/packages/framework-arduinoasrmicro650x/cores/asr650x/projects/CubeCellLib.a(asr_timer.o)
                0x00000000000036cc                Asr_Timer_RegisterAlarmCallback
 .text.Asr_SetTimeout
                0x00000000000036dc       0xc4 /home/moises/.platformio/packages/framework-arduinoasrmicro650x/cores/asr650x/projects/CubeCellLib.a(asr_timer.o)
                0x00000000000036dc                Asr_SetTimeout
 .text.Asr_Timer_Init
                0x00000000000037a0       0x68 /home/moises/.platformio/packages/framework-arduinoasrmicro650x/cores/asr650x/projects/CubeCellLib.a(asr_timer.o)
                0x00000000000037a0                Asr_Timer_Init
 .text.Asr_Timer_Disable
                0x0000000000003808       0x18 /home/moises/.platformio/packages/framework-arduinoasrmicro650x/cores/asr650x/projects/CubeCellLib.a(asr_timer.o)
                0x0000000000003808                Asr_Timer_Disable
 .text.Timer0IsrCallback
                0x0000000000003820       0x1c /home/moises/.platformio/packages/framework-arduinoasrmicro650x/cores/asr650x/projects/CubeCellLib.a(asr_timer.o)
                0x0000000000003820                Timer0IsrCallback
 .text.Timer1IsrCallback
                0x000000000000383c       0x28 /home/moises/.platformio/packages/framework-arduinoasrmicro650x/cores/asr650x/projects/CubeCellLib.a(asr_timer.o)
                0x000000000000383c                Timer1IsrCallback
 .text.systemTimer
                0x0000000000003864       0x10 /home/moises/.platformio/packages/framework-arduinoasrmicro650x/cores/asr650x/projects/CubeCellLib.a(cyfitter_cfg.o)
                0x0000000000003864                systemTimer
 .text.SetAnalogRoutingPumps
                0x0000000000003874       0x1c /home/moises/.platformio/packages/framework-arduinoasrmicro650x/cores/asr650x/projects/CubeCellLib.a(cyfitter_cfg.o)
                0x0000000000003874                SetAnalogRoutingPumps
 .text._ZL11McpsConfirmP12sMcpsConfirm
                0x0000000000003890        0xc .pio/build/cubecell_board/libc14/libLoRa.a(LoRaWan_APP.cpp.o)
 .text._ZL24OnTxNextPacketTimerEventv
                0x000000000000389c       0x68 .pio/build/cubecell_board/libc14/libLoRa.a(LoRaWan_APP.cpp.o)
 .text._ZL14MlmeIndicationP15sMlmeIndication
                0x0000000000003904        0xe .pio/build/cubecell_board/libc14/libLoRa.a(LoRaWan_APP.cpp.o)
 *fill*         0x0000000000003912        0x2 
 .text.turnOnRGB
                0x0000000000003914       0x50 .pio/build/cubecell_board/libc14/libLoRa.a(LoRaWan_APP.cpp.o)
                0x0000000000003914                turnOnRGB
 .text.turnOffRGB
                0x0000000000003964       0x14 .pio/build/cubecell_board/libc14/libLoRa.a(LoRaWan_APP.cpp.o)
                0x0000000000003964                turnOffRGB
 .text.getBatteryVoltage
                0x0000000000003978       0x28 .pio/build/cubecell_board/libc14/libLoRa.a(LoRaWan_APP.cpp.o)
                0x0000000000003978                getBatteryVoltage
 .text.BoardGetBatteryLevel
                0x00000000000039a0       0x7c .pio/build/cubecell_board/libc14/libLoRa.a(LoRaWan_APP.cpp.o)
                0x00000000000039a0                BoardGetBatteryLevel
 .text._ZL14McpsIndicationP15sMcpsIndication
                0x0000000000003a1c       0x84 .pio/build/cubecell_board/libc14/libLoRa.a(LoRaWan_APP.cpp.o)
 .text.dev_time_updated
                0x0000000000003aa0       0x10 .pio/build/cubecell_board/libc14/libLoRa.a(LoRaWan_APP.cpp.o)
                0x0000000000003aa0                dev_time_updated
 .text._ZL11MlmeConfirmP12sMlmeConfirm
                0x0000000000003ab0       0x7c .pio/build/cubecell_board/libc14/libLoRa.a(LoRaWan_APP.cpp.o)
 .text.lwan_dev_params_update
                0x0000000000003b2c       0xa0 .pio/build/cubecell_board/libc14/libLoRa.a(LoRaWan_APP.cpp.o)
                0x0000000000003b2c                lwan_dev_params_update
 .text.SendFrame
                0x0000000000003bcc       0xa8 .pio/build/cubecell_board/libc14/libLoRa.a(LoRaWan_APP.cpp.o)
                0x0000000000003bcc                SendFrame
 .text._ZN12LoRaWanClass4initE12eDeviceClass16eLoRaMacRegion_t
                0x0000000000003c74      0x144 .pio/build/cubecell_board/libc14/libLoRa.a(LoRaWan_APP.cpp.o)
                0x0000000000003c74                LoRaWanClass::init(eDeviceClass, eLoRaMacRegion_t)
 .text._ZN12LoRaWanClass4joinEv
                0x0000000000003db8       0xb0 .pio/build/cubecell_board/libc14/libLoRa.a(LoRaWan_APP.cpp.o)
                0x0000000000003db8                LoRaWanClass::join()
 .text._ZN12LoRaWanClass4sendEv
                0x0000000000003e68       0x3c .pio/build/cubecell_board/libc14/libLoRa.a(LoRaWan_APP.cpp.o)
                0x0000000000003e68                LoRaWanClass::send()
 .text._ZN12LoRaWanClass5cycleEm
                0x0000000000003ea4       0x18 .pio/build/cubecell_board/libc14/libLoRa.a(LoRaWan_APP.cpp.o)
                0x0000000000003ea4                LoRaWanClass::cycle(unsigned long)
 .text._ZN12LoRaWanClass5sleepEv
                0x0000000000003ebc       0x14 .pio/build/cubecell_board/libc14/libLoRa.a(LoRaWan_APP.cpp.o)
                0x0000000000003ebc                LoRaWanClass::sleep()
 .text._ZN12LoRaWanClass10ifskipjoinEv
                0x0000000000003ed0      0x104 .pio/build/cubecell_board/libc14/libLoRa.a(LoRaWan_APP.cpp.o)
                0x0000000000003ed0                LoRaWanClass::ifskipjoin()
 .text.startup._GLOBAL__sub_I_pixels
                0x0000000000003fd4       0x2c .pio/build/cubecell_board/libc14/libLoRa.a(LoRaWan_APP.cpp.o)
 .text._ZN6Stream9readBytesEPhj
                0x0000000000004000        0xa .pio/build/cubecell_board/libFrameworkArduino.a(HardwareSerial.cpp.o)
                0x0000000000004000                Stream::readBytes(unsigned char*, unsigned int)
 .text._ZN14HardwareSerial4peekEv
                0x000000000000400a        0x4 .pio/build/cubecell_board/libFrameworkArduino.a(HardwareSerial.cpp.o)
                0x000000000000400a                HardwareSerial::peek()
 .text._ZN14HardwareSerialD2Ev
                0x000000000000400e        0x2 .pio/build/cubecell_board/libFrameworkArduino.a(HardwareSerial.cpp.o)
                0x000000000000400e                HardwareSerial::~HardwareSerial()
                0x000000000000400e                HardwareSerial::~HardwareSerial()
 .text._ZN14HardwareSerial9availableEv
                0x0000000000004010       0x16 .pio/build/cubecell_board/libFrameworkArduino.a(HardwareSerial.cpp.o)
                0x0000000000004010                HardwareSerial::available()
 .text._ZN14HardwareSerial4readEv
                0x0000000000004026       0x26 .pio/build/cubecell_board/libFrameworkArduino.a(HardwareSerial.cpp.o)
                0x0000000000004026                HardwareSerial::read()
 .text._ZN14HardwareSerial5writeEh
                0x000000000000404c       0x1a .pio/build/cubecell_board/libFrameworkArduino.a(HardwareSerial.cpp.o)
                0x000000000000404c                HardwareSerial::write(unsigned char)
 .text._ZN14HardwareSerial5writeEPKhj
                0x0000000000004066       0x28 .pio/build/cubecell_board/libFrameworkArduino.a(HardwareSerial.cpp.o)
                0x0000000000004066                HardwareSerial::write(unsigned char const*, unsigned int)
 .text._ZN14HardwareSerialD0Ev
                0x000000000000408e        0xe .pio/build/cubecell_board/libFrameworkArduino.a(HardwareSerial.cpp.o)
                0x000000000000408e                HardwareSerial::~HardwareSerial()
 .text._ZN14HardwareSerial5flushEv
                0x000000000000409c       0x2c .pio/build/cubecell_board/libFrameworkArduino.a(HardwareSerial.cpp.o)
                0x000000000000409c                HardwareSerial::flush()
 .text._ZN14HardwareSerial5beginEmmabm
                0x00000000000040c8      0x124 .pio/build/cubecell_board/libFrameworkArduino.a(HardwareSerial.cpp.o)
                0x00000000000040c8                HardwareSerial::begin(unsigned long, unsigned long, signed char, bool, unsigned long)
 .text.startup._GLOBAL__sub_I_Serial
                0x00000000000041ec       0x5c .pio/build/cubecell_board/libFrameworkArduino.a(HardwareSerial.cpp.o)
 .text.SX126xIoInit
                0x0000000000004248       0x44 .pio/build/cubecell_board/libFrameworkArduino.a(asr_board.c.o)
                0x0000000000004248                SX126xIoInit
 .text.SX126xIoIrqInit
                0x000000000000428c       0x14 .pio/build/cubecell_board/libFrameworkArduino.a(asr_board.c.o)
                0x000000000000428c                SX126xIoIrqInit
 .text.SX126xGetBoardTcxoWakeupTime
                0x00000000000042a0        0x4 .pio/build/cubecell_board/libFrameworkArduino.a(asr_board.c.o)
                0x00000000000042a0                SX126xGetBoardTcxoWakeupTime
 .text.SX126xReset
                0x00000000000042a4       0x50 .pio/build/cubecell_board/libFrameworkArduino.a(asr_board.c.o)
                0x00000000000042a4                SX126xReset
 .text.SX126xWaitOnBusy
                0x00000000000042f4       0x14 .pio/build/cubecell_board/libFrameworkArduino.a(asr_board.c.o)
                0x00000000000042f4                SX126xWaitOnBusy
 .text.SX126xWakeup
                0x0000000000004308       0x38 .pio/build/cubecell_board/libFrameworkArduino.a(asr_board.c.o)
                0x0000000000004308                SX126xWakeup
 .text.SX126xWriteCommand
                0x0000000000004340       0x50 .pio/build/cubecell_board/libFrameworkArduino.a(asr_board.c.o)
                0x0000000000004340                SX126xWriteCommand
 .text.SX126xReadCommand
                0x0000000000004390       0x54 .pio/build/cubecell_board/libFrameworkArduino.a(asr_board.c.o)
                0x0000000000004390                SX126xReadCommand
 .text.SX126xWriteRegisters
                0x00000000000043e4       0x5c .pio/build/cubecell_board/libFrameworkArduino.a(asr_board.c.o)
                0x00000000000043e4                SX126xWriteRegisters
 .text.SX126xWriteRegister
                0x0000000000004440       0x12 .pio/build/cubecell_board/libFrameworkArduino.a(asr_board.c.o)
                0x0000000000004440                SX126xWriteRegister
 *fill*         0x0000000000004452        0x2 
 .text.SX126xReadRegisters
                0x0000000000004454       0x64 .pio/build/cubecell_board/libFrameworkArduino.a(asr_board.c.o)
                0x0000000000004454                SX126xReadRegisters
 .text.SX126xReadRegister
                0x00000000000044b8       0x12 .pio/build/cubecell_board/libFrameworkArduino.a(asr_board.c.o)
                0x00000000000044b8                SX126xReadRegister
 *fill*         0x00000000000044ca        0x2 
 .text.SX126xWriteBuffer
                0x00000000000044cc       0x54 .pio/build/cubecell_board/libFrameworkArduino.a(asr_board.c.o)
                0x00000000000044cc                SX126xWriteBuffer
 .text.SX126xReadBuffer
                0x0000000000004520       0x5c .pio/build/cubecell_board/libFrameworkArduino.a(asr_board.c.o)
                0x0000000000004520                SX126xReadBuffer
 .text.SX126xSetRfTxPower
                0x000000000000457c        0xa .pio/build/cubecell_board/libFrameworkArduino.a(asr_board.c.o)
                0x000000000000457c                SX126xSetRfTxPower
 .text.SX126xGetPaSelect
                0x0000000000004586        0x4 .pio/build/cubecell_board/libFrameworkArduino.a(asr_board.c.o)
                0x0000000000004586                SX126xGetPaSelect
 .text.SX126xAntSwOn
                0x000000000000458a        0x2 .pio/build/cubecell_board/libFrameworkArduino.a(asr_board.c.o)
                0x000000000000458a                SX126xAntSwOn
 .text.SX126xAntSwOff
                0x000000000000458c        0x2 .pio/build/cubecell_board/libFrameworkArduino.a(asr_board.c.o)
                0x000000000000458c                SX126xAntSwOff
 .text.BoardDisableIrq
                0x000000000000458e        0x4 .pio/build/cubecell_board/libFrameworkArduino.a(asr_board.c.o)
                0x000000000000458e                BoardDisableIrq
 .text.BoardEnableIrq
                0x0000000000004592        0x4 .pio/build/cubecell_board/libFrameworkArduino.a(asr_board.c.o)
                0x0000000000004592                BoardEnableIrq
 *fill*         0x0000000000004596        0x2 
 .text.boardInitMcu
                0x0000000000004598       0x4c .pio/build/cubecell_board/libFrameworkArduino.a(asr_board.c.o)
                0x0000000000004598                boardInitMcu
 .text.HW_Get_MFT_ID
                0x00000000000045e4        0x8 .pio/build/cubecell_board/libFrameworkArduino.a(asr_board.c.o)
                0x00000000000045e4                HW_Get_MFT_ID
 .text.HW_Get_MFT_Model
                0x00000000000045ec        0x8 .pio/build/cubecell_board/libFrameworkArduino.a(asr_board.c.o)
                0x00000000000045ec                HW_Get_MFT_Model
 .text.HW_Get_MFT_Rev
                0x00000000000045f4        0x8 .pio/build/cubecell_board/libFrameworkArduino.a(asr_board.c.o)
                0x00000000000045f4                HW_Get_MFT_Rev
 .text.HW_Get_MFT_SN
                0x00000000000045fc       0x24 .pio/build/cubecell_board/libFrameworkArduino.a(asr_board.c.o)
                0x00000000000045fc                HW_Get_MFT_SN
 .text.HW_Set_MFT_Baud
                0x0000000000004620       0x64 .pio/build/cubecell_board/libFrameworkArduino.a(asr_board.c.o)
                0x0000000000004620                HW_Set_MFT_Baud
 .text.HW_Get_MFT_Baud
                0x0000000000004684        0xc .pio/build/cubecell_board/libFrameworkArduino.a(asr_board.c.o)
                0x0000000000004684                HW_Get_MFT_Baud
 .text.GpioInit
                0x0000000000004690       0x12 .pio/build/cubecell_board/libFrameworkArduino.a(gpio.c.o)
                0x0000000000004690                GpioInit
 .text.GpioSetInterrupt
                0x00000000000046a2        0x8 .pio/build/cubecell_board/libFrameworkArduino.a(gpio.c.o)
                0x00000000000046a2                GpioSetInterrupt
 .text.GpioWrite
                0x00000000000046aa        0x8 .pio/build/cubecell_board/libFrameworkArduino.a(gpio.c.o)
                0x00000000000046aa                GpioWrite
 .text.GpioRead
                0x00000000000046b2        0x8 .pio/build/cubecell_board/libFrameworkArduino.a(gpio.c.o)
                0x00000000000046b2                GpioRead
 .text.SpiInit  0x00000000000046ba        0x8 .pio/build/cubecell_board/libFrameworkArduino.a(spi-board.c.o)
                0x00000000000046ba                SpiInit
 *fill*         0x00000000000046c2        0x2 
 .text.SpiInOut
                0x00000000000046c4       0x34 .pio/build/cubecell_board/libFrameworkArduino.a(spi-board.c.o)
                0x00000000000046c4                SpiInOut
 .text.ADC_SAR_Seq_Init
                0x00000000000046f8       0xd8 .pio/build/cubecell_board/libFrameworkArduino.a(ADC_SAR_Seq.c.o)
                0x00000000000046f8                ADC_SAR_Seq_Init
 .text.ADC_SAR_Seq_Enable
                0x00000000000047d0       0x2c .pio/build/cubecell_board/libFrameworkArduino.a(ADC_SAR_Seq.c.o)
                0x00000000000047d0                ADC_SAR_Seq_Enable
 .text.ADC_SAR_Seq_Start
                0x00000000000047fc       0x1c .pio/build/cubecell_board/libFrameworkArduino.a(ADC_SAR_Seq.c.o)
                0x00000000000047fc                ADC_SAR_Seq_Start
 .text.ADC_SAR_Seq_Stop
                0x0000000000004818       0x10 .pio/build/cubecell_board/libFrameworkArduino.a(ADC_SAR_Seq.c.o)
                0x0000000000004818                ADC_SAR_Seq_Stop
 .text.ADC_SAR_Seq_StartConvert
                0x0000000000004828        0xc .pio/build/cubecell_board/libFrameworkArduino.a(ADC_SAR_Seq.c.o)
                0x0000000000004828                ADC_SAR_Seq_StartConvert
 .text.ADC_SAR_Seq_StopConvert
                0x0000000000004834        0x2 .pio/build/cubecell_board/libFrameworkArduino.a(ADC_SAR_Seq.c.o)
                0x0000000000004834                ADC_SAR_Seq_StopConvert
 *fill*         0x0000000000004836        0x2 
 .text.ADC_SAR_Seq_IsEndConversion
                0x0000000000004838       0x2c .pio/build/cubecell_board/libFrameworkArduino.a(ADC_SAR_Seq.c.o)
                0x0000000000004838                ADC_SAR_Seq_IsEndConversion
 .text.ADC_SAR_Seq_GetResult16
                0x0000000000004864       0x20 .pio/build/cubecell_board/libFrameworkArduino.a(ADC_SAR_Seq.c.o)
                0x0000000000004864                ADC_SAR_Seq_GetResult16
 .text.ADC_SAR_Seq_CountsTo_mVolts
                0x0000000000004884       0x50 .pio/build/cubecell_board/libFrameworkArduino.a(ADC_SAR_Seq.c.o)
                0x0000000000004884                ADC_SAR_Seq_CountsTo_mVolts
 .text.ADC_SAR_Seq_ISR
                0x00000000000048d4        0xc .pio/build/cubecell_board/libFrameworkArduino.a(ADC_SAR_Seq_INT.c.o)
                0x00000000000048d4                ADC_SAR_Seq_ISR
 .text.PWM1_Stop
                0x00000000000048e0       0x34 .pio/build/cubecell_board/libFrameworkArduino.a(PWM1.c.o)
                0x00000000000048e0                PWM1_Stop
 .text.PWM2_Stop
                0x0000000000004914       0x34 .pio/build/cubecell_board/libFrameworkArduino.a(PWM2.c.o)
                0x0000000000004914                PWM2_Stop
 .text._ZN5Print5writeEPKc
                0x0000000000004948       0x1c .pio/build/cubecell_board/libFrameworkArduino.a(Print.cpp.o)
                0x0000000000004948                Print::write(char const*)
 .text._ZN5Print6printfEPKcz
                0x0000000000004964       0x5a .pio/build/cubecell_board/libFrameworkArduino.a(Print.cpp.o)
                0x0000000000004964                Print::printf(char const*, ...)
 .text._ZN5Print5printEPKc
                0x00000000000049be        0x8 .pio/build/cubecell_board/libFrameworkArduino.a(Print.cpp.o)
                0x00000000000049be                Print::print(char const*)
 *fill*         0x00000000000049c6        0x2 
 .text._ZN5Print7printlnEv
                0x00000000000049c8       0x10 .pio/build/cubecell_board/libFrameworkArduino.a(Print.cpp.o)
                0x00000000000049c8                Print::println()
 .text._ZN5Print7printlnEPKc
                0x00000000000049d8       0x14 .pio/build/cubecell_board/libFrameworkArduino.a(Print.cpp.o)
                0x00000000000049d8                Print::println(char const*)
 .text._ZN6Stream9timedReadEv
                0x00000000000049ec       0x2a .pio/build/cubecell_board/libFrameworkArduino.a(Stream.cpp.o)
                0x00000000000049ec                Stream::timedRead()
 .text._ZN6Stream9readBytesEPcj
                0x0000000000004a16       0x22 .pio/build/cubecell_board/libFrameworkArduino.a(Stream.cpp.o)
                0x0000000000004a16                Stream::readBytes(char*, unsigned int)
 .text._ZN6Stream10readStringEv
                0x0000000000004a38       0x28 .pio/build/cubecell_board/libFrameworkArduino.a(Stream.cpp.o)
                0x0000000000004a38                Stream::readString()
 .text._ZN6String10invalidateEv
                0x0000000000004a60       0x18 .pio/build/cubecell_board/libFrameworkArduino.a(WString.cpp.o)
                0x0000000000004a60                String::invalidate()
 .text._ZN6String12changeBufferEj
                0x0000000000004a78       0x3a .pio/build/cubecell_board/libFrameworkArduino.a(WString.cpp.o)
                0x0000000000004a78                String::changeBuffer(unsigned int)
 .text._ZN6String7reserveEj
                0x0000000000004ab2       0x2a .pio/build/cubecell_board/libFrameworkArduino.a(WString.cpp.o)
                0x0000000000004ab2                String::reserve(unsigned int)
 .text._ZN6String4copyEPKcj
                0x0000000000004adc       0x28 .pio/build/cubecell_board/libFrameworkArduino.a(WString.cpp.o)
                0x0000000000004adc                String::copy(char const*, unsigned int)
 .text._ZN6StringC2EPKc
                0x0000000000004b04       0x26 .pio/build/cubecell_board/libFrameworkArduino.a(WString.cpp.o)
                0x0000000000004b04                String::String(char const*)
                0x0000000000004b04                String::String(char const*)
 .text._ZN6String6concatEPKcj
                0x0000000000004b2a       0x32 .pio/build/cubecell_board/libFrameworkArduino.a(WString.cpp.o)
                0x0000000000004b2a                String::concat(char const*, unsigned int)
 .text._ZN6String6concatEc
                0x0000000000004b5c       0x16 .pio/build/cubecell_board/libFrameworkArduino.a(WString.cpp.o)
                0x0000000000004b5c                String::concat(char)
 *fill*         0x0000000000004b72        0x2 
 .text.global_irq_SetPriority
                0x0000000000004b74       0x20 .pio/build/cubecell_board/libFrameworkArduino.a(irq.c.o)
                0x0000000000004b74                global_irq_SetPriority
 .text.global_irq_StartEx
                0x0000000000004b94       0x24 .pio/build/cubecell_board/libFrameworkArduino.a(irq.c.o)
                0x0000000000004b94                global_irq_StartEx
 .text.global_irq_Disable
                0x0000000000004bb8        0xc .pio/build/cubecell_board/libFrameworkArduino.a(irq.c.o)
                0x0000000000004bb8                global_irq_Disable
 .text.RadioCheckRfFrequency
                0x0000000000004bc4        0x4 .pio/build/cubecell_board/libFrameworkArduino.a(radio.c.o)
                0x0000000000004bc4                RadioCheckRfFrequency
 .text.RadioOnDioIrq
                0x0000000000004bc8        0xc .pio/build/cubecell_board/libFrameworkArduino.a(radio.c.o)
                0x0000000000004bc8                RadioOnDioIrq
 .text.RadioStandby
                0x0000000000004bd4        0xa .pio/build/cubecell_board/libFrameworkArduino.a(radio.c.o)
                0x0000000000004bd4                RadioStandby
 *fill*         0x0000000000004bde        0x2 
 .text.RadioInit
                0x0000000000004be0       0x6c .pio/build/cubecell_board/libFrameworkArduino.a(radio.c.o)
                0x0000000000004be0                RadioInit
 .text.RadioGetStatus
                0x0000000000004c4c       0x1a .pio/build/cubecell_board/libFrameworkArduino.a(radio.c.o)
                0x0000000000004c4c                RadioGetStatus
 .text.RadioSetChannel
                0x0000000000004c66        0x8 .pio/build/cubecell_board/libFrameworkArduino.a(radio.c.o)
                0x0000000000004c66                RadioSetChannel
 .text.RadioRssi
                0x0000000000004c6e        0xa .pio/build/cubecell_board/libFrameworkArduino.a(radio.c.o)
                0x0000000000004c6e                RadioRssi
 .text.RadioSyncWord
                0x0000000000004c78       0x10 .pio/build/cubecell_board/libFrameworkArduino.a(radio.c.o)
                0x0000000000004c78                RadioSyncWord
 .text.RadioSend
                0x0000000000004c88       0x58 .pio/build/cubecell_board/libFrameworkArduino.a(radio.c.o)
                0x0000000000004c88                RadioSend
 .text.RadioSleep
                0x0000000000004ce0       0x10 .pio/build/cubecell_board/libFrameworkArduino.a(radio.c.o)
                0x0000000000004ce0                RadioSleep
 .text.RadioSetRxDutyCycle
                0x0000000000004cf0        0x8 .pio/build/cubecell_board/libFrameworkArduino.a(radio.c.o)
                0x0000000000004cf0                RadioSetRxDutyCycle
 .text.RadioStartCad
                0x0000000000004cf8       0x64 .pio/build/cubecell_board/libFrameworkArduino.a(radio.c.o)
                0x0000000000004cf8                RadioStartCad
 .text.RadioSetTxContinuousWave
                0x0000000000004d5c       0x44 .pio/build/cubecell_board/libFrameworkArduino.a(radio.c.o)
                0x0000000000004d5c                RadioSetTxContinuousWave
 .text.RadioWrite
                0x0000000000004da0        0x8 .pio/build/cubecell_board/libFrameworkArduino.a(radio.c.o)
                0x0000000000004da0                RadioWrite
 .text.RadioRead
                0x0000000000004da8        0x8 .pio/build/cubecell_board/libFrameworkArduino.a(radio.c.o)
                0x0000000000004da8                RadioRead
 .text.RadioWriteBuffer
                0x0000000000004db0        0x8 .pio/build/cubecell_board/libFrameworkArduino.a(radio.c.o)
                0x0000000000004db0                RadioWriteBuffer
 .text.RadioReadBuffer
                0x0000000000004db8        0x8 .pio/build/cubecell_board/libFrameworkArduino.a(radio.c.o)
                0x0000000000004db8                RadioReadBuffer
 .text.RadioGetWakeupTime
                0x0000000000004dc0        0xa .pio/build/cubecell_board/libFrameworkArduino.a(radio.c.o)
                0x0000000000004dc0                RadioGetWakeupTime
 *fill*         0x0000000000004dca        0x2 
 .text.RadioOnTxTimeoutIrq
                0x0000000000004dcc       0x20 .pio/build/cubecell_board/libFrameworkArduino.a(radio.c.o)
                0x0000000000004dcc                RadioOnTxTimeoutIrq
 .text.RadioOnRxTimeoutIrq
                0x0000000000004dec       0x20 .pio/build/cubecell_board/libFrameworkArduino.a(radio.c.o)
                0x0000000000004dec                RadioOnRxTimeoutIrq
 .text.RadioOnCadTimeoutIrq
                0x0000000000004e0c       0x20 .pio/build/cubecell_board/libFrameworkArduino.a(radio.c.o)
                0x0000000000004e0c                RadioOnCadTimeoutIrq
 .text.RadioGetFskBandwidthRegValue
                0x0000000000004e2c       0x34 .pio/build/cubecell_board/libFrameworkArduino.a(radio.c.o)
 .text.RadioSetMaxPayloadLength
                0x0000000000004e60       0x38 .pio/build/cubecell_board/libFrameworkArduino.a(radio.c.o)
                0x0000000000004e60                RadioSetMaxPayloadLength
 .text.RadioRx  0x0000000000004e98       0x54 .pio/build/cubecell_board/libFrameworkArduino.a(radio.c.o)
                0x0000000000004e98                RadioRx
 .text.RadioRxBoosted
                0x0000000000004eec       0x48 .pio/build/cubecell_board/libFrameworkArduino.a(radio.c.o)
                0x0000000000004eec                RadioRxBoosted
 .text.RadioIrqProcess
                0x0000000000004f34      0x13c .pio/build/cubecell_board/libFrameworkArduino.a(radio.c.o)
                0x0000000000004f34                RadioIrqProcess
 .text.RadioSetPublicNetwork
                0x0000000000005070       0x40 .pio/build/cubecell_board/libFrameworkArduino.a(radio.c.o)
                0x0000000000005070                RadioSetPublicNetwork
 .text.RadioSetModem.part.0
                0x00000000000050b0       0x20 .pio/build/cubecell_board/libFrameworkArduino.a(radio.c.o)
 .text.RadioSetModem
                0x00000000000050d0       0x20 .pio/build/cubecell_board/libFrameworkArduino.a(radio.c.o)
                0x00000000000050d0                RadioSetModem
 .text.RadioIsChannelFree
                0x00000000000050f0       0x50 .pio/build/cubecell_board/libFrameworkArduino.a(radio.c.o)
                0x00000000000050f0                RadioIsChannelFree
 .text.RadioRandom
                0x0000000000005140       0x38 .pio/build/cubecell_board/libFrameworkArduino.a(radio.c.o)
                0x0000000000005140                RadioRandom
 .text.RadioSymbTime
                0x0000000000005178       0x2c .pio/build/cubecell_board/libFrameworkArduino.a(radio.c.o)
                0x0000000000005178                RadioSymbTime
 .text.RadioSetRxConfig
                0x00000000000051a4      0x21c .pio/build/cubecell_board/libFrameworkArduino.a(radio.c.o)
                0x00000000000051a4                RadioSetRxConfig
 .text.RadioSetTxConfig
                0x00000000000053c0      0x1a0 .pio/build/cubecell_board/libFrameworkArduino.a(radio.c.o)
                0x00000000000053c0                RadioSetTxConfig
 .text.RadioTimeOnAir
                0x0000000000005560      0x198 .pio/build/cubecell_board/libFrameworkArduino.a(radio.c.o)
                0x0000000000005560                RadioTimeOnAir
 .text.SX126xGetOperatingMode
                0x00000000000056f8        0xc .pio/build/cubecell_board/libFrameworkArduino.a(sx126x.c.o)
                0x00000000000056f8                SX126xGetOperatingMode
 .text.SX126xSetOperatingMode
                0x0000000000005704        0xc .pio/build/cubecell_board/libFrameworkArduino.a(sx126x.c.o)
                0x0000000000005704                SX126xSetOperatingMode
 .text.SX126xCheckDeviceReady
                0x0000000000005710       0x24 .pio/build/cubecell_board/libFrameworkArduino.a(sx126x.c.o)
                0x0000000000005710                SX126xCheckDeviceReady
 .text.SX126xSetPayload
                0x0000000000005734        0xe .pio/build/cubecell_board/libFrameworkArduino.a(sx126x.c.o)
                0x0000000000005734                SX126xSetPayload
 *fill*         0x0000000000005742        0x2 
 .text.SX126xSetSyncWord
                0x0000000000005744       0x3c .pio/build/cubecell_board/libFrameworkArduino.a(sx126x.c.o)
                0x0000000000005744                SX126xSetSyncWord
 .text.SX126xSetCrcSeed
                0x0000000000005780       0x24 .pio/build/cubecell_board/libFrameworkArduino.a(sx126x.c.o)
                0x0000000000005780                SX126xSetCrcSeed
 .text.SX126xSetCrcPolynomial
                0x00000000000057a4       0x24 .pio/build/cubecell_board/libFrameworkArduino.a(sx126x.c.o)
                0x00000000000057a4                SX126xSetCrcPolynomial
 .text.SX126xSetWhiteningSeed
                0x00000000000057c8       0x3c .pio/build/cubecell_board/libFrameworkArduino.a(sx126x.c.o)
                0x00000000000057c8                SX126xSetWhiteningSeed
 .text.SX126xSetSleep
                0x0000000000005804       0x20 .pio/build/cubecell_board/libFrameworkArduino.a(sx126x.c.o)
                0x0000000000005804                SX126xSetSleep
 .text.SX126xSetStandby
                0x0000000000005824       0x28 .pio/build/cubecell_board/libFrameworkArduino.a(sx126x.c.o)
                0x0000000000005824                SX126xSetStandby
 .text.SX126xSetTx
                0x000000000000584c       0x24 .pio/build/cubecell_board/libFrameworkArduino.a(sx126x.c.o)
                0x000000000000584c                SX126xSetTx
 .text.SX126xSendPayload
                0x0000000000005870       0x10 .pio/build/cubecell_board/libFrameworkArduino.a(sx126x.c.o)
                0x0000000000005870                SX126xSendPayload
 .text.SX126xSetRx
                0x0000000000005880       0x24 .pio/build/cubecell_board/libFrameworkArduino.a(sx126x.c.o)
                0x0000000000005880                SX126xSetRx
 .text.SX126xSetRxBoosted
                0x00000000000058a4       0x30 .pio/build/cubecell_board/libFrameworkArduino.a(sx126x.c.o)
                0x00000000000058a4                SX126xSetRxBoosted
 .text.SX126xSetRxDutyCycle
                0x00000000000058d4       0x2c .pio/build/cubecell_board/libFrameworkArduino.a(sx126x.c.o)
                0x00000000000058d4                SX126xSetRxDutyCycle
 .text.SX126xSetCad
                0x0000000000005900       0x18 .pio/build/cubecell_board/libFrameworkArduino.a(sx126x.c.o)
                0x0000000000005900                SX126xSetCad
 .text.SX126xSetTxContinuousWave
                0x0000000000005918        0xe .pio/build/cubecell_board/libFrameworkArduino.a(sx126x.c.o)
                0x0000000000005918                SX126xSetTxContinuousWave
 .text.SX126xSetStopRxTimerOnPreambleDetect
                0x0000000000005926       0x12 .pio/build/cubecell_board/libFrameworkArduino.a(sx126x.c.o)
                0x0000000000005926                SX126xSetStopRxTimerOnPreambleDetect
 .text.SX126xSetLoRaSymbNumTimeout
                0x0000000000005938       0x12 .pio/build/cubecell_board/libFrameworkArduino.a(sx126x.c.o)
                0x0000000000005938                SX126xSetLoRaSymbNumTimeout
 .text.SX126xSetRegulatorMode
                0x000000000000594a       0x12 .pio/build/cubecell_board/libFrameworkArduino.a(sx126x.c.o)
                0x000000000000594a                SX126xSetRegulatorMode
 .text.SX126xCalibrate
                0x000000000000595c       0x10 .pio/build/cubecell_board/libFrameworkArduino.a(sx126x.c.o)
                0x000000000000595c                SX126xCalibrate
 .text.SX126xCalibrateImage
                0x000000000000596c       0x68 .pio/build/cubecell_board/libFrameworkArduino.a(sx126x.c.o)
                0x000000000000596c                SX126xCalibrateImage
 .text.SX126xSetPaConfig
                0x00000000000059d4       0x18 .pio/build/cubecell_board/libFrameworkArduino.a(sx126x.c.o)
                0x00000000000059d4                SX126xSetPaConfig
 .text.SX126xSetDioIrqParams
                0x00000000000059ec       0x20 .pio/build/cubecell_board/libFrameworkArduino.a(sx126x.c.o)
                0x00000000000059ec                SX126xSetDioIrqParams
 .text.SX126xGetIrqStatus
                0x0000000000005a0c       0x1a .pio/build/cubecell_board/libFrameworkArduino.a(sx126x.c.o)
                0x0000000000005a0c                SX126xGetIrqStatus
 .text.SX126xSetDio2AsRfSwitchCtrl
                0x0000000000005a26       0x12 .pio/build/cubecell_board/libFrameworkArduino.a(sx126x.c.o)
                0x0000000000005a26                SX126xSetDio2AsRfSwitchCtrl
 .text.SX126xSetDio3AsTcxoCtrl
                0x0000000000005a38       0x1e .pio/build/cubecell_board/libFrameworkArduino.a(sx126x.c.o)
                0x0000000000005a38                SX126xSetDio3AsTcxoCtrl
 *fill*         0x0000000000005a56        0x2 
 .text.SX126xInit
                0x0000000000005a58       0x4c .pio/build/cubecell_board/libFrameworkArduino.a(sx126x.c.o)
                0x0000000000005a58                SX126xInit
 .text.SX126xSetRfFrequency
                0x0000000000005aa4       0x40 .pio/build/cubecell_board/libFrameworkArduino.a(sx126x.c.o)
                0x0000000000005aa4                SX126xSetRfFrequency
 .text.SX126xSetPacketType
                0x0000000000005ae4       0x1c .pio/build/cubecell_board/libFrameworkArduino.a(sx126x.c.o)
                0x0000000000005ae4                SX126xSetPacketType
 .text.SX126xGetPacketType
                0x0000000000005b00        0xc .pio/build/cubecell_board/libFrameworkArduino.a(sx126x.c.o)
                0x0000000000005b00                SX126xGetPacketType
 .text.SX126xSetTxParams
                0x0000000000005b0c       0xb4 .pio/build/cubecell_board/libFrameworkArduino.a(sx126x.c.o)
                0x0000000000005b0c                SX126xSetTxParams
 .text.SX126xSetModulationParams
                0x0000000000005bc0       0xa0 .pio/build/cubecell_board/libFrameworkArduino.a(sx126x.c.o)
                0x0000000000005bc0                SX126xSetModulationParams
 .text.SX126xSetPacketParams
                0x0000000000005c60       0xa8 .pio/build/cubecell_board/libFrameworkArduino.a(sx126x.c.o)
                0x0000000000005c60                SX126xSetPacketParams
 .text.SX126xSetCadParams
                0x0000000000005d08       0x30 .pio/build/cubecell_board/libFrameworkArduino.a(sx126x.c.o)
                0x0000000000005d08                SX126xSetCadParams
 .text.SX126xSetBufferBaseAddress
                0x0000000000005d38       0x14 .pio/build/cubecell_board/libFrameworkArduino.a(sx126x.c.o)
                0x0000000000005d38                SX126xSetBufferBaseAddress
 .text.SX126xGetRssiInst
                0x0000000000005d4c       0x16 .pio/build/cubecell_board/libFrameworkArduino.a(sx126x.c.o)
                0x0000000000005d4c                SX126xGetRssiInst
 *fill*         0x0000000000005d62        0x2 
 .text.SX126xGetRxBufferStatus
                0x0000000000005d64       0x4c .pio/build/cubecell_board/libFrameworkArduino.a(sx126x.c.o)
                0x0000000000005d64                SX126xGetRxBufferStatus
 .text.SX126xGetPayload
                0x0000000000005db0       0x2c .pio/build/cubecell_board/libFrameworkArduino.a(sx126x.c.o)
                0x0000000000005db0                SX126xGetPayload
 .text.SX126xGetPacketStatus
                0x0000000000005ddc       0x78 .pio/build/cubecell_board/libFrameworkArduino.a(sx126x.c.o)
                0x0000000000005ddc                SX126xGetPacketStatus
 .text.SX126xClearIrqStatus
                0x0000000000005e54       0x12 .pio/build/cubecell_board/libFrameworkArduino.a(sx126x.c.o)
                0x0000000000005e54                SX126xClearIrqStatus
 *fill*         0x0000000000005e66        0x2 
 .text.SetMlmeScheduleUplinkIndication
                0x0000000000005e68       0x14 .pio/build/cubecell_board/libFrameworkArduino.a(LoRaMac.c.o)
 .text.AddMacCommand
                0x0000000000005e7c      0x188 .pio/build/cubecell_board/libFrameworkArduino.a(LoRaMac.c.o)
 .text.ResetMacParameters
                0x0000000000006004       0x9c .pio/build/cubecell_board/libFrameworkArduino.a(LoRaMac.c.o)
 .text.OnAckTimeoutTimerEvent
                0x00000000000060a0       0x44 .pio/build/cubecell_board/libFrameworkArduino.a(LoRaMac.c.o)
 .text.ValidatePayloadLength
                0x00000000000060e4       0x60 .pio/build/cubecell_board/libFrameworkArduino.a(LoRaMac.c.o)
 .text.PrepareRxDoneAbort
                0x0000000000006144       0x40 .pio/build/cubecell_board/libFrameworkArduino.a(LoRaMac.c.o)
 .text.ProcessMacCommands
                0x0000000000006184      0x428 .pio/build/cubecell_board/libFrameworkArduino.a(LoRaMac.c.o)
 .text.OnRadioRxDone
                0x00000000000065ac      0x5e8 .pio/build/cubecell_board/libFrameworkArduino.a(LoRaMac.c.o)
                0x00000000000065ac                OnRadioRxDone
 .text.RxWindowSetup
                0x0000000000006b94       0x18 .pio/build/cubecell_board/libFrameworkArduino.a(LoRaMac.c.o)
 .text.OnRxWindow2TimerEvent
                0x0000000000006bac       0x8c .pio/build/cubecell_board/libFrameworkArduino.a(LoRaMac.c.o)
 .text.OpenContinuousRx2Window
                0x0000000000006c38       0x14 .pio/build/cubecell_board/libFrameworkArduino.a(LoRaMac.c.o)
 .text.OnRadioRxTimeout
                0x0000000000006c4c      0x108 .pio/build/cubecell_board/libFrameworkArduino.a(LoRaMac.c.o)
 .text.OnRadioTxTimeout
                0x0000000000006d54       0x50 .pio/build/cubecell_board/libFrameworkArduino.a(LoRaMac.c.o)
 .text.OnRadioRxError
                0x0000000000006da4      0x104 .pio/build/cubecell_board/libFrameworkArduino.a(LoRaMac.c.o)
 .text.OnRadioTxDone
                0x0000000000006ea8      0x15c .pio/build/cubecell_board/libFrameworkArduino.a(LoRaMac.c.o)
 .text.OnRxWindow1TimerEvent
                0x0000000000007004       0x88 .pio/build/cubecell_board/libFrameworkArduino.a(LoRaMac.c.o)
 .text.PrepareFrame
                0x000000000000708c      0x344 .pio/build/cubecell_board/libFrameworkArduino.a(LoRaMac.c.o)
                0x000000000000708c                PrepareFrame
 .text.SendFrameOnChannel
                0x00000000000073d0      0x124 .pio/build/cubecell_board/libFrameworkArduino.a(LoRaMac.c.o)
                0x00000000000073d0                SendFrameOnChannel
 .text.ScheduleTx
                0x00000000000074f4      0x1c4 .pio/build/cubecell_board/libFrameworkArduino.a(LoRaMac.c.o)
 .text.Send     0x00000000000076b8       0x4c .pio/build/cubecell_board/libFrameworkArduino.a(LoRaMac.c.o)
                0x00000000000076b8                Send
 .text.OnTxDelayedTimerEvent
                0x0000000000007704       0x74 .pio/build/cubecell_board/libFrameworkArduino.a(LoRaMac.c.o)
 .text.OnMacStateCheckTimerEvent
                0x0000000000007778      0x324 .pio/build/cubecell_board/libFrameworkArduino.a(LoRaMac.c.o)
 .text.SetTxContinuousWave
                0x0000000000007a9c       0x64 .pio/build/cubecell_board/libFrameworkArduino.a(LoRaMac.c.o)
                0x0000000000007a9c                SetTxContinuousWave
 .text.SetTxContinuousWave1
                0x0000000000007b00       0x3c .pio/build/cubecell_board/libFrameworkArduino.a(LoRaMac.c.o)
                0x0000000000007b00                SetTxContinuousWave1
 .text.LoRaMacInitialization
                0x0000000000007b3c      0x2f0 .pio/build/cubecell_board/libFrameworkArduino.a(LoRaMac.c.o)
                0x0000000000007b3c                LoRaMacInitialization
 .text.LoRaMacQueryTxPossible
                0x0000000000007e2c      0x164 .pio/build/cubecell_board/libFrameworkArduino.a(LoRaMac.c.o)
                0x0000000000007e2c                LoRaMacQueryTxPossible
 .text.LoRaMacMibGetRequestConfirm
                0x0000000000007f90      0x13c .pio/build/cubecell_board/libFrameworkArduino.a(LoRaMac.c.o)
                0x0000000000007f90                LoRaMacMibGetRequestConfirm
 .text.LoRaMacChannelAdd
                0x00000000000080cc       0x34 .pio/build/cubecell_board/libFrameworkArduino.a(LoRaMac.c.o)
                0x00000000000080cc                LoRaMacChannelAdd
 .text.LoRaMacMulticastChannelLink
                0x0000000000008100       0x3c .pio/build/cubecell_board/libFrameworkArduino.a(LoRaMac.c.o)
                0x0000000000008100                LoRaMacMulticastChannelLink
 .text.LoRaMacMulticastChannelUnlink
                0x000000000000813c       0x40 .pio/build/cubecell_board/libFrameworkArduino.a(LoRaMac.c.o)
                0x000000000000813c                LoRaMacMulticastChannelUnlink
 .text.LoRaMacMibSetRequestConfirm
                0x000000000000817c      0x378 .pio/build/cubecell_board/libFrameworkArduino.a(LoRaMac.c.o)
                0x000000000000817c                LoRaMacMibSetRequestConfirm
 .text.LoRaMacMlmeRequest
                0x00000000000084f4      0x228 .pio/build/cubecell_board/libFrameworkArduino.a(LoRaMac.c.o)
                0x00000000000084f4                LoRaMacMlmeRequest
 .text.LoRaMacMcpsRequest
                0x000000000000871c      0x170 .pio/build/cubecell_board/libFrameworkArduino.a(LoRaMac.c.o)
                0x000000000000871c                LoRaMacMcpsRequest
 .text.LoRaMacClassBInit
                0x000000000000888c        0x2 .pio/build/cubecell_board/libFrameworkArduino.a(LoRaMacClassB.c.o)
                0x000000000000888c                LoRaMacClassBInit
 .text.LoRaMacClassBSetBeaconState
                0x000000000000888e        0x2 .pio/build/cubecell_board/libFrameworkArduino.a(LoRaMacClassB.c.o)
                0x000000000000888e                LoRaMacClassBSetBeaconState
 .text.LoRaMacClassBSetPingSlotState
                0x0000000000008890        0x2 .pio/build/cubecell_board/libFrameworkArduino.a(LoRaMacClassB.c.o)
                0x0000000000008890                LoRaMacClassBSetPingSlotState
 .text.LoRaMacClassBSetMulticastSlotState
                0x0000000000008892        0x2 .pio/build/cubecell_board/libFrameworkArduino.a(LoRaMacClassB.c.o)
                0x0000000000008892                LoRaMacClassBSetMulticastSlotState
 .text.LoRaMacClassBIsAcquisitionInProgress
                0x0000000000008894        0x4 .pio/build/cubecell_board/libFrameworkArduino.a(LoRaMacClassB.c.o)
                0x0000000000008894                LoRaMacClassBIsAcquisitionInProgress
 .text.LoRaMacClassBBeaconTimerEvent
                0x0000000000008898        0x2 .pio/build/cubecell_board/libFrameworkArduino.a(LoRaMacClassB.c.o)
                0x0000000000008898                LoRaMacClassBBeaconTimerEvent
 .text.LoRaMacClassBPingSlotTimerEvent
                0x000000000000889a        0x2 .pio/build/cubecell_board/libFrameworkArduino.a(LoRaMacClassB.c.o)
                0x000000000000889a                LoRaMacClassBPingSlotTimerEvent
 .text.LoRaMacClassBMulticastSlotTimerEvent
                0x000000000000889c        0x2 .pio/build/cubecell_board/libFrameworkArduino.a(LoRaMacClassB.c.o)
                0x000000000000889c                LoRaMacClassBMulticastSlotTimerEvent
 .text.LoRaMacClassBRxBeacon
                0x000000000000889e        0x4 .pio/build/cubecell_board/libFrameworkArduino.a(LoRaMacClassB.c.o)
                0x000000000000889e                LoRaMacClassBRxBeacon
 .text.LoRaMacClassBIsBeaconExpected
                0x00000000000088a2        0x4 .pio/build/cubecell_board/libFrameworkArduino.a(LoRaMacClassB.c.o)
                0x00000000000088a2                LoRaMacClassBIsBeaconExpected
 .text.LoRaMacClassBIsPingExpected
                0x00000000000088a6        0x4 .pio/build/cubecell_board/libFrameworkArduino.a(LoRaMacClassB.c.o)
                0x00000000000088a6                LoRaMacClassBIsPingExpected
 .text.LoRaMacClassBIsMulticastExpected
                0x00000000000088aa        0x4 .pio/build/cubecell_board/libFrameworkArduino.a(LoRaMacClassB.c.o)
                0x00000000000088aa                LoRaMacClassBIsMulticastExpected
 .text.LoRaMacClassBIsBeaconModeActive
                0x00000000000088ae        0x4 .pio/build/cubecell_board/libFrameworkArduino.a(LoRaMacClassB.c.o)
                0x00000000000088ae                LoRaMacClassBIsBeaconModeActive
 .text.LoRaMacClassBSetPingSlotInfo
                0x00000000000088b2        0x2 .pio/build/cubecell_board/libFrameworkArduino.a(LoRaMacClassB.c.o)
                0x00000000000088b2                LoRaMacClassBSetPingSlotInfo
 .text.LoRaMacClassBHaltBeaconing
                0x00000000000088b4        0x2 .pio/build/cubecell_board/libFrameworkArduino.a(LoRaMacClassB.c.o)
                0x00000000000088b4                LoRaMacClassBHaltBeaconing
 .text.LoRaMacClassBResumeBeaconing
                0x00000000000088b6        0x2 .pio/build/cubecell_board/libFrameworkArduino.a(LoRaMacClassB.c.o)
                0x00000000000088b6                LoRaMacClassBResumeBeaconing
 .text.LoRaMacClassBSwitchClass
                0x00000000000088b8        0x4 .pio/build/cubecell_board/libFrameworkArduino.a(LoRaMacClassB.c.o)
                0x00000000000088b8                LoRaMacClassBSwitchClass
 .text.LoRaMacClassBMibGetRequestConfirm
                0x00000000000088bc        0x4 .pio/build/cubecell_board/libFrameworkArduino.a(LoRaMacClassB.c.o)
                0x00000000000088bc                LoRaMacClassBMibGetRequestConfirm
 .text.LoRaMacMibClassBSetRequestConfirm
                0x00000000000088c0        0x4 .pio/build/cubecell_board/libFrameworkArduino.a(LoRaMacClassB.c.o)
                0x00000000000088c0                LoRaMacMibClassBSetRequestConfirm
 .text.LoRaMacClassBPingSlotInfoAns
                0x00000000000088c4        0x2 .pio/build/cubecell_board/libFrameworkArduino.a(LoRaMacClassB.c.o)
                0x00000000000088c4                LoRaMacClassBPingSlotInfoAns
 .text.LoRaMacClassBPingSlotChannelReq
                0x00000000000088c6        0x4 .pio/build/cubecell_board/libFrameworkArduino.a(LoRaMacClassB.c.o)
                0x00000000000088c6                LoRaMacClassBPingSlotChannelReq
 .text.LoRaMacClassBBeaconTimingAns
                0x00000000000088ca        0x2 .pio/build/cubecell_board/libFrameworkArduino.a(LoRaMacClassB.c.o)
                0x00000000000088ca                LoRaMacClassBBeaconTimingAns
 .text.LoRaMacClassBDeviceTimeAns
                0x00000000000088cc        0x2 .pio/build/cubecell_board/libFrameworkArduino.a(LoRaMacClassB.c.o)
                0x00000000000088cc                LoRaMacClassBDeviceTimeAns
 .text.LoRaMacClassBBeaconFreqReq
                0x00000000000088ce        0x4 .pio/build/cubecell_board/libFrameworkArduino.a(LoRaMacClassB.c.o)
                0x00000000000088ce                LoRaMacClassBBeaconFreqReq
 .text.LoRaMacClassBIsUplinkCollision
                0x00000000000088d2        0x6 .pio/build/cubecell_board/libFrameworkArduino.a(LoRaMacClassB.c.o)
                0x00000000000088d2                LoRaMacClassBIsUplinkCollision
 .text.LoRaMacClassBStopRxSlots
                0x00000000000088d8        0x2 .pio/build/cubecell_board/libFrameworkArduino.a(LoRaMacClassB.c.o)
                0x00000000000088d8                LoRaMacClassBStopRxSlots
 .text.LoRaMacClassBSetMulticastPeriodicity
                0x00000000000088da        0x2 .pio/build/cubecell_board/libFrameworkArduino.a(LoRaMacClassB.c.o)
                0x00000000000088da                LoRaMacClassBSetMulticastPeriodicity
 .text.LoRaMacConfirmQueueInit
                0x00000000000088dc       0x28 .pio/build/cubecell_board/libFrameworkArduino.a(LoRaMacConfirmQueue.c.o)
                0x00000000000088dc                LoRaMacConfirmQueueInit
 .text.LoRaMacConfirmQueueAdd
                0x0000000000008904       0x3c .pio/build/cubecell_board/libFrameworkArduino.a(LoRaMacConfirmQueue.c.o)
                0x0000000000008904                LoRaMacConfirmQueueAdd
 .text.LoRaMacConfirmQueueRemoveLast
                0x0000000000008940       0x28 .pio/build/cubecell_board/libFrameworkArduino.a(LoRaMacConfirmQueue.c.o)
                0x0000000000008940                LoRaMacConfirmQueueRemoveLast
 .text.LoRaMacConfirmQueueRemoveFirst
                0x0000000000008968       0x28 .pio/build/cubecell_board/libFrameworkArduino.a(LoRaMacConfirmQueue.c.o)
                0x0000000000008968                LoRaMacConfirmQueueRemoveFirst
 .text.LoRaMacConfirmQueueSetStatus
                0x0000000000008990       0x38 .pio/build/cubecell_board/libFrameworkArduino.a(LoRaMacConfirmQueue.c.o)
                0x0000000000008990                LoRaMacConfirmQueueSetStatus
 .text.LoRaMacConfirmQueueGetStatus
                0x00000000000089c8       0x38 .pio/build/cubecell_board/libFrameworkArduino.a(LoRaMacConfirmQueue.c.o)
                0x00000000000089c8                LoRaMacConfirmQueueGetStatus
 .text.LoRaMacConfirmQueueSetStatusCmn
                0x0000000000008a00       0x38 .pio/build/cubecell_board/libFrameworkArduino.a(LoRaMacConfirmQueue.c.o)
                0x0000000000008a00                LoRaMacConfirmQueueSetStatusCmn
 .text.LoRaMacConfirmQueueGetStatusCmn
                0x0000000000008a38        0xc .pio/build/cubecell_board/libFrameworkArduino.a(LoRaMacConfirmQueue.c.o)
                0x0000000000008a38                LoRaMacConfirmQueueGetStatusCmn
 .text.LoRaMacConfirmQueueIsCmdActive
                0x0000000000008a44       0x30 .pio/build/cubecell_board/libFrameworkArduino.a(LoRaMacConfirmQueue.c.o)
                0x0000000000008a44                LoRaMacConfirmQueueIsCmdActive
 .text.LoRaMacConfirmQueueHandleCb
                0x0000000000008a74       0x54 .pio/build/cubecell_board/libFrameworkArduino.a(LoRaMacConfirmQueue.c.o)
                0x0000000000008a74                LoRaMacConfirmQueueHandleCb
 .text.LoRaMacConfirmQueueGetCnt
                0x0000000000008ac8        0xc .pio/build/cubecell_board/libFrameworkArduino.a(LoRaMacConfirmQueue.c.o)
                0x0000000000008ac8                LoRaMacConfirmQueueGetCnt
 .text.LoRaMacConfirmQueueIsFull
                0x0000000000008ad4       0x14 .pio/build/cubecell_board/libFrameworkArduino.a(LoRaMacConfirmQueue.c.o)
                0x0000000000008ad4                LoRaMacConfirmQueueIsFull
 .text.LoRaMacComputeMic
                0x0000000000008ae8       0x84 .pio/build/cubecell_board/libFrameworkArduino.a(LoRaMacCrypto.c.o)
                0x0000000000008ae8                LoRaMacComputeMic
 .text.LoRaMacPayloadEncrypt
                0x0000000000008b6c       0xe0 .pio/build/cubecell_board/libFrameworkArduino.a(LoRaMacCrypto.c.o)
                0x0000000000008b6c                LoRaMacPayloadEncrypt
 .text.LoRaMacPayloadDecrypt
                0x0000000000008c4c       0x1a .pio/build/cubecell_board/libFrameworkArduino.a(LoRaMacCrypto.c.o)
                0x0000000000008c4c                LoRaMacPayloadDecrypt
 *fill*         0x0000000000008c66        0x2 
 .text.LoRaMacJoinComputeMic
                0x0000000000008c68       0x50 .pio/build/cubecell_board/libFrameworkArduino.a(LoRaMacCrypto.c.o)
                0x0000000000008c68                LoRaMacJoinComputeMic
 .text.LoRaMacJoinDecrypt
                0x0000000000008cb8       0x44 .pio/build/cubecell_board/libFrameworkArduino.a(LoRaMacCrypto.c.o)
                0x0000000000008cb8                LoRaMacJoinDecrypt
 .text.LoRaMacJoinComputeSKeys
                0x0000000000008cfc       0x9c .pio/build/cubecell_board/libFrameworkArduino.a(LoRaMacCrypto.c.o)
                0x0000000000008cfc                LoRaMacJoinComputeSKeys
 .text.RegionIsActive
                0x0000000000008d98        0xa .pio/build/cubecell_board/libFrameworkArduino.a(Region.c.o)
                0x0000000000008d98                RegionIsActive
 .text.RegionGetPhyParam
                0x0000000000008da2       0x18 .pio/build/cubecell_board/libFrameworkArduino.a(Region.c.o)
                0x0000000000008da2                RegionGetPhyParam
 .text.RegionSetBandTxDone
                0x0000000000008dba        0xe .pio/build/cubecell_board/libFrameworkArduino.a(Region.c.o)
                0x0000000000008dba                RegionSetBandTxDone
 .text.RegionInitDefaults
                0x0000000000008dc8        0xe .pio/build/cubecell_board/libFrameworkArduino.a(Region.c.o)
                0x0000000000008dc8                RegionInitDefaults
 .text.RegionVerify
                0x0000000000008dd6       0x18 .pio/build/cubecell_board/libFrameworkArduino.a(Region.c.o)
                0x0000000000008dd6                RegionVerify
 .text.RegionApplyCFList
                0x0000000000008dee        0xe .pio/build/cubecell_board/libFrameworkArduino.a(Region.c.o)
                0x0000000000008dee                RegionApplyCFList
 .text.RegionChanMaskSet
                0x0000000000008dfc       0x14 .pio/build/cubecell_board/libFrameworkArduino.a(Region.c.o)
                0x0000000000008dfc                RegionChanMaskSet
 .text.RegionAdrNext
                0x0000000000008e10       0x1c .pio/build/cubecell_board/libFrameworkArduino.a(Region.c.o)
                0x0000000000008e10                RegionAdrNext
 .text.RegionComputeRxWindowParameters
                0x0000000000008e2c       0x16 .pio/build/cubecell_board/libFrameworkArduino.a(Region.c.o)
                0x0000000000008e2c                RegionComputeRxWindowParameters
 .text.RegionRxConfig
                0x0000000000008e42       0x18 .pio/build/cubecell_board/libFrameworkArduino.a(Region.c.o)
                0x0000000000008e42                RegionRxConfig
 .text.RegionTxConfig
                0x0000000000008e5a       0x1a .pio/build/cubecell_board/libFrameworkArduino.a(Region.c.o)
                0x0000000000008e5a                RegionTxConfig
 .text.RegionLinkAdrReq
                0x0000000000008e74       0x20 .pio/build/cubecell_board/libFrameworkArduino.a(Region.c.o)
                0x0000000000008e74                RegionLinkAdrReq
 .text.RegionRxParamSetupReq
                0x0000000000008e94       0x14 .pio/build/cubecell_board/libFrameworkArduino.a(Region.c.o)
                0x0000000000008e94                RegionRxParamSetupReq
 .text.RegionNewChannelReq
                0x0000000000008ea8       0x14 .pio/build/cubecell_board/libFrameworkArduino.a(Region.c.o)
                0x0000000000008ea8                RegionNewChannelReq
 .text.RegionTxParamSetupReq
                0x0000000000008ebc       0x14 .pio/build/cubecell_board/libFrameworkArduino.a(Region.c.o)
                0x0000000000008ebc                RegionTxParamSetupReq
 .text.RegionDlChannelReq
                0x0000000000008ed0       0x14 .pio/build/cubecell_board/libFrameworkArduino.a(Region.c.o)
                0x0000000000008ed0                RegionDlChannelReq
 .text.RegionAlternateDr
                0x0000000000008ee4       0x14 .pio/build/cubecell_board/libFrameworkArduino.a(Region.c.o)
                0x0000000000008ee4                RegionAlternateDr
 .text.RegionCalcBackOff
                0x0000000000008ef8        0xe .pio/build/cubecell_board/libFrameworkArduino.a(Region.c.o)
                0x0000000000008ef8                RegionCalcBackOff
 .text.RegionNextChannel
                0x0000000000008f06       0x1c .pio/build/cubecell_board/libFrameworkArduino.a(Region.c.o)
                0x0000000000008f06                RegionNextChannel
 .text.RegionChannelAdd
                0x0000000000008f22       0x14 .pio/build/cubecell_board/libFrameworkArduino.a(Region.c.o)
                0x0000000000008f22                RegionChannelAdd
 .text.RegionSetContinuousWave
                0x0000000000008f36        0xe .pio/build/cubecell_board/libFrameworkArduino.a(Region.c.o)
                0x0000000000008f36                RegionSetContinuousWave
 .text.RegionApplyDrOffset
                0x0000000000008f44       0x1a .pio/build/cubecell_board/libFrameworkArduino.a(Region.c.o)
                0x0000000000008f44                RegionApplyDrOffset
 *fill*         0x0000000000008f5e        0x2 
 .text.VerifyTxFreq
                0x0000000000008f60       0x9c .pio/build/cubecell_board/libFrameworkArduino.a(RegionEU868.c.o)
 .text.RegionEU868GetPhyParam
                0x0000000000008ffc      0x10c .pio/build/cubecell_board/libFrameworkArduino.a(RegionEU868.c.o)
                0x0000000000008ffc                RegionEU868GetPhyParam
 .text.RegionEU868SetBandTxDone
                0x0000000000009108       0x28 .pio/build/cubecell_board/libFrameworkArduino.a(RegionEU868.c.o)
                0x0000000000009108                RegionEU868SetBandTxDone
 .text.RegionEU868InitDefaults
                0x0000000000009130       0x54 .pio/build/cubecell_board/libFrameworkArduino.a(RegionEU868.c.o)
                0x0000000000009130                RegionEU868InitDefaults
 .text.RegionEU868Verify
                0x0000000000009184       0x54 .pio/build/cubecell_board/libFrameworkArduino.a(RegionEU868.c.o)
                0x0000000000009184                RegionEU868Verify
 .text.RegionEU868ChanMaskSet
                0x00000000000091d8       0x34 .pio/build/cubecell_board/libFrameworkArduino.a(RegionEU868.c.o)
                0x00000000000091d8                RegionEU868ChanMaskSet
 .text.RegionEU868AdrNext
                0x000000000000920c       0x74 .pio/build/cubecell_board/libFrameworkArduino.a(RegionEU868.c.o)
                0x000000000000920c                RegionEU868AdrNext
 .text.RegionEU868ComputeRxWindowParameters
                0x0000000000009280       0x78 .pio/build/cubecell_board/libFrameworkArduino.a(RegionEU868.c.o)
                0x0000000000009280                RegionEU868ComputeRxWindowParameters
 .text.RegionEU868RxConfig
                0x00000000000092f8       0xf4 .pio/build/cubecell_board/libFrameworkArduino.a(RegionEU868.c.o)
                0x00000000000092f8                RegionEU868RxConfig
 .text.RegionEU868TxConfig
                0x00000000000093ec      0x138 .pio/build/cubecell_board/libFrameworkArduino.a(RegionEU868.c.o)
                0x00000000000093ec                RegionEU868TxConfig
 .text.RegionEU868LinkAdrReq
                0x0000000000009524      0x128 .pio/build/cubecell_board/libFrameworkArduino.a(RegionEU868.c.o)
                0x0000000000009524                RegionEU868LinkAdrReq
 .text.RegionEU868RxParamSetupReq
                0x000000000000964c       0x48 .pio/build/cubecell_board/libFrameworkArduino.a(RegionEU868.c.o)
                0x000000000000964c                RegionEU868RxParamSetupReq
 .text.RegionEU868TxParamSetupReq
                0x0000000000009694        0x6 .pio/build/cubecell_board/libFrameworkArduino.a(RegionEU868.c.o)
                0x0000000000009694                RegionEU868TxParamSetupReq
 *fill*         0x000000000000969a        0x2 
 .text.RegionEU868DlChannelReq
                0x000000000000969c       0x40 .pio/build/cubecell_board/libFrameworkArduino.a(RegionEU868.c.o)
                0x000000000000969c                RegionEU868DlChannelReq
 .text.RegionEU868AlternateDr
                0x00000000000096dc       0x3c .pio/build/cubecell_board/libFrameworkArduino.a(RegionEU868.c.o)
                0x00000000000096dc                RegionEU868AlternateDr
 .text.RegionEU868CalcBackOff
                0x0000000000009718       0x88 .pio/build/cubecell_board/libFrameworkArduino.a(RegionEU868.c.o)
                0x0000000000009718                RegionEU868CalcBackOff
 .text.RegionEU868NextChannel
                0x00000000000097a0      0x150 .pio/build/cubecell_board/libFrameworkArduino.a(RegionEU868.c.o)
                0x00000000000097a0                RegionEU868NextChannel
 .text.RegionEU868ChannelAdd
                0x00000000000098f0       0xcc .pio/build/cubecell_board/libFrameworkArduino.a(RegionEU868.c.o)
                0x00000000000098f0                RegionEU868ChannelAdd
 .text.RegionEU868ChannelsRemove
                0x00000000000099bc       0x30 .pio/build/cubecell_board/libFrameworkArduino.a(RegionEU868.c.o)
                0x00000000000099bc                RegionEU868ChannelsRemove
 .text.RegionEU868ApplyCFList
                0x00000000000099ec       0x6e .pio/build/cubecell_board/libFrameworkArduino.a(RegionEU868.c.o)
                0x00000000000099ec                RegionEU868ApplyCFList
 *fill*         0x0000000000009a5a        0x2 
 .text.RegionEU868NewChannelReq
                0x0000000000009a5c       0x40 .pio/build/cubecell_board/libFrameworkArduino.a(RegionEU868.c.o)
                0x0000000000009a5c                RegionEU868NewChannelReq
 .text.RegionEU868SetContinuousWave
                0x0000000000009a9c       0x50 .pio/build/cubecell_board/libFrameworkArduino.a(RegionEU868.c.o)
                0x0000000000009a9c                RegionEU868SetContinuousWave
 .text.RegionEU868ApplyDrOffset
                0x0000000000009aec       0x10 .pio/build/cubecell_board/libFrameworkArduino.a(RegionEU868.c.o)
                0x0000000000009aec                RegionEU868ApplyDrOffset
 .text.xor_block
                0x0000000000009afc       0x82 .pio/build/cubecell_board/libFrameworkArduino.a(aes.c.o)
 .text.copy_and_key
                0x0000000000009b7e       0x84 .pio/build/cubecell_board/libFrameworkArduino.a(aes.c.o)
 *fill*         0x0000000000009c02        0x2 
 .text.aes_set_key
                0x0000000000009c04      0x10c .pio/build/cubecell_board/libFrameworkArduino.a(aes.c.o)
                0x0000000000009c04                aes_set_key
 .text.aes_encrypt
                0x0000000000009d10      0x28c .pio/build/cubecell_board/libFrameworkArduino.a(aes.c.o)
                0x0000000000009d10                aes_encrypt
 .text.AES_CMAC_Init
                0x0000000000009f9c       0x1e .pio/build/cubecell_board/libFrameworkArduino.a(cmac.c.o)
                0x0000000000009f9c                AES_CMAC_Init
 .text.AES_CMAC_SetKey
                0x0000000000009fba       0x12 .pio/build/cubecell_board/libFrameworkArduino.a(cmac.c.o)
                0x0000000000009fba                AES_CMAC_SetKey
 .text.AES_CMAC_Update
                0x0000000000009fcc       0xba .pio/build/cubecell_board/libFrameworkArduino.a(cmac.c.o)
                0x0000000000009fcc                AES_CMAC_Update
 .text.AES_CMAC_Final
                0x000000000000a086      0x14e .pio/build/cubecell_board/libFrameworkArduino.a(cmac.c.o)
                0x000000000000a086                AES_CMAC_Final
 .text.DelayMs  0x000000000000a1d4       0x10 .pio/build/cubecell_board/libFrameworkArduino.a(delay.c.o)
                0x000000000000a1d4                DelayMs
 .text.lowPowerHandler
                0x000000000000a1e4       0x6c .pio/build/cubecell_board/libFrameworkArduino.a(low_power.c.o)
                0x000000000000a1e4                lowPowerHandler
 .text.rand1    0x000000000000a250       0x2c .pio/build/cubecell_board/libFrameworkArduino.a(utilities.c.o)
                0x000000000000a250                rand1
 .text.srand1   0x000000000000a27c        0xc .pio/build/cubecell_board/libFrameworkArduino.a(utilities.c.o)
                0x000000000000a27c                srand1
 .text.randr    0x000000000000a288       0x16 .pio/build/cubecell_board/libFrameworkArduino.a(utilities.c.o)
                0x000000000000a288                randr
 .text.memcpy1  0x000000000000a29e       0x12 .pio/build/cubecell_board/libFrameworkArduino.a(utilities.c.o)
                0x000000000000a29e                memcpy1
 .text.memcpyr  0x000000000000a2b0       0x18 .pio/build/cubecell_board/libFrameworkArduino.a(utilities.c.o)
                0x000000000000a2b0                memcpyr
 .text.memset1  0x000000000000a2c8       0x18 .pio/build/cubecell_board/libFrameworkArduino.a(utilities.c.o)
                0x000000000000a2c8                memset1
 .text.startup.main
                0x000000000000a2e0       0x10 .pio/build/cubecell_board/libFrameworkArduino.a(main.cpp.o)
                0x000000000000a2e0                main
 .text.FLASH_update
                0x000000000000a2f0      0x118 .pio/build/cubecell_board/libFrameworkArduino.a(flash_port.c.o)
                0x000000000000a2f0                FLASH_update
 .text.FLASH_read_at
                0x000000000000a408       0x16 .pio/build/cubecell_board/libFrameworkArduino.a(flash_port.c.o)
                0x000000000000a408                FLASH_read_at
 *fill*         0x000000000000a41e        0x2 
 .text          0x000000000000a420       0x28 .pio/build/cubecell_board/libFrameworkArduino.a(port_s.S.o)
                0x000000000000a420                cpu_intrpt_save
                0x000000000000a428                cpu_intrpt_restore
                0x000000000000a42e                cpu_task_switch
                0x000000000000a436                cpu_intrpt_switch
 .text.printchar
                0x000000000000a448       0x26 .pio/build/cubecell_board/libFrameworkArduino.a(printf.c.o)
 .text.prints   0x000000000000a46e       0x8e .pio/build/cubecell_board/libFrameworkArduino.a(printf.c.o)
 .text.printi   0x000000000000a4fc       0xfc .pio/build/cubecell_board/libFrameworkArduino.a(printf.c.o)
 .text.tiny_print
                0x000000000000a5f8      0x1d8 .pio/build/cubecell_board/libFrameworkArduino.a(printf.c.o)
 .text.__wrap_printf
                0x000000000000a7d0       0x1a .pio/build/cubecell_board/libFrameworkArduino.a(printf.c.o)
                0x000000000000a7d0                __wrap_printf
 .text.__wrap_sprintf
                0x000000000000a7ea       0x1c .pio/build/cubecell_board/libFrameworkArduino.a(printf.c.o)
                0x000000000000a7ea                __wrap_sprintf
 *fill*         0x000000000000a806        0x2 
 .text.uart_pre_deepsleep
                0x000000000000a808       0x78 .pio/build/cubecell_board/libFrameworkArduino.a(uart_port.c.o)
                0x000000000000a808                uart_pre_deepsleep
 .text.IntDefaultHandler
                0x000000000000a880       0x10 .pio/build/cubecell_board/libFrameworkArduino.a(Cm0plusStart.c.o)
                0x000000000000a880                IntDefaultHandler
 .text._exit    0x000000000000a890        0xa .pio/build/cubecell_board/libFrameworkArduino.a(Cm0plusStart.c.o)
                0x000000000000a890                _exit
 *fill*         0x000000000000a89a        0x2 
 .text._sbrk    0x000000000000a89c       0x30 .pio/build/cubecell_board/libFrameworkArduino.a(Cm0plusStart.c.o)
                0x000000000000a89c                _sbrk
 .text.Start_c  0x000000000000a8cc       0x48 .pio/build/cubecell_board/libFrameworkArduino.a(Cm0plusStart.c.o)
                0x000000000000a8cc                Start_c
 .text.startup.initialize_psoc
                0x000000000000a914       0x48 .pio/build/cubecell_board/libFrameworkArduino.a(Cm0plusStart.c.o)
                0x000000000000a914                initialize_psoc
 *fill*         0x000000000000a95c        0x4 
 .text          0x000000000000a960       0x20 .pio/build/cubecell_board/libFrameworkArduino.a(CyBootAsmGnu.S.o)
                0x000000000000a960                CyDelayCycles
                0x000000000000a972                CyEnterCriticalSection
                0x000000000000a97a                CyExitCriticalSection
 .text.CySysFlashClockBackup.part.0
                0x000000000000a980       0x18 .pio/build/cubecell_board/libFrameworkArduino.a(CyFlash.c.o)
 .text.CySysFlashClockBackup
                0x000000000000a998       0x40 .pio/build/cubecell_board/libFrameworkArduino.a(CyFlash.c.o)
 .text.CySysFlashClockConfig
                0x000000000000a9d8       0x34 .pio/build/cubecell_board/libFrameworkArduino.a(CyFlash.c.o)
 .text.CySysFlashClockRestore
                0x000000000000aa0c       0x40 .pio/build/cubecell_board/libFrameworkArduino.a(CyFlash.c.o)
 .text.CySysFlashWriteRow
                0x000000000000aa4c       0xe4 .pio/build/cubecell_board/libFrameworkArduino.a(CyFlash.c.o)
                0x000000000000aa4c                CySysFlashWriteRow
 .text.CySysFlashSetWaitCycles
                0x000000000000ab30       0x54 .pio/build/cubecell_board/libFrameworkArduino.a(CyFlash.c.o)
                0x000000000000ab30                CySysFlashSetWaitCycles
 .text.CySysSFlashWriteUserRow
                0x000000000000ab84       0xd4 .pio/build/cubecell_board/libFrameworkArduino.a(CyFlash.c.o)
                0x000000000000ab84                CySysSFlashWriteUserRow
 .text.CySysClkWcoSetHighPowerMode
                0x000000000000ac58       0x38 .pio/build/cubecell_board/libFrameworkArduino.a(CyLFClk.c.o)
 .text.CySysClkWcoStart
                0x000000000000ac90       0x18 .pio/build/cubecell_board/libFrameworkArduino.a(CyLFClk.c.o)
                0x000000000000ac90                CySysClkWcoStart
 .text.CySysClkWcoEnabled
                0x000000000000aca8        0xc .pio/build/cubecell_board/libFrameworkArduino.a(CyLFClk.c.o)
                0x000000000000aca8                CySysClkWcoEnabled
 .text.CySysWdtDisable
                0x000000000000acb4       0x10 .pio/build/cubecell_board/libFrameworkArduino.a(CyLFClk.c.o)
                0x000000000000acb4                CySysWdtDisable
 .text.CySysClkSetTimerSource
                0x000000000000acc4       0x60 .pio/build/cubecell_board/libFrameworkArduino.a(CyLFClk.c.o)
                0x000000000000acc4                CySysClkSetTimerSource
 .text.CySysTimerGetEnabledStatus
                0x000000000000ad24       0x24 .pio/build/cubecell_board/libFrameworkArduino.a(CyLFClk.c.o)
                0x000000000000ad24                CySysTimerGetEnabledStatus
 .text.CySysTimerSetMode
                0x000000000000ad48       0x40 .pio/build/cubecell_board/libFrameworkArduino.a(CyLFClk.c.o)
                0x000000000000ad48                CySysTimerSetMode
 .text.CySysTimerSetClearOnMatch
                0x000000000000ad88       0x34 .pio/build/cubecell_board/libFrameworkArduino.a(CyLFClk.c.o)
                0x000000000000ad88                CySysTimerSetClearOnMatch
 .text.CySysTimerEnable
                0x000000000000adbc       0x38 .pio/build/cubecell_board/libFrameworkArduino.a(CyLFClk.c.o)
                0x000000000000adbc                CySysTimerEnable
 .text.CySysTimerDisable
                0x000000000000adf4       0x38 .pio/build/cubecell_board/libFrameworkArduino.a(CyLFClk.c.o)
                0x000000000000adf4                CySysTimerDisable
 .text.CySysTimerSetCascade