Archive member included to satisfy reference by file (symbol)

/home/moises/.platformio/packages/framework-arduinoasrmicro650x/cores/asr650x/projects/CubeCellLib.a(ASR_Arduino.o)
                              .pio/build/cubecell_board/src/main.cpp.o (pinMode)
/home/moises/.platformio/packages/framework-arduinoasrmicro650x/cores/asr650x/projects/CubeCellLib.a(cyfitter_cfg.o)
                              /home/moises/.platformio/packages/framework-arduinoasrmicro650x/cores/asr650x/projects/CubeCellLib.a(ASR_Arduino.o) (systime)
.pio/build/cubecell_board/lib3ca/libRGB.a(CubeCell_NeoPixel.cpp.o)
                              .pio/build/cubecell_board/src/main.cpp.o (CubeCell_NeoPixel::~CubeCell_NeoPixel())
.pio/build/cubecell_board/libFrameworkArduino.a(ADC_SAR_Seq.c.o)
                              /home/moises/.platformio/packages/framework-arduinoasrmicro650x/cores/asr650x/projects/CubeCellLib.a(ASR_Arduino.o) (ADC_SAR_Seq_Start)
.pio/build/cubecell_board/libFrameworkArduino.a(ADC_SAR_Seq_INT.c.o)
                              .pio/build/cubecell_board/libFrameworkArduino.a(ADC_SAR_Seq.c.o) (ADC_SAR_Seq_ISR)
.pio/build/cubecell_board/libFrameworkArduino.a(PWM1.c.o)
                              /home/moises/.platformio/packages/framework-arduinoasrmicro650x/cores/asr650x/projects/CubeCellLib.a(ASR_Arduino.o) (PWM1_Stop)
.pio/build/cubecell_board/libFrameworkArduino.a(PWM2.c.o)
                              /home/moises/.platformio/packages/framework-arduinoasrmicro650x/cores/asr650x/projects/CubeCellLib.a(ASR_Arduino.o) (PWM2_Stop)
.pio/build/cubecell_board/libFrameworkArduino.a(irq.c.o)
                              /home/moises/.platformio/packages/framework-arduinoasrmicro650x/cores/asr650x/projects/CubeCellLib.a(ASR_Arduino.o) (global_irq_StartEx)
.pio/build/cubecell_board/libFrameworkArduino.a(main.cpp.o)
                              /home/moises/.platformio/packages/toolchain-gccarmnoneeabi/bin/../lib/gcc/arm-none-eabi/9.2.1/../../../../arm-none-eabi/lib/thumb/v6-m/nofp/crt0.o (main)
.pio/build/cubecell_board/libFrameworkArduino.a(Cm0plusStart.c.o)
                              .pio/build/cubecell_board/libFrameworkArduino.a(irq.c.o) (IntDefaultHandler)
.pio/build/cubecell_board/libFrameworkArduino.a(CyBootAsmGnu.S.o)
                              .pio/build/cubecell_board/libFrameworkArduino.a(PWM1.c.o) (CyEnterCriticalSection)
.pio/build/cubecell_board/libFrameworkArduino.a(CyLFClk.c.o)
                              /home/moises/.platformio/packages/framework-arduinoasrmicro650x/cores/asr650x/projects/CubeCellLib.a(cyfitter_cfg.o) (CySysClkWcoStart)
.pio/build/cubecell_board/libFrameworkArduino.a(CyLib.c.o)
                              /home/moises/.platformio/packages/framework-arduinoasrmicro650x/cores/asr650x/projects/CubeCellLib.a(cyfitter_cfg.o) (CyIntSetVector)
.pio/build/cubecell_board/libFrameworkArduino.a(cybootloader.c.o)
                              (cy_meta_chipprotect)
.pio/build/cubecell_board/libFrameworkArduino.a(cymetadata.c.o)
                              (cy_meta_loadable)
.pio/build/cubecell_board/libFrameworkArduino.a(asr_board.c.o)
                              .pio/build/cubecell_board/libFrameworkArduino.a(main.cpp.o) (boardInitMcu)
.pio/build/cubecell_board/libFrameworkArduino.a(gpio.c.o)
                              .pio/build/cubecell_board/libFrameworkArduino.a(asr_board.c.o) (GpioInit)
.pio/build/cubecell_board/libFrameworkArduino.a(spi-board.c.o)
                              .pio/build/cubecell_board/libFrameworkArduino.a(asr_board.c.o) (SpiInit)
.pio/build/cubecell_board/libFrameworkArduino.a(radio.c.o)
                              .pio/build/cubecell_board/libFrameworkArduino.a(asr_board.c.o) (SX126x)
.pio/build/cubecell_board/libFrameworkArduino.a(sx126x.c.o)
                              .pio/build/cubecell_board/libFrameworkArduino.a(radio.c.o) (SX126xGetOperatingMode)
.pio/build/cubecell_board/libFrameworkArduino.a(delay.c.o)
                              .pio/build/cubecell_board/libFrameworkArduino.a(asr_board.c.o) (DelayMs)
.pio/build/cubecell_board/libFrameworkArduino.a(utilities.c.o)
                              .pio/build/cubecell_board/libFrameworkArduino.a(radio.c.o) (rand1)
.pio/build/cubecell_board/libFrameworkArduino.a(printf.c.o)
                              .pio/build/cubecell_board/libFrameworkArduino.a(asr_board.c.o) (__wrap_sprintf)
.pio/build/cubecell_board/libFrameworkArduino.a(Bootloadable_1.c.o)
                              .pio/build/cubecell_board/libFrameworkArduino.a(asr_board.c.o) (Bootloadable_1_Load)
.pio/build/cubecell_board/libFrameworkArduino.a(CyFlash.c.o)
                              .pio/build/cubecell_board/libFrameworkArduino.a(Bootloadable_1.c.o) (CySysFlashWriteRow)
.pio/build/cubecell_board/libFrameworkArduino.a(SPI_1.c.o)
                              .pio/build/cubecell_board/libFrameworkArduino.a(spi-board.c.o) (SPI_1_Start)
.pio/build/cubecell_board/libFrameworkArduino.a(SPI_1_SPI.c.o)
[...]
Memory Configuration

Name             Origin             Length             Attributes
rom              0x0000000000000000 0x0000000000020000 xr
ram              0x0000000020000000 0x0000000000004000 xrw
*default*        0x0000000000000000 0xffffffffffffffff

Linker script and memory map

LOAD /home/moises/.platformio/packages/toolchain-gccarmnoneeabi/bin/../lib/gcc/arm-none-eabi/9.2.1/thumb/v6-m/nofp/crti.o
LOAD /home/moises/.platformio/packages/toolchain-gccarmnoneeabi/bin/../lib/gcc/arm-none-eabi/9.2.1/thumb/v6-m/nofp/crtbegin.o
LOAD /home/moises/.platformio/packages/toolchain-gccarmnoneeabi/bin/../lib/gcc/arm-none-eabi/9.2.1/../../../../arm-none-eabi/lib/thumb/v6-m/nofp/crt0.o
LOAD .pio/build/cubecell_board/src/main.cpp.o
START GROUP
LOAD /home/moises/.platformio/packages/framework-arduinoasrmicro650x/cores/asr650x/projects/CubeCellLib.a
LOAD .pio/build/cubecell_board/lib3ca/libRGB.a
LOAD .pio/build/cubecell_board/libFrameworkArduinoVariant.a
LOAD .pio/build/cubecell_board/libFrameworkArduino.a
LOAD /home/moises/.platformio/packages/toolchain-gccarmnoneeabi/bin/../lib/gcc/arm-none-eabi/9.2.1/../../../../arm-none-eabi/lib/thumb/v6-m/nofp/libstdc++_nano.a
END GROUP
LOAD /home/moises/.platformio/packages/toolchain-gccarmnoneeabi/bin/../lib/gcc/arm-none-eabi/9.2.1/../../../../arm-none-eabi/lib/thumb/v6-m/nofp/libstdc++_nano.a
LOAD /home/moises/.platformio/packages/toolchain-gccarmnoneeabi/bin/../lib/gcc/arm-none-eabi/9.2.1/../../../../arm-none-eabi/lib/thumb/v6-m/nofp/libm.a
START GROUP
LOAD /home/moises/.platformio/packages/toolchain-gccarmnoneeabi/bin/../lib/gcc/arm-none-eabi/9.2.1/thumb/v6-m/nofp/libgcc.a
LOAD /home/moises/.platformio/packages/toolchain-gccarmnoneeabi/bin/../lib/gcc/arm-none-eabi/9.2.1/../../../../arm-none-eabi/lib/thumb/v6-m/nofp/libc_nano.a
END GROUP
START GROUP
LOAD /home/moises/.platformio/packages/toolchain-gccarmnoneeabi/bin/../lib/gcc/arm-none-eabi/9.2.1/thumb/v6-m/nofp/libgcc.a
LOAD /home/moises/.platformio/packages/toolchain-gccarmnoneeabi/bin/../lib/gcc/arm-none-eabi/9.2.1/../../../../arm-none-eabi/lib/thumb/v6-m/nofp/libc_nano.a
END GROUP
LOAD /home/moises/.platformio/packages/toolchain-gccarmnoneeabi/bin/../lib/gcc/arm-none-eabi/9.2.1/thumb/v6-m/nofp/crtend.o
LOAD /home/moises/.platformio/packages/toolchain-gccarmnoneeabi/bin/../lib/gcc/arm-none-eabi/9.2.1/thumb/v6-m/nofp/crtn.o
START GROUP
LOAD /home/moises/.platformio/packages/toolchain-gccarmnoneeabi/bin/../lib/gcc/arm-none-eabi/9.2.1/thumb/v6-m/nofp/libgcc.a
LOAD /home/moises/.platformio/packages/toolchain-gccarmnoneeabi/bin/../lib/gcc/arm-none-eabi/9.2.1/../../../../arm-none-eabi/lib/thumb/v6-m/nofp/libc.a
LOAD /home/moises/.platformio/packages/toolchain-gccarmnoneeabi/bin/../lib/gcc/arm-none-eabi/9.2.1/../../../../arm-none-eabi/lib/thumb/v6-m/nofp/libnosys.a
END GROUP
                0x0000000000000000                CY_APPL_ORIGIN = 0x0
                0x0000000000000100                CY_FLASH_ROW_SIZE = 0x100
                0x0000000000000001                CY_APPL_NUM = 0x1
                0x0000000000000001                CY_APPL_MAX = 0x1
                0x0000000000000040                CY_METADATA_SIZE = 0x40
                0x0000000000000001                CY_APPL_LOADABLE = 0x1
                0x0000000000000000                CY_CHECKSUM_EXCLUDE_SIZE = ALIGN (0x0, CY_FLASH_ROW_SIZE)
                0x0000000000000000                CY_APP_FOR_STACK_AND_COPIER = 0x0
                [!provide]                        PROVIDE (__cy_heap_start = _end)
                0x0000000000000001                PROVIDE (__cy_region_num = ((__cy_regions_end - __cy_regions) / 0x10))
                0x0000000020004000                PROVIDE (__cy_stack = (ORIGIN (ram) + LENGTH (ram)))
                [!provide]                        PROVIDE (__cy_heap_end = (__cy_stack - 0x800))

.cybootloader   0x0000000000000000     0x2200
 *(.cybootloader)
 .cybootloader  0x0000000000000000     0x2200 .pio/build/cubecell_board/libFrameworkArduino.a(cybootloader.c.o)
                0x0000000000000000                cy_bootloader
                0x0000000000002200                appl1_start = CY_APPL_ORIGIN?CY_APPL_ORIGIN:ALIGN (CY_FLASH_ROW_SIZE)
                0x0000000000011000                appl2_start = (appl1_start + ALIGN ((((LENGTH (rom) - appl1_start) - (0x2 * CY_FLASH_ROW_SIZE)) / 0x2), CY_FLASH_ROW_SIZE))
                0x0000000000002200                appl_start = (CY_APPL_NUM == 0x1)?appl1_start:appl2_start
                0x0000000000000000                cy_project_type_bootloader = (appl_start == 0x0)?0x1:0x0
                0x0000000000000000                cy_project_type_app_for_stack_and_copier = (CY_APP_FOR_STACK_AND_COPIER == 0x1)?0x1:0x0

.text           0x0000000000002200     0x44a0
 CREATE_OBJECT_SYMBOLS
                0x0000000000002200                PROVIDE (__cy_interrupt_vector = RomVectors)
 *(.romvectors)
 .romvectors    0x0000000000002200       0x10 .pio/build/cubecell_board/libFrameworkArduino.a(Cm0plusStart.c.o)
                0x0000000000002200                RomVectors
                0x0000000000000001                ASSERT ((. != __cy_interrupt_vector), No interrupt vector)
                0x0000000000000001                ASSERT (CY_APPL_ORIGIN?(SIZEOF (.cybootloader) <= CY_APPL_ORIGIN):0x1, Wrong image location)
                0x0000000000002210                PROVIDE (__cy_reset = Reset)
 *(.text.Reset)
 .text.Reset    0x0000000000002210       0x18 .pio/build/cubecell_board/libFrameworkArduino.a(Cm0plusStart.c.o)
                0x0000000000002210                Reset
                0x0000000000000001                ASSERT ((. != __cy_reset), No reset code)
 *(.psocinit)
 .psocinit      0x0000000000002228      0x1b4 /home/moises/.platformio/packages/framework-arduinoasrmicro650x/cores/asr650x/projects/CubeCellLib.a(cyfitter_cfg.o)
                0x0000000000002228                cyfitter_cfg
                0x00000000000023dc                . = MAX (., 0x100)
 *(.text .text.* .gnu.linkonce.t.*)
 .text.__do_global_dtors_aux
                0x00000000000023dc       0x28 /home/moises/.platformio/packages/toolchain-gccarmnoneeabi/bin/../lib/gcc/arm-none-eabi/9.2.1/thumb/v6-m/nofp/crtbegin.o
 .text.frame_dummy
                0x0000000000002404       0x20 /home/moises/.platformio/packages/toolchain-gccarmnoneeabi/bin/../lib/gcc/arm-none-eabi/9.2.1/thumb/v6-m/nofp/crtbegin.o
 .text._Z5setupv
                0x0000000000002424       0x28 .pio/build/cubecell_board/src/main.cpp.o
                0x0000000000002424                setup()
 .text._Z4loopv
                0x000000000000244c       0x58 .pio/build/cubecell_board/src/main.cpp.o
                0x000000000000244c                loop()
 .text.startup._GLOBAL__sub_I_pixels
                0x00000000000024a4       0x28 .pio/build/cubecell_board/src/main.cpp.o
 .text.getID    0x00000000000024cc       0x18 /home/moises/.platformio/packages/framework-arduinoasrmicro650x/cores/asr650x/projects/CubeCellLib.a(ASR_Arduino.o)
                0x00000000000024cc                getID
 .text.license_check
                0x00000000000024e4      0x268 /home/moises/.platformio/packages/framework-arduinoasrmicro650x/cores/asr650x/projects/CubeCellLib.a(ASR_Arduino.o)
                0x00000000000024e4                license_check
 .text.pinMode  0x000000000000274c       0x6c /home/moises/.platformio/packages/framework-arduinoasrmicro650x/cores/asr650x/projects/CubeCellLib.a(ASR_Arduino.o)
                0x000000000000274c                pinMode
 .text.digitalWrite
                0x00000000000027b8       0x68 /home/moises/.platformio/packages/framework-arduinoasrmicro650x/cores/asr650x/projects/CubeCellLib.a(ASR_Arduino.o)
                0x00000000000027b8                digitalWrite
 .text.digitalRead
                0x0000000000002820       0x20 /home/moises/.platformio/packages/framework-arduinoasrmicro650x/cores/asr650x/projects/CubeCellLib.a(ASR_Arduino.o)
                0x0000000000002820                digitalRead
 .text.delay    0x0000000000002840        0x8 /home/moises/.platformio/packages/framework-arduinoasrmicro650x/cores/asr650x/projects/CubeCellLib.a(ASR_Arduino.o)
                0x0000000000002840                delay
 .text.millis   0x0000000000002848        0xc /home/moises/.platformio/packages/framework-arduinoasrmicro650x/cores/asr650x/projects/CubeCellLib.a(ASR_Arduino.o)
                0x0000000000002848                millis
 .text.SPI_BUSY_SetDriveMode
                0x0000000000002854        0x2 /home/moises/.platformio/packages/framework-arduinoasrmicro650x/cores/asr650x/projects/CubeCellLib.a(ASR_Arduino.o)
                0x0000000000002854                SPI_BUSY_SetDriveMode
 .text.SPI_NRESET_SetDriveMode
                0x0000000000002856        0x2 /home/moises/.platformio/packages/framework-arduinoasrmicro650x/cores/asr650x/projects/CubeCellLib.a(ASR_Arduino.o)
                0x0000000000002856                SPI_NRESET_SetDriveMode
 .text.antpow_SetDriveMode
                0x0000000000002858        0x2 /home/moises/.platformio/packages/framework-arduinoasrmicro650x/cores/asr650x/projects/CubeCellLib.a(ASR_Arduino.o)
                0x0000000000002858                antpow_SetDriveMode
 .text.SPI_1_miso_m_SetDriveMode
                0x000000000000285a        0x2 /home/moises/.platformio/packages/framework-arduinoasrmicro650x/cores/asr650x/projects/CubeCellLib.a(ASR_Arduino.o)
                0x000000000000285a                SPI_1_miso_m_SetDriveMode
 .text.SPI_1_mosi_m_SetDriveMode
                0x000000000000285c        0x2 /home/moises/.platformio/packages/framework-arduinoasrmicro650x/cores/asr650x/projects/CubeCellLib.a(ASR_Arduino.o)
                0x000000000000285c                SPI_1_mosi_m_SetDriveMode
 .text.SPI_1_sclk_m_SetDriveMode
                0x000000000000285e        0x2 /home/moises/.platformio/packages/framework-arduinoasrmicro650x/cores/asr650x/projects/CubeCellLib.a(ASR_Arduino.o)
                0x000000000000285e                SPI_1_sclk_m_SetDriveMode
 .text.systemTimer
                0x0000000000002860       0x10 /home/moises/.platformio/packages/framework-arduinoasrmicro650x/cores/asr650x/projects/CubeCellLib.a(cyfitter_cfg.o)
                0x0000000000002860                systemTimer
 .text.SetAnalogRoutingPumps
                0x0000000000002870       0x1c /home/moises/.platformio/packages/framework-arduinoasrmicro650x/cores/asr650x/projects/CubeCellLib.a(cyfitter_cfg.o)
                0x0000000000002870                SetAnalogRoutingPumps
 .text._ZN17CubeCell_NeoPixelD2Ev
                0x000000000000288c       0x1e .pio/build/cubecell_board/lib3ca/libRGB.a(CubeCell_NeoPixel.cpp.o)
                0x000000000000288c                CubeCell_NeoPixel::~CubeCell_NeoPixel()
                0x000000000000288c                CubeCell_NeoPixel::~CubeCell_NeoPixel()
 .text._ZN17CubeCell_NeoPixel5beginEv
                0x00000000000028aa       0x22 .pio/build/cubecell_board/lib3ca/libRGB.a(CubeCell_NeoPixel.cpp.o)
                0x00000000000028aa                CubeCell_NeoPixel::begin()
 .text._ZN17CubeCell_NeoPixel12updateLengthEt
                0x00000000000028cc       0x3c .pio/build/cubecell_board/lib3ca/libRGB.a(CubeCell_NeoPixel.cpp.o)
                0x00000000000028cc                CubeCell_NeoPixel::updateLength(unsigned short)
 .text._ZN17CubeCell_NeoPixel10updateTypeEt
                0x0000000000002908       0x46 .pio/build/cubecell_board/lib3ca/libRGB.a(CubeCell_NeoPixel.cpp.o)
                0x0000000000002908                CubeCell_NeoPixel::updateType(unsigned short)
 .text._ZN17CubeCell_NeoPixel4showEv
                0x000000000000294e       0x1c .pio/build/cubecell_board/lib3ca/libRGB.a(CubeCell_NeoPixel.cpp.o)
                0x000000000000294e                CubeCell_NeoPixel::show()
 .text._ZN17CubeCell_NeoPixel6setPinEh
                0x000000000000296a       0x36 .pio/build/cubecell_board/lib3ca/libRGB.a(CubeCell_NeoPixel.cpp.o)
                0x000000000000296a                CubeCell_NeoPixel::setPin(unsigned char)
 .text._ZN17CubeCell_NeoPixelC2Etht
                0x00000000000029a0       0x2e .pio/build/cubecell_board/lib3ca/libRGB.a(CubeCell_NeoPixel.cpp.o)
                0x00000000000029a0                CubeCell_NeoPixel::CubeCell_NeoPixel(unsigned short, unsigned char, unsigned short)
                0x00000000000029a0                CubeCell_NeoPixel::CubeCell_NeoPixel(unsigned short, unsigned char, unsigned short)
 .text._ZN17CubeCell_NeoPixel13setPixelColorEtm
                0x00000000000029ce       0x6c .pio/build/cubecell_board/lib3ca/libRGB.a(CubeCell_NeoPixel.cpp.o)
                0x00000000000029ce                CubeCell_NeoPixel::setPixelColor(unsigned short, unsigned long)
 .text._ZN17CubeCell_NeoPixel5clearEv
                0x0000000000002a3a        0xe .pio/build/cubecell_board/lib3ca/libRGB.a(CubeCell_NeoPixel.cpp.o)
                0x0000000000002a3a                CubeCell_NeoPixel::clear()
 .text.PWM1_Stop
                0x0000000000002a48       0x34 .pio/build/cubecell_board/libFrameworkArduino.a(PWM1.c.o)
                0x0000000000002a48                PWM1_Stop
 .text.PWM2_Stop
                0x0000000000002a7c       0x34 .pio/build/cubecell_board/libFrameworkArduino.a(PWM2.c.o)
                0x0000000000002a7c                PWM2_Stop
 .text.startup.main
                0x0000000000002ab0       0x10 .pio/build/cubecell_board/libFrameworkArduino.a(main.cpp.o)
                0x0000000000002ab0                main
 .text.IntDefaultHandler
                0x0000000000002ac0       0x10 .pio/build/cubecell_board/libFrameworkArduino.a(Cm0plusStart.c.o)
                0x0000000000002ac0                IntDefaultHandler
 .text._sbrk    0x0000000000002ad0       0x30 .pio/build/cubecell_board/libFrameworkArduino.a(Cm0plusStart.c.o)
                0x0000000000002ad0                _sbrk
 .text.Start_c  0x0000000000002b00       0x48 .pio/build/cubecell_board/libFrameworkArduino.a(Cm0plusStart.c.o)
                0x0000000000002b00                Start_c
 .text.startup.initialize_psoc
                0x0000000000002b48       0x48 .pio/build/cubecell_board/libFrameworkArduino.a(Cm0plusStart.c.o)
                0x0000000000002b48                initialize_psoc
 .text          0x0000000000002b90       0x20 .pio/build/cubecell_board/libFrameworkArduino.a(CyBootAsmGnu.S.o)
                0x0000000000002b90                CyDelayCycles
                0x0000000000002ba2                CyEnterCriticalSection
                0x0000000000002baa                CyExitCriticalSection
 .text.CySysClkWcoSetHighPowerMode
                0x0000000000002bb0       0x38 .pio/build/cubecell_board/libFrameworkArduino.a(CyLFClk.c.o)
 .text.CySysClkWcoStart
                0x0000000000002be8       0x18 .pio/build/cubecell_board/libFrameworkArduino.a(CyLFClk.c.o)
                0x0000000000002be8                CySysClkWcoStart
 .text.CySysClkWcoEnabled
                0x0000000000002c00        0xc .pio/build/cubecell_board/libFrameworkArduino.a(CyLFClk.c.o)
                0x0000000000002c00                CySysClkWcoEnabled
 .text.CySysWdtDisable
                0x0000000000002c0c       0x10 .pio/build/cubecell_board/libFrameworkArduino.a(CyLFClk.c.o)
                0x0000000000002c0c                CySysWdtDisable
 .text.CySysClkSetTimerSource
                0x0000000000002c1c       0x60 .pio/build/cubecell_board/libFrameworkArduino.a(CyLFClk.c.o)
                0x0000000000002c1c                CySysClkSetTimerSource
 .text.CySysTimerGetEnabledStatus
                0x0000000000002c7c       0x24 .pio/build/cubecell_board/libFrameworkArduino.a(CyLFClk.c.o)
                0x0000000000002c7c                CySysTimerGetEnabledStatus
 .text.CySysTimerSetMode
                0x0000000000002ca0       0x40 .pio/build/cubecell_board/libFrameworkArduino.a(CyLFClk.c.o)
                0x0000000000002ca0                CySysTimerSetMode
 .text.CySysTimerSetClearOnMatch
                0x0000000000002ce0       0x34 .pio/build/cubecell_board/libFrameworkArduino.a(CyLFClk.c.o)
                0x0000000000002ce0                CySysTimerSetClearOnMatch
 .text.CySysTimerEnable
                0x0000000000002d14       0x38 .pio/build/cubecell_board/libFrameworkArduino.a(CyLFClk.c.o)
                0x0000000000002d14                CySysTimerEnable
 .text.CySysTimerDisable
                0x0000000000002d4c       0x38 .pio/build/cubecell_board/libFrameworkArduino.a(CyLFClk.c.o)
                0x0000000000002d4c                CySysTimerDisable
 .text.CySysTimerSetCascade
                0x0000000000002d84       0x34 .pio/build/cubecell_board/libFrameworkArduino.a(CyLFClk.c.o)
                0x0000000000002d84                CySysTimerSetCascade
 .text.CySysTimerSetMatch
                0x0000000000002db8       0x50 .pio/build/cubecell_board/libFrameworkArduino.a(CyLFClk.c.o)
                0x0000000000002db8                CySysTimerSetMatch
 .text.CySysTimerSetToggleBit
                0x0000000000002e08       0x2c .pio/build/cubecell_board/libFrameworkArduino.a(CyLFClk.c.o)
                0x0000000000002e08                CySysTimerSetToggleBit
 .text.CySysTimerGetCount
                0x0000000000002e34       0x38 .pio/build/cubecell_board/libFrameworkArduino.a(CyLFClk.c.o)
                0x0000000000002e34                CySysTimerGetCount
 .text.CySysTimerClearInterrupt
                0x0000000000002e6c       0x2c .pio/build/cubecell_board/libFrameworkArduino.a(CyLFClk.c.o)
                0x0000000000002e6c                CySysTimerClearInterrupt
 .text.CySysTimerSetInterruptCallback
                0x0000000000002e98       0x24 .pio/build/cubecell_board/libFrameworkArduino.a(CyLFClk.c.o)
                0x0000000000002e98                CySysTimerSetInterruptCallback
 .text.CySysTimerEnableIsr
                0x0000000000002ebc       0x34 .pio/build/cubecell_board/libFrameworkArduino.a(CyLFClk.c.o)
                0x0000000000002ebc                CySysTimerEnableIsr
 .text.CySysTimerDisableIsr
                0x0000000000002ef0       0x28 .pio/build/cubecell_board/libFrameworkArduino.a(CyLFClk.c.o)
                0x0000000000002ef0                CySysTimerDisableIsr
 .text.CySysTimerIsr
                0x0000000000002f18       0xa0 .pio/build/cubecell_board/libFrameworkArduino.a(CyLFClk.c.o)
                0x0000000000002f18                CySysTimerIsr
 .text.CySysTimerResetCounters
                0x0000000000002fb8       0x1c .pio/build/cubecell_board/libFrameworkArduino.a(CyLFClk.c.o)
                0x0000000000002fb8                CySysTimerResetCounters
 .text.CySysClkImoDisableWcoLock
                0x0000000000002fd4       0x14 .pio/build/cubecell_board/libFrameworkArduino.a(CyLib.c.o)
                0x0000000000002fd4                CySysClkImoDisableWcoLock
 .text.CySysClkImoGetWcoLock
                0x0000000000002fe8       0x10 .pio/build/cubecell_board/libFrameworkArduino.a(CyLib.c.o)
                0x0000000000002fe8                CySysClkImoGetWcoLock
 .text.CySysClkWriteHfclkDirect
                0x0000000000002ff8       0x74 .pio/build/cubecell_board/libFrameworkArduino.a(CyLib.c.o)
                0x0000000000002ff8                CySysClkWriteHfclkDirect
 .text.CyIntSetVector
                0x000000000000306c       0x18 .pio/build/cubecell_board/libFrameworkArduino.a(CyLib.c.o)
                0x000000000000306c                CyIntSetVector
 .text.CyIntEnable
                0x0000000000003084       0x14 .pio/build/cubecell_board/libFrameworkArduino.a(CyLib.c.o)
                0x0000000000003084                CyIntEnable
 .text.CyIntDisable
                0x0000000000003098       0x14 .pio/build/cubecell_board/libFrameworkArduino.a(CyLib.c.o)
                0x0000000000003098                CyIntDisable
 .text.CyIntClearPending
                0x00000000000030ac       0x14 .pio/build/cubecell_board/libFrameworkArduino.a(CyLib.c.o)
                0x00000000000030ac                CyIntClearPending
 .text.CyHalt   0x00000000000030c0        0x4 .pio/build/cubecell_board/libFrameworkArduino.a(CyLib.c.o)
                0x00000000000030c0                CyHalt
 .text.CyDelay  0x00000000000030c4       0x2c .pio/build/cubecell_board/libFrameworkArduino.a(CyLib.c.o)
                0x00000000000030c4                CyDelay
 .text.CySysClkImoEnableWcoLock
                0x00000000000030f0       0xbc .pio/build/cubecell_board/libFrameworkArduino.a(CyLib.c.o)
                0x00000000000030f0                CySysClkImoEnableWcoLock
 .text.CySysClkWriteImoFreq
                0x00000000000031ac       0xb8 .pio/build/cubecell_board/libFrameworkArduino.a(CyLib.c.o)
                0x00000000000031ac                CySysClkWriteImoFreq
 .text.CyDelayUs
                0x0000000000003264       0x14 .pio/build/cubecell_board/libFrameworkArduino.a(CyLib.c.o)
                0x0000000000003264                CyDelayUs
 .text.CySysTickInit
                0x0000000000003278       0x54 .pio/build/cubecell_board/libFrameworkArduino.a(CyLib.c.o)
                0x0000000000003278                CySysTickInit
 .text.CySysTickStop
                0x00000000000032cc       0x10 .pio/build/cubecell_board/libFrameworkArduino.a(CyLib.c.o)
                0x00000000000032cc                CySysTickStop
 .text.CySysTickEnableInterrupt
                0x00000000000032dc       0x10 .pio/build/cubecell_board/libFrameworkArduino.a(CyLib.c.o)
                0x00000000000032dc                CySysTickEnableInterrupt
 .text.CySysTickEnable
                0x00000000000032ec       0x18 .pio/build/cubecell_board/libFrameworkArduino.a(CyLib.c.o)
                0x00000000000032ec                CySysTickEnable
 .text.CySysTickStart
                0x0000000000003304       0x1c .pio/build/cubecell_board/libFrameworkArduino.a(CyLib.c.o)
                0x0000000000003304                CySysTickStart
 .text.CySysTickDisableInterrupt
                0x0000000000003320       0x10 .pio/build/cubecell_board/libFrameworkArduino.a(CyLib.c.o)
                0x0000000000003320                CySysTickDisableInterrupt
 .text.CySysTickGetCountFlag
                0x0000000000003330       0x10 .pio/build/cubecell_board/libFrameworkArduino.a(CyLib.c.o)
                0x0000000000003330                CySysTickGetCountFlag
 .text.CySysTickServiceCallbacks
                0x0000000000003340       0x24 .pio/build/cubecell_board/libFrameworkArduino.a(CyLib.c.o)
 .text.CySysTickSetCallback
                0x0000000000003364       0x10 .pio/build/cubecell_board/libFrameworkArduino.a(CyLib.c.o)
                0x0000000000003364                CySysTickSetCallback
 .text.CyGetUniqueId
                0x0000000000003374       0x70 .pio/build/cubecell_board/libFrameworkArduino.a(CyLib.c.o)
                0x0000000000003374                CyGetUniqueId
 .text.SX126xIoInit
                0x00000000000033e4       0x44 .pio/build/cubecell_board/libFrameworkArduino.a(asr_board.c.o)
                0x00000000000033e4                SX126xIoInit
 .text.SX126xReset
                0x0000000000003428       0x50 .pio/build/cubecell_board/libFrameworkArduino.a(asr_board.c.o)
                0x0000000000003428                SX126xReset
 .text.SX126xWaitOnBusy
                0x0000000000003478       0x14 .pio/build/cubecell_board/libFrameworkArduino.a(asr_board.c.o)
                0x0000000000003478                SX126xWaitOnBusy
 .text.SX126xWakeup
                0x000000000000348c       0x38 .pio/build/cubecell_board/libFrameworkArduino.a(asr_board.c.o)
                0x000000000000348c                SX126xWakeup
 .text.SX126xWriteCommand
                0x00000000000034c4       0x50 .pio/build/cubecell_board/libFrameworkArduino.a(asr_board.c.o)
                0x00000000000034c4                SX126xWriteCommand
 .text.SX126xAntSwOn
                0x0000000000003514        0x2 .pio/build/cubecell_board/libFrameworkArduino.a(asr_board.c.o)
                0x0000000000003514                SX126xAntSwOn
 .text.SX126xAntSwOff
                0x0000000000003516        0x2 .pio/build/cubecell_board/libFrameworkArduino.a(asr_board.c.o)
                0x0000000000003516                SX126xAntSwOff
 .text.boardInitMcu
                0x0000000000003518       0x4c .pio/build/cubecell_board/libFrameworkArduino.a(asr_board.c.o)
                0x0000000000003518                boardInitMcu
 .text.HW_Get_MFT_ID
                0x0000000000003564        0x8 .pio/build/cubecell_board/libFrameworkArduino.a(asr_board.c.o)
                0x0000000000003564                HW_Get_MFT_ID
 .text.HW_Get_MFT_Model
                0x000000000000356c        0x8 .pio/build/cubecell_board/libFrameworkArduino.a(asr_board.c.o)
                0x000000000000356c                HW_Get_MFT_Model
 .text.HW_Get_MFT_Rev
                0x0000000000003574        0x8 .pio/build/cubecell_board/libFrameworkArduino.a(asr_board.c.o)
                0x0000000000003574                HW_Get_MFT_Rev
 .text.HW_Get_MFT_SN
                0x000000000000357c       0x24 .pio/build/cubecell_board/libFrameworkArduino.a(asr_board.c.o)
                0x000000000000357c                HW_Get_MFT_SN
 .text.HW_Set_MFT_Baud
                0x00000000000035a0       0x64 .pio/build/cubecell_board/libFrameworkArduino.a(asr_board.c.o)
                0x00000000000035a0                HW_Set_MFT_Baud
 .text.HW_Get_MFT_Baud
                0x0000000000003604        0xc .pio/build/cubecell_board/libFrameworkArduino.a(asr_board.c.o)
                0x0000000000003604                HW_Get_MFT_Baud
 .text.GpioInit
                0x0000000000003610       0x12 .pio/build/cubecell_board/libFrameworkArduino.a(gpio.c.o)
                0x0000000000003610                GpioInit
 .text.GpioWrite
                0x0000000000003622        0x8 .pio/build/cubecell_board/libFrameworkArduino.a(gpio.c.o)
                0x0000000000003622                GpioWrite
 .text.GpioRead
                0x000000000000362a        0x8 .pio/build/cubecell_board/libFrameworkArduino.a(gpio.c.o)
                0x000000000000362a                GpioRead
 .text.SpiInit  0x0000000000003632        0x8 .pio/build/cubecell_board/libFrameworkArduino.a(spi-board.c.o)
                0x0000000000003632                SpiInit
 *fill*         0x000000000000363a        0x2 
 .text.SpiInOut
                0x000000000000363c       0x34 .pio/build/cubecell_board/libFrameworkArduino.a(spi-board.c.o)
                0x000000000000363c                SpiInOut
 .text.RadioSleep
                0x0000000000003670       0x10 .pio/build/cubecell_board/libFrameworkArduino.a(radio.c.o)
                0x0000000000003670                RadioSleep
 .text.SX126xCheckDeviceReady
                0x0000000000003680       0x24 .pio/build/cubecell_board/libFrameworkArduino.a(sx126x.c.o)
                0x0000000000003680                SX126xCheckDeviceReady
 .text.SX126xSetSleep
                0x00000000000036a4       0x20 .pio/build/cubecell_board/libFrameworkArduino.a(sx126x.c.o)
                0x00000000000036a4                SX126xSetSleep
 .text.DelayMs  0x00000000000036c4       0x10 .pio/build/cubecell_board/libFrameworkArduino.a(delay.c.o)
                0x00000000000036c4                DelayMs
 .text.printchar
                0x00000000000036d4       0x26 .pio/build/cubecell_board/libFrameworkArduino.a(printf.c.o)
 .text.prints   0x00000000000036fa       0x8e .pio/build/cubecell_board/libFrameworkArduino.a(printf.c.o)
 .text.printi   0x0000000000003788       0xfc .pio/build/cubecell_board/libFrameworkArduino.a(printf.c.o)
 .text.tiny_print
                0x0000000000003884      0x1d8 .pio/build/cubecell_board/libFrameworkArduino.a(printf.c.o)
 .text.__wrap_sprintf
                0x0000000000003a5c       0x1c .pio/build/cubecell_board/libFrameworkArduino.a(printf.c.o)
                0x0000000000003a5c                __wrap_sprintf
 .text.CySysFlashSetWaitCycles
                0x0000000000003a78       0x54 .pio/build/cubecell_board/libFrameworkArduino.a(CyFlash.c.o)
                0x0000000000003a78                CySysFlashSetWaitCycles
 .text.SPI_1_Enable
                0x0000000000003acc       0x18 .pio/build/cubecell_board/libFrameworkArduino.a(SPI_1.c.o)
                0x0000000000003acc                SPI_1_Enable
 .text.SPI_1_Start
                0x0000000000003ae4       0x1c .pio/build/cubecell_board/libFrameworkArduino.a(SPI_1.c.o)
                0x0000000000003ae4                SPI_1_Start
 .text.SPI_1_Stop
                0x0000000000003b00       0x20 .pio/build/cubecell_board/libFrameworkArduino.a(SPI_1.c.o)
                0x0000000000003b00                SPI_1_Stop
 .text.SPI_1_SpiPostEnable
                0x0000000000003b20       0x14 .pio/build/cubecell_board/libFrameworkArduino.a(SPI_1_SPI.c.o)
                0x0000000000003b20                SPI_1_SpiPostEnable
 .text.SPI_1_SpiStop
                0x0000000000003b34       0x18 .pio/build/cubecell_board/libFrameworkArduino.a(SPI_1_SPI.c.o)
                0x0000000000003b34                SPI_1_SpiStop
 .text.SPI_1_SpiSetActiveSlaveSelect
                0x0000000000003b4c       0x20 .pio/build/cubecell_board/libFrameworkArduino.a(SPI_1_SPI.c.o)
                0x0000000000003b4c                SPI_1_SpiSetActiveSlaveSelect
 .text.SPI_1_SpiInit
                0x0000000000003b6c       0x88 .pio/build/cubecell_board/libFrameworkArduino.a(SPI_1_SPI.c.o)
                0x0000000000003b6c                SPI_1_SpiInit
 .text.SPI_1_SpiUartReadRxData
                0x0000000000003bf4        0xc .pio/build/cubecell_board/libFrameworkArduino.a(SPI_1_SPI_UART.c.o)
                0x0000000000003bf4                SPI_1_SpiUartReadRxData
 .text.SPI_1_SpiUartGetRxBufferSize
                0x0000000000003c00       0x10 .pio/build/cubecell_board/libFrameworkArduino.a(SPI_1_SPI_UART.c.o)
                0x0000000000003c00                SPI_1_SpiUartGetRxBufferSize
 .text.SPI_1_SpiUartWriteTxData
                0x0000000000003c10       0x1c .pio/build/cubecell_board/libFrameworkArduino.a(SPI_1_SPI_UART.c.o)
                0x0000000000003c10                SPI_1_SpiUartWriteTxData
 .text.SPI_1_SpiUartGetTxBufferSize
                0x0000000000003c2c       0x10 .pio/build/cubecell_board/libFrameworkArduino.a(SPI_1_SPI_UART.c.o)
                0x0000000000003c2c                SPI_1_SpiUartGetTxBufferSize
 .text.UART_1_SpiUartGetRxBufferSize
                0x0000000000003c3c       0x10 .pio/build/cubecell_board/libFrameworkArduino.a(UART_1_SPI_UART.c.o)
                0x0000000000003c3c                UART_1_SpiUartGetRxBufferSize
 .text.UART_1_SpiUartWriteTxData
                0x0000000000003c4c       0x1c .pio/build/cubecell_board/libFrameworkArduino.a(UART_1_SPI_UART.c.o)
                0x0000000000003c4c                UART_1_SpiUartWriteTxData
 .text.UART_1_SpiUartGetTxBufferSize
                0x0000000000003c68       0x10 .pio/build/cubecell_board/libFrameworkArduino.a(UART_1_SPI_UART.c.o)
                0x0000000000003c68                UART_1_SpiUartGetTxBufferSize
 .text.GpioMcuWrite
                0x0000000000003c78       0x14 .pio/build/cubecell_board/libFrameworkArduino.a(gpio-board.c.o)
                0x0000000000003c78                GpioMcuWrite
 .text.GpioMcuInit
                0x0000000000003c8c       0x1e .pio/build/cubecell_board/libFrameworkArduino.a(gpio-board.c.o)
                0x0000000000003c8c                GpioMcuInit
 .text.GpioMcuRead
                0x0000000000003caa       0x14 .pio/build/cubecell_board/libFrameworkArduino.a(gpio-board.c.o)
                0x0000000000003caa                GpioMcuRead
 .text.__aeabi_atexit
                0x0000000000003cbe        0xe /home/moises/.platformio/packages/toolchain-gccarmnoneeabi/bin/../lib/gcc/arm-none-eabi/9.2.1/../../../../arm-none-eabi/lib/thumb/v6-m/nofp/libstdc++_nano.a(atexit_arm.o)
                0x0000000000003cbe                __aeabi_atexit
 .text.TimeStampsUpdate
                0x0000000000003ccc       0x38 /home/moises/.platformio/packages/framework-arduinoasrmicro650x/cores/asr650x/projects/CubeCellLib.a(timeServer.o)
 .text.TimerSetTimeout
                0x0000000000003d04       0x10 /home/moises/.platformio/packages/framework-arduinoasrmicro650x/cores/asr650x/projects/CubeCellLib.a(timeServer.o)
 .text.TimerIrqHandler
                0x0000000000003d14       0x70 /home/moises/.platformio/packages/framework-arduinoasrmicro650x/cores/asr650x/projects/CubeCellLib.a(timeServer.o)
                0x0000000000003d14                TimerIrqHandler
 .text.get_timer_context
                0x0000000000003d84        0xc /home/moises/.platformio/packages/framework-arduinoasrmicro650x/cores/asr650x/projects/CubeCellLib.a(lorawan_port.o)
 .text.set_timer_val
                0x0000000000003d90        0xc /home/moises/.platformio/packages/framework-arduinoasrmicro650x/cores/asr650x/projects/CubeCellLib.a(lorawan_port.o)
 .text.radio_rw_dis
                0x0000000000003d9c        0x2 /home/moises/.platformio/packages/framework-arduinoasrmicro650x/cores/asr650x/projects/CubeCellLib.a(lorawan_port.o)
 .text.radio_rw
                0x0000000000003d9e        0x4 /home/moises/.platformio/packages/framework-arduinoasrmicro650x/cores/asr650x/projects/CubeCellLib.a(lorawan_port.o)
 *fill*         0x0000000000003da2        0x2 
 .text.RTC_Update_ASR
                0x0000000000003da4       0x28 /home/moises/.platformio/packages/framework-arduinoasrmicro650x/cores/asr650x/projects/CubeCellLib.a(lorawan_port.o)
                0x0000000000003da4                RTC_Update_ASR
 .text.get_current_time
                0x0000000000003dcc       0x54 /home/moises/.platformio/packages/framework-arduinoasrmicro650x/cores/asr650x/projects/CubeCellLib.a(lorawan_port.o)
                0x0000000000003dcc                get_current_time
 .text.get_sys_time
                0x0000000000003e20       0x28 /home/moises/.platformio/packages/framework-arduinoasrmicro650x/cores/asr650x/projects/CubeCellLib.a(lorawan_port.o)
                0x0000000000003e20                get_sys_time
 .text.set_sys_time
                0x0000000000003e48       0x44 /home/moises/.platformio/packages/framework-arduinoasrmicro650x/cores/asr650x/projects/CubeCellLib.a(lorawan_port.o)
                0x0000000000003e48                set_sys_time
 .text.compute_elapsed_time
                0x0000000000003e8c       0x10 /home/moises/.platformio/packages/framework-arduinoasrmicro650x/cores/asr650x/projects/CubeCellLib.a(lorawan_port.o)
 .text.get_timer_elapsed_time
                0x0000000000003e9c       0x14 /home/moises/.platformio/packages/framework-arduinoasrmicro650x/cores/asr650x/projects/CubeCellLib.a(lorawan_port.o)
 .text.set_timer_context
                0x0000000000003eb0       0x14 /home/moises/.platformio/packages/framework-arduinoasrmicro650x/cores/asr650x/projects/CubeCellLib.a(lorawan_port.o)
 .text.enter_sleep_mode
                0x0000000000003ec4        0x8 /home/moises/.platformio/packages/framework-arduinoasrmicro650x/cores/asr650x/projects/CubeCellLib.a(lorawan_port.o)
 .text.set_alarm
                0x0000000000003ecc       0x20 /home/moises/.platformio/packages/framework-arduinoasrmicro650x/cores/asr650x/projects/CubeCellLib.a(lorawan_port.o)
 .text.set_timeout
                0x0000000000003eec       0x2e /home/moises/.platformio/packages/framework-arduinoasrmicro650x/cores/asr650x/projects/CubeCellLib.a(lorawan_port.o)
 .text.AlarmBackHandler
                0x0000000000003f1a        0x8 /home/moises/.platformio/packages/framework-arduinoasrmicro650x/cores/asr650x/projects/CubeCellLib.a(lorawan_port.o)
 .text.stop_alarm
                0x0000000000003f22        0x8 /home/moises/.platformio/packages/framework-arduinoasrmicro650x/cores/asr650x/projects/CubeCellLib.a(lorawan_port.o)
 .text.delay_ms
                0x0000000000003f2a        0x8 /home/moises/.platformio/packages/framework-arduinoasrmicro650x/cores/asr650x/projects/CubeCellLib.a(lorawan_port.o)
 .text.get_mft_baud
                0x0000000000003f32        0x8 /home/moises/.platformio/packages/framework-arduinoasrmicro650x/cores/asr650x/projects/CubeCellLib.a(lorawan_port.o)
 .text.set_mft_baud
                0x0000000000003f3a        0x8 /home/moises/.platformio/packages/framework-arduinoasrmicro650x/cores/asr650x/projects/CubeCellLib.a(lorawan_port.o)
 .text.get_mft_sn
                0x0000000000003f42        0x8 /home/moises/.platformio/packages/framework-arduinoasrmicro650x/cores/asr650x/projects/CubeCellLib.a(lorawan_port.o)
 .text.get_mft_rev
                0x0000000000003f4a        0x8 /home/moises/.platformio/packages/framework-arduinoasrmicro650x/cores/asr650x/projects/CubeCellLib.a(lorawan_port.o)
 .text.get_mft_model
                0x0000000000003f52        0x8 /home/moises/.platformio/packages/framework-arduinoasrmicro650x/cores/asr650x/projects/CubeCellLib.a(lorawan_port.o)
 .text.get_mft_id
                0x0000000000003f5a        0x8 /home/moises/.platformio/packages/framework-arduinoasrmicro650x/cores/asr650x/projects/CubeCellLib.a(lorawan_port.o)
 .text.radio_rw_en
                0x0000000000003f62        0x2 /home/moises/.platformio/packages/framework-arduinoasrmicro650x/cores/asr650x/projects/CubeCellLib.a(lorawan_port.o)
 .text.exit_stop_mode
                0x0000000000003f64        0x2 /home/moises/.platformio/packages/framework-arduinoasrmicro650x/cores/asr650x/projects/CubeCellLib.a(lorawan_port.o)
 .text.set_uc_wakeup_time
                0x0000000000003f66        0x2 /home/moises/.platformio/packages/framework-arduinoasrmicro650x/cores/asr650x/projects/CubeCellLib.a(lorawan_port.o)
 .text.radio_reset
                0x0000000000003f68        0x2 /home/moises/.platformio/packages/framework-arduinoasrmicro650x/cores/asr650x/projects/CubeCellLib.a(lorawan_port.o)
 .text.radio_reset_cfg_input
                0x0000000000003f6a        0x2 /home/moises/.platformio/packages/framework-arduinoasrmicro650x/cores/asr650x/projects/CubeCellLib.a(lorawan_port.o)
 .text.BackupGpioDriveMode
                0x0000000000003f6c      0x114 /home/moises/.platformio/packages/framework-arduinoasrmicro650x/cores/asr650x/projects/CubeCellLib.a(lorawan_port.o)
                0x0000000000003f6c                BackupGpioDriveMode
 .text.RestoreGpioDriveMode
                0x0000000000004080      0x118 /home/moises/.platformio/packages/framework-arduinoasrmicro650x/cores/asr650x/projects/CubeCellLib.a(lorawan_port.o)
                0x0000000000004080                RestoreGpioDriveMode
 .text.SetPinHIZ
                0x0000000000004198       0x2e /home/moises/.platformio/packages/framework-arduinoasrmicro650x/cores/asr650x/projects/CubeCellLib.a(lorawan_port.o)
                0x0000000000004198                SetPinHIZ
 .text.UartDeepsleep
                0x00000000000041c6       0x28 /home/moises/.platformio/packages/framework-arduinoasrmicro650x/cores/asr650x/projects/CubeCellLib.a(lorawan_port.o)
                0x00000000000041c6                UartDeepsleep
 *fill*         0x00000000000041ee        0x2 
 .text.enter_stop_mode
                0x00000000000041f0       0x3c /home/moises/.platformio/packages/framework-arduinoasrmicro650x/cores/asr650x/projects/CubeCellLib.a(lorawan_port.o)
 .text.RtcInit  0x000000000000422c       0x3c /home/moises/.platformio/packages/framework-arduinoasrmicro650x/cores/asr650x/projects/CubeCellLib.a(lorawan_port.o)
                0x000000000000422c                RtcInit
 .text.Asr_Timer_RegisterAlarmCallback
                0x0000000000004268       0x10 /home/moises/.platformio/packages/framework-arduinoasrmicro650x/cores/asr650x/projects/CubeCellLib.a(asr_timer.o)
                0x0000000000004268                Asr_Timer_RegisterAlarmCallback
 .text.Asr_SetTimeout
                0x0000000000004278       0xc4 /home/moises/.platformio/packages/framework-arduinoasrmicro650x/cores/asr650x/projects/CubeCellLib.a(asr_timer.o)
                0x0000000000004278                Asr_SetTimeout
 .text.Asr_Timer_Init
                0x000000000000433c       0x68 /home/moises/.platformio/packages/framework-arduinoasrmicro650x/cores/asr650x/projects/CubeCellLib.a(asr_timer.o)
                0x000000000000433c                Asr_Timer_Init
 .text.Asr_Timer_Disable
                0x00000000000043a4       0x18 /home/moises/.platformio/packages/framework-arduinoasrmicro650x/cores/asr650x/projects/CubeCellLib.a(asr_timer.o)
                0x00000000000043a4                Asr_Timer_Disable
 .text.Timer0IsrCallback
                0x00000000000043bc       0x1c /home/moises/.platformio/packages/framework-arduinoasrmicro650x/cores/asr650x/projects/CubeCellLib.a(asr_timer.o)
                0x00000000000043bc                Timer0IsrCallback
 .text.Timer1IsrCallback
                0x00000000000043d8       0x28 /home/moises/.platformio/packages/framework-arduinoasrmicro650x/cores/asr650x/projects/CubeCellLib.a(asr_timer.o)
                0x00000000000043d8                Timer1IsrCallback
 .text.ASR_NeoPixelShow
                0x0000000000004400       0x94 /home/moises/.platformio/packages/framework-arduinoasrmicro650x/cores/asr650x/projects/CubeCellLib.a(asr_NeoPixel.o)
                0x0000000000004400                ASR_NeoPixelShow
 .text.uart_pre_deepsleep
                0x0000000000004494       0x78 .pio/build/cubecell_board/libFrameworkArduino.a(uart_port.c.o)
                0x0000000000004494                uart_pre_deepsleep
 .text.SPI_1_Sleep
                0x000000000000450c       0x20 .pio/build/cubecell_board/libFrameworkArduino.a(SPI_1_PM.c.o)
                0x000000000000450c                SPI_1_Sleep
 .text.SPI_1_Wakeup
                0x000000000000452c       0x14 .pio/build/cubecell_board/libFrameworkArduino.a(SPI_1_PM.c.o)
                0x000000000000452c                SPI_1_Wakeup
 .text.UART_1_Sleep
                0x0000000000004540        0x8 .pio/build/cubecell_board/libFrameworkArduino.a(UART_1_PM.c.o)
                0x0000000000004540                UART_1_Sleep
 .text.UART_1_Wakeup
                0x0000000000004548        0x8 .pio/build/cubecell_board/libFrameworkArduino.a(UART_1_PM.c.o)
                0x0000000000004548                UART_1_Wakeup
 .text.UART_1_UartSaveConfig
                0x0000000000004550       0x3c .pio/build/cubecell_board/libFrameworkArduino.a(UART_1_UART.c.o)
                0x0000000000004550                UART_1_UartSaveConfig
 .text.UART_1_UartRestoreConfig
                0x000000000000458c        0xa .pio/build/cubecell_board/libFrameworkArduino.a(UART_1_UART.c.o)
                0x000000000000458c                UART_1_UartRestoreConfig
 *fill*         0x0000000000004596        0x2 
 .text.UART_1_rx_wake_ClearInterrupt
                0x0000000000004598       0x10 .pio/build/cubecell_board/libFrameworkArduino.a(UART_1_rx_wake.c.o)
                0x0000000000004598                UART_1_rx_wake_ClearInterrupt
 .text.UART_1_tx_SetDriveMode
                0x00000000000045a8       0x14 .pio/build/cubecell_board/libFrameworkArduino.a(UART_1_tx.c.o)
                0x00000000000045a8                UART_1_tx_SetDriveMode
 .text.CySysPmSleep
                0x00000000000045bc       0x1c .pio/build/cubecell_board/libFrameworkArduino.a(cyPm.c.o)
                0x00000000000045bc                CySysPmSleep
 .text.CySysPmDeepSleep
                0x00000000000045d8       0x60 .pio/build/cubecell_board/libFrameworkArduino.a(cyPm.c.o)
                0x00000000000045d8                CySysPmDeepSleep
 .text          0x0000000000004638      0x114 /home/moises/.platformio/packages/toolchain-gccarmnoneeabi/bin/../lib/gcc/arm-none-eabi/9.2.1/thumb/v6-m/nofp/libgcc.a(_udivsi3.o)
                0x0000000000004638                __udivsi3
                0x0000000000004638                __aeabi_uidiv
                0x0000000000004744                __aeabi_uidivmod
 .text          0x000000000000474c        0x4 /home/moises/.platformio/packages/toolchain-gccarmnoneeabi/bin/../lib/gcc/arm-none-eabi/9.2.1/thumb/v6-m/nofp/libgcc.a(_dvmd_tls.o)
                0x000000000000474c                __aeabi_ldiv0
                0x000000000000474c                __aeabi_idiv0
 .text          0x0000000000004750       0x7c /home/moises/.platformio/packages/toolchain-gccarmnoneeabi/bin/../lib/gcc/arm-none-eabi/9.2.1/thumb/v6-m/nofp/libgcc.a(_arm_cmpdf2.o)
                0x0000000000004750                __aeabi_cdrcmple
                0x0000000000004760                __aeabi_cdcmple
                0x0000000000004760                __aeabi_cdcmpeq
                0x0000000000004770                __aeabi_dcmpeq
                0x000000000000477c                __aeabi_dcmplt
                0x0000000000004790                __aeabi_dcmple
                0x00000000000047a4                __aeabi_dcmpgt
                0x00000000000047b8                __aeabi_dcmpge
 .text          0x00000000000047cc       0x40 /home/moises/.platformio/packages/toolchain-gccarmnoneeabi/bin/../lib/gcc/arm-none-eabi/9.2.1/thumb/v6-m/nofp/libgcc.a(_aeabi_uldivmod.o)
                0x00000000000047cc                __aeabi_uldivmod
 .text.__muldi3
                0x000000000000480c       0x50 /home/moises/.platformio/packages/toolchain-gccarmnoneeabi/bin/../lib/gcc/arm-none-eabi/9.2.1/thumb/v6-m/nofp/libgcc.a(_muldi3.o)
                0x000000000000480c                __aeabi_lmul
                0x000000000000480c                __muldi3
 .text.__fixunsdfsi
                0x000000000000485c       0x3c /home/moises/.platformio/packages/toolchain-gccarmnoneeabi/bin/../lib/gcc/arm-none-eabi/9.2.1/thumb/v6-m/nofp/libgcc.a(_fixunsdfsi.o)
                0x000000000000485c                __fixunsdfsi
                0x000000000000485c                __aeabi_d2uiz
 .text.__udivmoddi4
                0x0000000000004898      0x198 /home/moises/.platformio/packages/toolchain-gccarmnoneeabi/bin/../lib/gcc/arm-none-eabi/9.2.1/thumb/v6-m/nofp/libgcc.a(_udivmoddi4.o)
                0x0000000000004898                __udivmoddi4
 .text.__aeabi_fdiv
                0x0000000000004a30      0x218 /home/moises/.platformio/packages/toolchain-gccarmnoneeabi/bin/../lib/gcc/arm-none-eabi/9.2.1/thumb/v6-m/nofp/libgcc.a(divsf3.o)
                0x0000000000004a30                __aeabi_fdiv
 .text.__aeabi_ui2f
                0x0000000000004c48       0x78 /home/moises/.platformio/packages/toolchain-gccarmnoneeabi/bin/../lib/gcc/arm-none-eabi/9.2.1/thumb/v6-m/nofp/libgcc.a(floatunsisf.o)
                0x0000000000004c48                __aeabi_ui2f
 .text.__aeabi_dadd
                0x0000000000004cc0      0x6d4 /home/moises/.platformio/packages/toolchain-gccarmnoneeabi/bin/../lib/gcc/arm-none-eabi/9.2.1/thumb/v6-m/nofp/libgcc.a(adddf3.o)
                0x0000000000004cc0                __aeabi_dadd
 .text.__aeabi_ddiv
                0x0000000000005394      0x5d0 /home/moises/.platformio/packages/toolchain-gccarmnoneeabi/bin/../lib/gcc/arm-none-eabi/9.2.1/thumb/v6-m/nofp/libgcc.a(divdf3.o)
                0x0000000000005394                __aeabi_ddiv
 .text.__eqdf2  0x0000000000005964       0x78 /home/moises/.platformio/packages/toolchain-gccarmnoneeabi/bin/../lib/gcc/arm-none-eabi/9.2.1/thumb/v6-m/nofp/libgcc.a(eqdf2.o)
                0x0000000000005964                __eqdf2
                0x0000000000005964                __nedf2
 .text.__gedf2  0x00000000000059dc       0xe4 /home/moises/.platformio/packages/toolchain-gccarmnoneeabi/bin/../lib/gcc/arm-none-eabi/9.2.1/thumb/v6-m/nofp/libgcc.a(gedf2.o)
                0x00000000000059dc                __gtdf2
                0x00000000000059dc                __gedf2
 .text.__ledf2  0x0000000000005ac0       0xe0 /home/moises/.platformio/packages/toolchain-gccarmnoneeabi/bin/../lib/gcc/arm-none-eabi/9.2.1/thumb/v6-m/nofp/libgcc.a(ledf2.o)
                0x0000000000005ac0                __ltdf2
                0x0000000000005ac0                __ledf2
 .text.__aeabi_dsub
                0x0000000000005ba0      0x724 /home/moises/.platformio/packages/toolchain-gccarmnoneeabi/bin/../lib/gcc/arm-none-eabi/9.2.1/thumb/v6-m/nofp/libgcc.a(subdf3.o)
                0x0000000000005ba0                __aeabi_dsub
 .text.__aeabi_d2iz
                0x00000000000062c4       0x6c /home/moises/.platformio/packages/toolchain-gccarmnoneeabi/bin/../lib/gcc/arm-none-eabi/9.2.1/thumb/v6-m/nofp/libgcc.a(fixdfsi.o)
                0x00000000000062c4                __aeabi_d2iz
 .text.__aeabi_ui2d
                0x0000000000006330       0x4c /home/moises/.platformio/packages/toolchain-gccarmnoneeabi/bin/../lib/gcc/arm-none-eabi/9.2.1/thumb/v6-m/nofp/libgcc.a(floatunsidf.o)
                0x0000000000006330                __aeabi_ui2d
 .text.__aeabi_f2d
                0x000000000000637c       0x90 /home/moises/.platformio/packages/toolchain-gccarmnoneeabi/bin/../lib/gcc/arm-none-eabi/9.2.1/thumb/v6-m/nofp/libgcc.a(extendsfdf2.o)
                0x000000000000637c                __aeabi_f2d
 .text          0x000000000000640c       0x3c /home/moises/.platformio/packages/toolchain-gccarmnoneeabi/bin/../lib/gcc/arm-none-eabi/9.2.1/thumb/v6-m/nofp/libgcc.a(_clzsi2.o)
                0x000000000000640c                __clzsi2
 .text          0x0000000000006448       0x18 /home/moises/.platformio/packages/toolchain-gccarmnoneeabi/bin/../lib/gcc/arm-none-eabi/9.2.1/thumb/v6-m/nofp/libgcc.a(_clzdi2.o)
                0x0000000000006448                __clzdi2
 .text.__cxa_atexit
                0x0000000000006460       0x1c /home/moises/.platformio/packages/toolchain-gccarmnoneeabi/bin/../lib/gcc/arm-none-eabi/9.2.1/../../../../arm-none-eabi/lib/thumb/v6-m/nofp/libc_nano.a(lib_a-cxa_atexit.o)
                0x0000000000006460                __cxa_atexit
 .text.__errno  0x000000000000647c        0xc /home/moises/.platformio/packages/toolchain-gccarmnoneeabi/bin/../lib/gcc/arm-none-eabi/9.2.1/../../../../arm-none-eabi/lib/thumb/v6-m/nofp/libc_nano.a(lib_a-errno.o)
                0x000000000000647c                __errno
 .text.__libc_init_array
                0x0000000000006488       0x48 /home/moises/.platformio/packages/toolchain-gccarmnoneeabi/bin/../lib/gcc/arm-none-eabi/9.2.1/../../../../arm-none-eabi/lib/thumb/v6-m/nofp/libc_nano.a(lib_a-init.o)
                0x0000000000006488                __libc_init_array
 .text.malloc   0x00000000000064d0       0x14 /home/moises/.platformio/packages/toolchain-gccarmnoneeabi/bin/../lib/gcc/arm-none-eabi/9.2.1/../../../../arm-none-eabi/lib/thumb/v6-m/nofp/libc_nano.a(lib_a-malloc.o)
                0x00000000000064d0                malloc
 .text.free     0x00000000000064e4       0x14 /home/moises/.platformio/packages/toolchain-gccarmnoneeabi/bin/../lib/gcc/arm-none-eabi/9.2.1/../../../../arm-none-eabi/lib/thumb/v6-m/nofp/libc_nano.a(lib_a-malloc.o)
                0x00000000000064e4                free
 .text.memset   0x00000000000064f8       0x10 /home/moises/.platformio/packages/toolchain-gccarmnoneeabi/bin/../lib/gcc/arm-none-eabi/9.2.1/../../../../arm-none-eabi/lib/thumb/v6-m/nofp/libc_nano.a(lib_a-memset.o)
                0x00000000000064f8                memset
 .text._free_r  0x0000000000006508       0x94 /home/moises/.platformio/packages/toolchain-gccarmnoneeabi/bin/../lib/gcc/arm-none-eabi/9.2.1/../../../../arm-none-eabi/lib/thumb/v6-m/nofp/libc_nano.a(lib_a-nano-freer.o)
                0x0000000000006508                _free_r
 .text._malloc_r
                0x000000000000659c       0xbc /home/moises/.platformio/packages/toolchain-gccarmnoneeabi/bin/../lib/gcc/arm-none-eabi/9.2.1/../../../../arm-none-eabi/lib/thumb/v6-m/nofp/libc_nano.a(lib_a-nano-mallocr.o)
                0x000000000000659c                _malloc_r
 .text._sbrk_r  0x0000000000006658       0x24 /home/moises/.platformio/packages/toolchain-gccarmnoneeabi/bin/../lib/gcc/arm-none-eabi/9.2.1/../../../../arm-none-eabi/lib/thumb/v6-m/nofp/libc_nano.a(lib_a-sbrkr.o)
                0x0000000000006658                _sbrk_r
 .text.__malloc_lock
                0x000000000000667c       0x10 /home/moises/.platformio/packages/toolchain-gccarmnoneeabi/bin/../lib/gcc/arm-none-eabi/9.2.1/../../../../arm-none-eabi/lib/thumb/v6-m/nofp/libc_nano.a(lib_a-mlock.o)
                0x000000000000667c                __malloc_lock
 .text.__malloc_unlock
                0x000000000000668c       0x10 /home/moises/.platformio/packages/toolchain-gccarmnoneeabi/bin/../lib/gcc/arm-none-eabi/9.2.1/../../../../arm-none-eabi/lib/thumb/v6-m/nofp/libc_nano.a(lib_a-mlock.o)
                0x000000000000668c                __malloc_unlock
 .text.__retarget_lock_acquire_recursive
                0x000000000000669c        0x2 /home/moises/.platformio/packages/toolchain-gccarmnoneeabi/bin/../lib/gcc/arm-none-eabi/9.2.1/../../../../arm-none-eabi/lib/thumb/v6-m/nofp/libc_nano.a(lib_a-lock.o)
                0x000000000000669c                __retarget_lock_acquire_recursive
 .text.__retarget_lock_release_recursive
                0x000000000000669e        0x2 /home/moises/.platformio/packages/toolchain-gccarmnoneeabi/bin/../lib/gcc/arm-none-eabi/9.2.1/../../../../arm-none-eabi/lib/thumb/v6-m/nofp/libc_nano.a(lib_a-lock.o)
                0x000000000000669e                __retarget_lock_release_recursive
 *(.plt)
 *(.gnu.warning)
 *(.glue_7t)
 .glue_7t       0x00000000000066a0        0x0 linker stubs
 *(.glue_7)
 .glue_7        0x00000000000066a0        0x0 linker stubs
 *(.vfp11_veneer)
 .vfp11_veneer  0x00000000000066a0        0x0 linker stubs
 *(.bootloader)
 *(.ARM.extab* .gnu.linkonce.armextab.*)
 *(.gcc_except_table)

.v4_bx          0x00000000000066a0        0x0
 .v4_bx         0x00000000000066a0        0x0 linker stubs

.iplt           0x00000000000066a0        0x0
 .iplt          0x00000000000066a0        0x0 /home/moises/.platformio/packages/toolchain-gccarmnoneeabi/bin/../lib/gcc/arm-none-eabi/9.2.1/thumb/v6-m/nofp/crtbegin.o

.eh_frame_hdr
 *(.eh_frame_hdr)

.eh_frame       0x00000000000066a0        0x4
 *(.eh_frame)
 .eh_frame      0x00000000000066a0        0x0 /home/moises/.platformio/packages/toolchain-gccarmnoneeabi/bin/../lib/gcc/arm-none-eabi/9.2.1/thumb/v6-m/nofp/crtbegin.o
 .eh_frame      0x00000000000066a0        0x4 /home/moises/.platformio/packages/toolchain-gccarmnoneeabi/bin/../lib/gcc/arm-none-eabi/9.2.1/thumb/v6-m/nofp/crtend.o
                [!provide]                        PROVIDE (__exidx_start = .)

.ARM.exidx      0x00000000000066a4        0x8
 *(.ARM.exidx* .gnu.linkonce.armexidx.*)
 .ARM.exidx.text.__udivmoddi4
                0x00000000000066a4        0x8 /home/moises/.platformio/packages/toolchain-gccarmnoneeabi/bin/../lib/gcc/arm-none-eabi/9.2.1/thumb/v6-m/nofp/libgcc.a(_udivmoddi4.o)
                0x00000000000066ac                __exidx_end = .

.rodata         0x00000000000066ac      0x13c
 *(.rodata .rodata.* .gnu.linkonce.r.*)
 .rodata        0x00000000000066ac        0xc .pio/build/cubecell_board/libFrameworkArduino.a(CyLFClk.c.o)
 .rodata        0x00000000000066b8       0x17 .pio/build/cubecell_board/libFrameworkArduino.a(CyLib.c.o)
                0x00000000000066b8                cyImoFreqMhz2DpllOffset
 .rodata.str1.1
                0x00000000000066cf       0x17 .pio/build/cubecell_board/libFrameworkArduino.a(asr_board.c.o)
 .rodata.str1.1
                0x00000000000066e6        0x7 .pio/build/cubecell_board/libFrameworkArduino.a(printf.c.o)
 *fill*         0x00000000000066ed        0x3 
 .rodata.__aeabi_fdiv
                0x00000000000066f0       0x80 /home/moises/.platformio/packages/toolchain-gccarmnoneeabi/bin/../lib/gcc/arm-none-eabi/9.2.1/thumb/v6-m/nofp/libgcc.a(divsf3.o)
 .rodata.__aeabi_ddiv
                0x0000000000006770       0x40 /home/moises/.platformio/packages/toolchain-gccarmnoneeabi/bin/../lib/gcc/arm-none-eabi/9.2.1/thumb/v6-m/nofp/libgcc.a(divdf3.o)
                0x00000000000067b0                . = ALIGN (0x4)
 *(.init)
 .init          0x00000000000067b0        0x4 /home/moises/.platformio/packages/toolchain-gccarmnoneeabi/bin/../lib/gcc/arm-none-eabi/9.2.1/thumb/v6-m/nofp/crti.o
                0x00000000000067b0                _init
 .init          0x00000000000067b4        0x8 /home/moises/.platformio/packages/toolchain-gccarmnoneeabi/bin/../lib/gcc/arm-none-eabi/9.2.1/thumb/v6-m/nofp/crtn.o
                0x00000000000067bc                . = ALIGN (0x4)
                0x00000000000067bc                __preinit_array_start = .
 *(.preinit_array)
                0x00000000000067bc                __preinit_array_end = .
                0x00000000000067bc                . = ALIGN (0x4)
                0x00000000000067bc                __init_array_start = .
 *(SORT_BY_NAME(.init_array.*))
 *(.init_array)
 .init_array    0x00000000000067bc        0x4 /home/moises/.platformio/packages/toolchain-gccarmnoneeabi/bin/../lib/gcc/arm-none-eabi/9.2.1/thumb/v6-m/nofp/crtbegin.o
 .init_array    0x00000000000067c0        0x4 .pio/build/cubecell_board/src/main.cpp.o
 .init_array    0x00000000000067c4        0x4 .pio/build/cubecell_board/libFrameworkArduino.a(Cm0plusStart.c.o)
                0x00000000000067c8                __init_array_end = .
                0x00000000000067c8                . = ALIGN (0x4)
 *(.fini)
 .fini          0x00000000000067c8        0x4 /home/moises/.platformio/packages/toolchain-gccarmnoneeabi/bin/../lib/gcc/arm-none-eabi/9.2.1/thumb/v6-m/nofp/crti.o
                0x00000000000067c8                _fini
 .fini          0x00000000000067cc        0x8 /home/moises/.platformio/packages/toolchain-gccarmnoneeabi/bin/../lib/gcc/arm-none-eabi/9.2.1/thumb/v6-m/nofp/crtn.o
                0x00000000000067d4                . = ALIGN (0x4)
                0x00000000000067d4                __fini_array_start = .
 *(.fini_array)
 .fini_array    0x00000000000067d4        0x4 /home/moises/.platformio/packages/toolchain-gccarmnoneeabi/bin/../lib/gcc/arm-none-eabi/9.2.1/thumb/v6-m/nofp/crtbegin.o
 *(SORT_BY_NAME(.fini_array.*))
                0x00000000000067d8                __fini_array_end = .
                0x00000000000067d8                . = ALIGN (0x4)
 *crtbegin.o(.ctors)
 *(EXCLUDE_FILE(*crtend.o) .ctors)
 *(SORT_BY_NAME(.ctors.*))
 *crtend.o(.ctors)
                0x00000000000067d8                . = ALIGN (0x4)
 *crtbegin.o(.dtors)
 *(EXCLUDE_FILE(*crtend.o) .dtors)
 *(SORT_BY_NAME(.dtors.*))
 *crtend.o(.dtors)
                0x00000000000067d8                . = ALIGN (0x4)
                0x00000000000067d8                __cy_regions = .
                0x00000000000067d8        0x4 LONG 0x67e8 __cy_region_init_ram
                0x00000000000067dc        0x4 LONG 0x200000b8 __cy_region_start_data
                0x00000000000067e0        0x4 LONG 0x100 __cy_region_init_size_ram
                0x00000000000067e4        0x4 LONG 0x4b0 __cy_region_zero_size_ram
                0x00000000000067e8                __cy_regions_end = .
                0x00000000000067e8                . = ALIGN (0x8)
                0x00000000000067e8                _etext = .

.ramvectors     0x0000000020000000       0xb0
                0x0000000020000000                __cy_region_start_ram = .
 *(.ramvectors)
 .ramvectors    0x0000000020000000       0xb0 .pio/build/cubecell_board/libFrameworkArduino.a(Cm0plusStart.c.o)
                0x0000000020000000                CyRamVectors

.btldr_run      0x00000000200000b0        0x4
 *(.bootloaderruntype)
 .bootloaderruntype
                0x00000000200000b0        0x4 .pio/build/cubecell_board/libFrameworkArduino.a(Cm0plusStart.c.o)
                0x00000000200000b0                cyBtldrRunType

.noinit
 *(.noinit)

.data           0x00000000200000b8      0x100 load address 0x00000000000067e8
                0x00000000200000b8                __cy_region_start_data = .
 *(.jcr)
 *(.got.plt)
 *(.got)
 *(.shdata)
 *(.data .data.* .gnu.linkonce.d.*)
 .data.__dso_handle
                0x00000000200000b8        0x4 /home/moises/.platformio/packages/toolchain-gccarmnoneeabi/bin/../lib/gcc/arm-none-eabi/9.2.1/thumb/v6-m/nofp/crtbegin.o
                0x00000000200000b8                __dso_handle
 .data          0x00000000200000bc        0x4 .pio/build/cubecell_board/libFrameworkArduino.a(Cm0plusStart.c.o)
 .data          0x00000000200000c0        0x4 .pio/build/cubecell_board/libFrameworkArduino.a(CyLFClk.c.o)
 .data          0x00000000200000c4       0x14 .pio/build/cubecell_board/libFrameworkArduino.a(CyLib.c.o)
                0x00000000200000c4                CySysClkPumpConfig
                0x00000000200000c8                cydelay32kMs
                0x00000000200000cc                cydelayFreqKhz
                0x00000000200000d0                cydelayFreqMhz
                0x00000000200000d4                cydelayFreqHz
 .data          0x00000000200000d8        0x9 .pio/build/cubecell_board/libFrameworkArduino.a(asr_board.c.o)
                0x00000000200000d8                g_log_level
                0x00000000200000e0                UseTCXO
 *fill*         0x00000000200000e1        0x3 
 .data          0x00000000200000e4       0x6c /home/moises/.platformio/packages/framework-arduinoasrmicro650x/cores/asr650x/projects/CubeCellLib.a(lorawan_port.o)
                0x00000000200000e4                aos_mft_itf
                0x00000000200000fc                aos_lrwan_radio_ctrl
                0x0000000020000110                aos_lrwan_time_itf
                0x0000000020000144                aos_lrwan_chg_mode
 .data          0x0000000020000150        0x1 .pio/build/cubecell_board/libFrameworkArduino.a(UART_1_UART.c.o)
                0x0000000020000150                UART_1_skipStart
 *fill*         0x0000000020000151        0x3 
 .data._impure_ptr
                0x0000000020000154        0x4 /home/moises/.platformio/packages/toolchain-gccarmnoneeabi/bin/../lib/gcc/arm-none-eabi/9.2.1/../../../../arm-none-eabi/lib/thumb/v6-m/nofp/libc_nano.a(lib_a-impure.o)
                0x0000000020000154                _impure_ptr
 .data.impure_data
                0x0000000020000158       0x60 /home/moises/.platformio/packages/toolchain-gccarmnoneeabi/bin/../lib/gcc/arm-none-eabi/9.2.1/../../../../arm-none-eabi/lib/thumb/v6-m/nofp/libc_nano.a(lib_a-impure.o)
                0x00000000200001b8                . = ALIGN (0x8)
 *(.ram)
                0x00000000200001b8                _edata = .

.igot.plt       0x00000000200001b8        0x0 load address 0x00000000000068e8
 .igot.plt      0x00000000200001b8        0x0 /home/moises/.platformio/packages/toolchain-gccarmnoneeabi/bin/../lib/gcc/arm-none-eabi/9.2.1/thumb/v6-m/nofp/crtbegin.o

.bss            0x00000000200001b8      0x4b0 load address 0x00000000000068e8
                0x00000000200001b8                PROVIDE (__bss_start__ = .)
 *(.shbss)
 *(.bss .bss.* .gnu.linkonce.b.*)
 .bss.completed.8911
                0x00000000200001b8        0x1 /home/moises/.platformio/packages/toolchain-gccarmnoneeabi/bin/../lib/gcc/arm-none-eabi/9.2.1/thumb/v6-m/nofp/crtbegin.o
 *fill*         0x00000000200001b9        0x3 
 .bss.object.8916
                0x00000000200001bc       0x18 /home/moises/.platformio/packages/toolchain-gccarmnoneeabi/bin/../lib/gcc/arm-none-eabi/9.2.1/thumb/v6-m/nofp/crtbegin.o
 .bss           0x00000000200001d4       0x15 .pio/build/cubecell_board/src/main.cpp.o
                0x00000000200001d4                pixels
                0x00000000200001e8                i
 *fill*         0x00000000200001e9        0x3 
 .bss           0x00000000200001ec      0x13e /home/moises/.platformio/packages/framework-arduinoasrmicro650x/cores/asr650x/projects/CubeCellLib.a(ASR_Arduino.o)
                0x00000000200001ec                GpioIrqNumber
                0x00000000200001ed                GpioIrq
                0x000000002000022c                GpioIrqHandlerCallback
 *fill*         0x000000002000032a        0x2 
 .bss           0x000000002000032c        0x4 /home/moises/.platformio/packages/framework-arduinoasrmicro650x/cores/asr650x/projects/CubeCellLib.a(cyfitter_cfg.o)
                0x000000002000032c                systime
 .bss           0x0000000020000330       0x18 .pio/build/cubecell_board/libFrameworkArduino.a(CyLFClk.c.o)
 .bss           0x0000000020000348       0x18 .pio/build/cubecell_board/libFrameworkArduino.a(CyLib.c.o)
                0x000000002000035c                CySysTickInitVar
 .bss           0x0000000020000360       0x34 .pio/build/cubecell_board/libFrameworkArduino.a(asr_board.c.o)
                0x0000000020000360                gPaOptSetting
                0x0000000020000368                gChipId
                0x000000002000037c                DeviceSel
                0x0000000020000388                AntPow
 .bss           0x0000000020000394      0x213 .pio/build/cubecell_board/libFrameworkArduino.a(radio.c.o)
                0x0000000020000394                IrqFired
                0x000000002000039c                TxTimeoutTimer
                0x00000000200003b0                RxTimeoutTimer
                0x00000000200003c4                CadTimeoutTimer
                0x00000000200003d8                TxTimeout
                0x00000000200003dc                RxContinuous
                0x00000000200003e0                RxTimeout
                0x00000000200003e4                RadioPktStatus
                0x00000000200003fc                SX126x
                0x00000000200004a8                RadioRxPayload
 *fill*         0x00000000200005a7        0x1 
 .bss           0x00000000200005a8        0x8 .pio/build/cubecell_board/libFrameworkArduino.a(sx126x.c.o)
                0x00000000200005ac                FrequencyError
 .bss           0x00000000200005b0        0x4 .pio/build/cubecell_board/libFrameworkArduino.a(SPI_1.c.o)
                0x00000000200005b0                SPI_1_initVar
                0x00000000200005b2                SPI_1_IntrTxMask
 .bss           0x00000000200005b4        0x4 /home/moises/.platformio/packages/framework-arduinoasrmicro650x/cores/asr650x/projects/CubeCellLib.a(timeServer.o)
 .bss           0x00000000200005b8       0x21 /home/moises/.platformio/packages/framework-arduinoasrmicro650x/cores/asr650x/projects/CubeCellLib.a(lorawan_port.o)
                0x00000000200005d8                HasLoopedThroughMain
 *fill*         0x00000000200005d9        0x3 
 .bss           0x00000000200005dc        0xc /home/moises/.platformio/packages/framework-arduinoasrmicro650x/cores/asr650x/projects/CubeCellLib.a(asr_timer.o)
 .bss           0x00000000200005e8        0x1 .pio/build/cubecell_board/libFrameworkArduino.a(SPI_1_PM.c.o)
                0x00000000200005e8                SPI_1_backup
 *fill*         0x00000000200005e9        0x3 
 .bss.__malloc_free_list
                0x00000000200005ec        0x4 /home/moises/.platformio/packages/toolchain-gccarmnoneeabi/bin/../lib/gcc/arm-none-eabi/9.2.1/../../../../arm-none-eabi/lib/thumb/v6-m/nofp/libc_nano.a(lib_a-nano-mallocr.o)
                0x00000000200005ec                __malloc_free_list
 .bss.__malloc_sbrk_start
                0x00000000200005f0        0x4 /home/moises/.platformio/packages/toolchain-gccarmnoneeabi/bin/../lib/gcc/arm-none-eabi/9.2.1/../../../../arm-none-eabi/lib/thumb/v6-m/nofp/libc_nano.a(lib_a-nano-mallocr.o)
                0x00000000200005f0                __malloc_sbrk_start
 *(COMMON)
 COMMON         0x00000000200005f4       0x64 /home/moises/.platformio/packages/framework-arduinoasrmicro650x/cores/asr650x/projects/CubeCellLib.a(lorawan_port.o)
                0x00000000200005f4                gpio_base_backup
                0x0000000020000614                pc2_backup
                0x0000000020000634                pc_backup
                0x0000000020000654                port_backup
 COMMON         0x0000000020000658        0x4 /home/moises/.platformio/packages/toolchain-gccarmnoneeabi/bin/../lib/gcc/arm-none-eabi/9.2.1/../../../../arm-none-eabi/lib/thumb/v6-m/nofp/libc_nano.a(lib_a-reent.o)
                0x0000000020000658                errno
 COMMON         0x000000002000065c        0x9 /home/moises/.platformio/packages/toolchain-gccarmnoneeabi/bin/../lib/gcc/arm-none-eabi/9.2.1/../../../../arm-none-eabi/lib/thumb/v6-m/nofp/libc_nano.a(lib_a-lock.o)
                0x000000002000065c                __lock___atexit_recursive_mutex
                0x000000002000065d                __lock___arc4random_mutex
                0x000000002000065e                __lock___env_recursive_mutex
                0x000000002000065f                __lock___sinit_recursive_mutex
                0x0000000020000660                __lock___malloc_recursive_mutex
                0x0000000020000661                __lock___at_quick_exit_mutex
                0x0000000020000662                __lock___dd_hash_mutex
                0x0000000020000663                __lock___tz_mutex
                0x0000000020000664                __lock___sfp_recursive_mutex
                0x0000000020000668                . = ALIGN (0x8)
 *fill*         0x0000000020000665        0x3 
 *(.ram.b)
                0x0000000020000668                _end = .
                0x0000000020000668                __end = .
                0x0000000020000668                PROVIDE (end = .)
                0x0000000020000668                PROVIDE (__bss_end__ = .)
                0x00000000000067e8                __cy_region_init_ram = LOADADDR (.data)
                0x0000000000000100                __cy_region_init_size_ram = (_edata - ADDR (.data))
                0x00000000000004b0                __cy_region_zero_size_ram = (_end - _edata)

.heap           0x0000000020000668     0x1000 load address 0x00000000000068e8
                0x0000000020000668                . = _end
                0x0000000020001668                . = (. + 0x1000)
 *fill*         0x0000000020000668     0x1000 
                0x0000000020001668                __cy_heap_limit = .

.stack          0x0000000020003800      0x800
                0x0000000020003800                __cy_stack_limit = .
                0x0000000020004000                . = (. + 0x800)
 *fill*         0x0000000020003800      0x800 
                0x0000000000000001                ASSERT ((__cy_stack_limit >= __cy_heap_limit), region RAM overflowed with stack)

.cy_checksum_exclude
                0x000000000001ff00        0x0
 *(.cy_checksum_exclude)
                0x0000000000000000                cy_checksum_exclude_size = (CY_APPL_LOADABLE == 0x1)?SIZEOF (.cy_checksum_exclude):0x0
                0x0000000000000001                ASSERT ((cy_checksum_exclude_size <= CY_CHECKSUM_EXCLUDE_SIZE), CY_BOOT: Section .cy_checksum_exclude size exceedes specified limit.)
                0x00000000f0000000                cyloadermeta_start = (cy_project_type_bootloader || cy_project_type_app_for_stack_and_copier)?(LENGTH (rom) - CY_METADATA_SIZE):0xf0000000

.cyloadermeta   0x00000000f0000000       0x40
 *(.cyloadermeta)
 .cyloadermeta  0x00000000f0000000       0x40 .pio/build/cubecell_board/libFrameworkArduino.a(cybootloader.c.o)
                0x00000000f0000000                cy_meta_loader
                0x000000000001ffc0                cyloadablemeta_start = cy_project_type_app_for_stack_and_copier?((LENGTH (rom) - CY_FLASH_ROW_SIZE) - CY_METADATA_SIZE):((LENGTH (rom) - (CY_FLASH_ROW_SIZE * (CY_APPL_NUM - 0x1))) - CY_METADATA_SIZE)

.cyloadablemeta
                0x000000000001ffc0       0x40
 *(.cyloadablemeta)
 .cyloadablemeta
                0x000000000001ffc0       0x40 .pio/build/cubecell_board/libFrameworkArduino.a(cymetadata.c.o)
                0x000000000001ffc0                cy_meta_loadable

.cyflashprotect
                0x0000000090400000       0x40
 *(.cyflashprotect)
 .cyflashprotect
                0x0000000090400000       0x40 .pio/build/cubecell_board/libFrameworkArduino.a(cybootloader.c.o)
                0x0000000090400000                cy_meta_flashprotect

.cymeta         0x0000000090500000        0xc
 *(.cymeta)
 .cymeta        0x0000000090500000        0xc .pio/build/cubecell_board/libFrameworkArduino.a(cybootloader.c.o)
                0x0000000090500000                cy_metadata

.cychipprotect  0x0000000090600000        0x1
 *(.cychipprotect)
 .cychipprotect
                0x0000000090600000        0x1 .pio/build/cubecell_board/libFrameworkArduino.a(cybootloader.c.o)
                0x0000000090600000                cy_meta_chipprotect

.rel.dyn        0x0000000000020000        0x0
 .rel.iplt      0x0000000000020000        0x0 /home/moises/.platformio/packages/toolchain-gccarmnoneeabi/bin/../lib/gcc/arm-none-eabi/9.2.1/thumb/v6-m/nofp/crtbegin.o

.stab
 *(.stab)

.stabstr
 *(.stabstr)

.debug
 *(.debug)

.line
 *(.line)

.debug_srcinfo
 *(.debug_srcinfo)

.debug_sfnames
 *(.debug_sfnames)

.debug_aranges  0x0000000000000000      0x2f0
 *(.debug_aranges)
 .debug_aranges
                0x0000000000000000       0xc0 /home/moises/.platformio/packages/framework-arduinoasrmicro650x/cores/asr650x/projects/CubeCellLib.a(ASR_Arduino.o)
 .debug_aranges
                0x00000000000000c0       0x30 /home/moises/.platformio/packages/framework-arduinoasrmicro650x/cores/asr650x/projects/CubeCellLib.a(cyfitter_cfg.o)
 .debug_aranges
                0x00000000000000f0       0x88 /home/moises/.platformio/packages/framework-arduinoasrmicro650x/cores/asr650x/projects/CubeCellLib.a(timeServer.o)
 .debug_aranges
                0x0000000000000178      0x108 /home/moises/.platformio/packages/framework-arduinoasrmicro650x/cores/asr650x/projects/CubeCellLib.a(lorawan_port.o)
 .debug_aranges
                0x0000000000000280       0x50 /home/moises/.platformio/packages/framework-arduinoasrmicro650x/cores/asr650x/projects/CubeCellLib.a(asr_timer.o)
 .debug_aranges
                0x00000000000002d0       0x20 /home/moises/.platformio/packages/framework-arduinoasrmicro650x/cores/asr650x/projects/CubeCellLib.a(asr_NeoPixel.o)

.debug_pubnames
 *(.debug_pubnames)

.debug_info     0x0000000000000000     0x3100
 *(.debug_info .gnu.linkonce.wi.*)
 .debug_info    0x0000000000000000     0x101b /home/moises/.platformio/packages/framework-arduinoasrmicro650x/cores/asr650x/projects/CubeCellLib.a(ASR_Arduino.o)
 .debug_info    0x000000000000101b      0x276 /home/moises/.platformio/packages/framework-arduinoasrmicro650x/cores/asr650x/projects/CubeCellLib.a(cyfitter_cfg.o)
 .debug_info    0x0000000000001291      0x7f0 /home/moises/.platformio/packages/framework-arduinoasrmicro650x/cores/asr650x/projects/CubeCellLib.a(timeServer.o)
 .debug_info    0x0000000000001a81      0xdf7 /home/moises/.platformio/packages/framework-arduinoasrmicro650x/cores/asr650x/projects/CubeCellLib.a(lorawan_port.o)
 .debug_info    0x0000000000002878      0x5f0 /home/moises/.platformio/packages/framework-arduinoasrmicro650x/cores/asr650x/projects/CubeCellLib.a(asr_timer.o)
 .debug_info    0x0000000000002e68      0x298 /home/moises/.platformio/packages/framework-arduinoasrmicro650x/cores/asr650x/projects/CubeCellLib.a(asr_NeoPixel.o)

.debug_abbrev   0x0000000000000000      0xe9b
 *(.debug_abbrev)
 .debug_abbrev  0x0000000000000000      0x333 /home/moises/.platformio/packages/framework-arduinoasrmicro650x/cores/asr650x/projects/CubeCellLib.a(ASR_Arduino.o)
 .debug_abbrev  0x0000000000000333      0x16d /home/moises/.platformio/packages/framework-arduinoasrmicro650x/cores/asr650x/projects/CubeCellLib.a(cyfitter_cfg.o)
 .debug_abbrev  0x00000000000004a0      0x382 /home/moises/.platformio/packages/framework-arduinoasrmicro650x/cores/asr650x/projects/CubeCellLib.a(timeServer.o)
 .debug_abbrev  0x0000000000000822      0x374 /home/moises/.platformio/packages/framework-arduinoasrmicro650x/cores/asr650x/projects/CubeCellLib.a(lorawan_port.o)
 .debug_abbrev  0x0000000000000b96      0x1de /home/moises/.platformio/packages/framework-arduinoasrmicro650x/cores/asr650x/projects/CubeCellLib.a(asr_timer.o)
 .debug_abbrev  0x0000000000000d74      0x127 /home/moises/.platformio/packages/framework-arduinoasrmicro650x/cores/asr650x/projects/CubeCellLib.a(asr_NeoPixel.o)

.debug_line     0x0000000000000000     0x15de
 *(.debug_line)
 .debug_line    0x0000000000000000      0x5aa /home/moises/.platformio/packages/framework-arduinoasrmicro650x/cores/asr650x/projects/CubeCellLib.a(ASR_Arduino.o)
 .debug_line    0x00000000000005aa      0x147 /home/moises/.platformio/packages/framework-arduinoasrmicro650x/cores/asr650x/projects/CubeCellLib.a(cyfitter_cfg.o)
 .debug_line    0x00000000000006f1      0x48a /home/moises/.platformio/packages/framework-arduinoasrmicro650x/cores/asr650x/projects/CubeCellLib.a(timeServer.o)
 .debug_line    0x0000000000000b7b      0x5cd /home/moises/.platformio/packages/framework-arduinoasrmicro650x/cores/asr650x/projects/CubeCellLib.a(lorawan_port.o)
 .debug_line    0x0000000000001148      0x27c /home/moises/.platformio/packages/framework-arduinoasrmicro650x/cores/asr650x/projects/CubeCellLib.a(asr_timer.o)
 .debug_line    0x00000000000013c4      0x21a /home/moises/.platformio/packages/framework-arduinoasrmicro650x/cores/asr650x/projects/CubeCellLib.a(asr_NeoPixel.o)

.debug_frame    0x0000000000000000      0xe90
 *(.debug_frame)
 .debug_frame   0x0000000000000000      0x264 /home/moises/.platformio/packages/framework-arduinoasrmicro650x/cores/asr650x/projects/CubeCellLib.a(ASR_Arduino.o)
 .debug_frame   0x0000000000000264       0x4c /home/moises/.platformio/packages/framework-arduinoasrmicro650x/cores/asr650x/projects/CubeCellLib.a(cyfitter_cfg.o)
 .debug_frame   0x00000000000002b0      0x1b4 /home/moises/.platformio/packages/framework-arduinoasrmicro650x/cores/asr650x/projects/CubeCellLib.a(timeServer.o)
 .debug_frame   0x0000000000000464      0x398 /home/moises/.platformio/packages/framework-arduinoasrmicro650x/cores/asr650x/projects/CubeCellLib.a(lorawan_port.o)
 .debug_frame   0x00000000000007fc       0xd8 /home/moises/.platformio/packages/framework-arduinoasrmicro650x/cores/asr650x/projects/CubeCellLib.a(asr_timer.o)
 .debug_frame   0x00000000000008d4       0x30 /home/moises/.platformio/packages/framework-arduinoasrmicro650x/cores/asr650x/projects/CubeCellLib.a(asr_NeoPixel.o)
 .debug_frame   0x0000000000000904       0x20 /home/moises/.platformio/packages/toolchain-gccarmnoneeabi/bin/../lib/gcc/arm-none-eabi/9.2.1/thumb/v6-m/nofp/libgcc.a(_udivsi3.o)
 .debug_frame   0x0000000000000924       0x34 /home/moises/.platformio/packages/toolchain-gccarmnoneeabi/bin/../lib/gcc/arm-none-eabi/9.2.1/thumb/v6-m/nofp/libgcc.a(_muldi3.o)
 .debug_frame   0x0000000000000958       0x2c /home/moises/.platformio/packages/toolchain-gccarmnoneeabi/bin/../lib/gcc/arm-none-eabi/9.2.1/thumb/v6-m/nofp/libgcc.a(_fixunsdfsi.o)
 .debug_frame   0x0000000000000984       0x3c /home/moises/.platformio/packages/toolchain-gccarmnoneeabi/bin/../lib/gcc/arm-none-eabi/9.2.1/thumb/v6-m/nofp/libgcc.a(_udivmoddi4.o)
 .debug_frame   0x00000000000009c0       0x38 /home/moises/.platformio/packages/toolchain-gccarmnoneeabi/bin/../lib/gcc/arm-none-eabi/9.2.1/thumb/v6-m/nofp/libgcc.a(divsf3.o)
 .debug_frame   0x00000000000009f8       0x2c /home/moises/.platformio/packages/toolchain-gccarmnoneeabi/bin/../lib/gcc/arm-none-eabi/9.2.1/thumb/v6-m/nofp/libgcc.a(floatunsisf.o)
 .debug_frame   0x0000000000000a24       0x38 /home/moises/.platformio/packages/toolchain-gccarmnoneeabi/bin/../lib/gcc/arm-none-eabi/9.2.1/thumb/v6-m/nofp/libgcc.a(adddf3.o)
 .debug_frame   0x0000000000000a5c       0x3c /home/moises/.platformio/packages/toolchain-gccarmnoneeabi/bin/../lib/gcc/arm-none-eabi/9.2.1/thumb/v6-m/nofp/libgcc.a(divdf3.o)
 .debug_frame   0x0000000000000a98       0x38 /home/moises/.platformio/packages/toolchain-gccarmnoneeabi/bin/../lib/gcc/arm-none-eabi/9.2.1/thumb/v6-m/nofp/libgcc.a(eqdf2.o)
 .debug_frame   0x0000000000000ad0       0x38 /home/moises/.platformio/packages/toolchain-gccarmnoneeabi/bin/../lib/gcc/arm-none-eabi/9.2.1/thumb/v6-m/nofp/libgcc.a(gedf2.o)
 .debug_frame   0x0000000000000b08       0x38 /home/moises/.platformio/packages/toolchain-gccarmnoneeabi/bin/../lib/gcc/arm-none-eabi/9.2.1/thumb/v6-m/nofp/libgcc.a(ledf2.o)
 .debug_frame   0x0000000000000b40       0x3c /home/moises/.platformio/packages/toolchain-gccarmnoneeabi/bin/../lib/gcc/arm-none-eabi/9.2.1/thumb/v6-m/nofp/libgcc.a(subdf3.o)
 .debug_frame   0x0000000000000b7c       0x2c /home/moises/.platformio/packages/toolchain-gccarmnoneeabi/bin/../lib/gcc/arm-none-eabi/9.2.1/thumb/v6-m/nofp/libgcc.a(fixdfsi.o)
 .debug_frame   0x0000000000000ba8       0x28 /home/moises/.platformio/packages/toolchain-gccarmnoneeabi/bin/../lib/gcc/arm-none-eabi/9.2.1/thumb/v6-m/nofp/libgcc.a(floatunsidf.o)
 .debug_frame   0x0000000000000bd0       0x2c /home/moises/.platformio/packages/toolchain-gccarmnoneeabi/bin/../lib/gcc/arm-none-eabi/9.2.1/thumb/v6-m/nofp/libgcc.a(extendsfdf2.o)
 .debug_frame   0x0000000000000bfc       0x28 /home/moises/.platformio/packages/toolchain-gccarmnoneeabi/bin/../lib/gcc/arm-none-eabi/9.2.1/../../../../arm-none-eabi/lib/thumb/v6-m/nofp/libc_nano.a(lib_a-cxa_atexit.o)
 .debug_frame   0x0000000000000c24       0x20 /home/moises/.platformio/packages/toolchain-gccarmnoneeabi/bin/../lib/gcc/arm-none-eabi/9.2.1/../../../../arm-none-eabi/lib/thumb/v6-m/nofp/libc_nano.a(lib_a-errno.o)
 .debug_frame   0x0000000000000c44       0x2c /home/moises/.platformio/packages/toolchain-gccarmnoneeabi/bin/../lib/gcc/arm-none-eabi/9.2.1/../../../../arm-none-eabi/lib/thumb/v6-m/nofp/libc_nano.a(lib_a-init.o)
 .debug_frame   0x0000000000000c70       0x40 /home/moises/.platformio/packages/toolchain-gccarmnoneeabi/bin/../lib/gcc/arm-none-eabi/9.2.1/../../../../arm-none-eabi/lib/thumb/v6-m/nofp/libc_nano.a(lib_a-malloc.o)
 .debug_frame   0x0000000000000cb0       0x20 /home/moises/.platformio/packages/toolchain-gccarmnoneeabi/bin/../lib/gcc/arm-none-eabi/9.2.1/../../../../arm-none-eabi/lib/thumb/v6-m/nofp/libc_nano.a(lib_a-memset.o)
 .debug_frame   0x0000000000000cd0       0x2c /home/moises/.platformio/packages/toolchain-gccarmnoneeabi/bin/../lib/gcc/arm-none-eabi/9.2.1/../../../../arm-none-eabi/lib/thumb/v6-m/nofp/libc_nano.a(lib_a-nano-freer.o)
 .debug_frame   0x0000000000000cfc       0x30 /home/moises/.platformio/packages/toolchain-gccarmnoneeabi/bin/../lib/gcc/arm-none-eabi/9.2.1/../../../../arm-none-eabi/lib/thumb/v6-m/nofp/libc_nano.a(lib_a-nano-mallocr.o)
 .debug_frame   0x0000000000000d2c       0x2c /home/moises/.platformio/packages/toolchain-gccarmnoneeabi/bin/../lib/gcc/arm-none-eabi/9.2.1/../../../../arm-none-eabi/lib/thumb/v6-m/nofp/libc_nano.a(lib_a-sbrkr.o)
 .debug_frame   0x0000000000000d58       0x40 /home/moises/.platformio/packages/toolchain-gccarmnoneeabi/bin/../lib/gcc/arm-none-eabi/9.2.1/../../../../arm-none-eabi/lib/thumb/v6-m/nofp/libc_nano.a(lib_a-mlock.o)
 .debug_frame   0x0000000000000d98       0x48 /home/moises/.platformio/packages/toolchain-gccarmnoneeabi/bin/../lib/gcc/arm-none-eabi/9.2.1/../../../../arm-none-eabi/lib/thumb/v6-m/nofp/libc_nano.a(lib_a-reent.o)
 .debug_frame   0x0000000000000de0       0xb0 /home/moises/.platformio/packages/toolchain-gccarmnoneeabi/bin/../lib/gcc/arm-none-eabi/9.2.1/../../../../arm-none-eabi/lib/thumb/v6-m/nofp/libc_nano.a(lib_a-lock.o)

.debug_str      0x0000000000000000     0x1563
 *(.debug_str)
 .debug_str     0x0000000000000000      0x894 /home/moises/.platformio/packages/framework-arduinoasrmicro650x/cores/asr650x/projects/CubeCellLib.a(ASR_Arduino.o)
                                        0x923 (size before relaxing)
 .debug_str     0x0000000000000894       0xe7 /home/moises/.platformio/packages/framework-arduinoasrmicro650x/cores/asr650x/projects/CubeCellLib.a(cyfitter_cfg.o)
                                        0x2d2 (size before relaxing)
 .debug_str     0x000000000000097b      0x494 /home/moises/.platformio/packages/framework-arduinoasrmicro650x/cores/asr650x/projects/CubeCellLib.a(timeServer.o)
                                        0x5c5 (size before relaxing)
 .debug_str     0x0000000000000e0f      0x595 /home/moises/.platformio/packages/framework-arduinoasrmicro650x/cores/asr650x/projects/CubeCellLib.a(lorawan_port.o)
                                        0x9f0 (size before relaxing)
 .debug_str     0x00000000000013a4      0x157 /home/moises/.platformio/packages/framework-arduinoasrmicro650x/cores/asr650x/projects/CubeCellLib.a(asr_timer.o)
                                        0x494 (size before relaxing)
 .debug_str     0x00000000000014fb       0x68 /home/moises/.platformio/packages/framework-arduinoasrmicro650x/cores/asr650x/projects/CubeCellLib.a(asr_NeoPixel.o)
                                        0x305 (size before relaxing)

.debug_loc      0x0000000000000000     0x495a
 *(.debug_loc)
 .debug_loc     0x0000000000000000     0x3f79 /home/moises/.platformio/packages/framework-arduinoasrmicro650x/cores/asr650x/projects/CubeCellLib.a(ASR_Arduino.o)
 .debug_loc     0x0000000000003f79       0x3e /home/moises/.platformio/packages/framework-arduinoasrmicro650x/cores/asr650x/projects/CubeCellLib.a(cyfitter_cfg.o)
 .debug_loc     0x0000000000003fb7      0x3b8 /home/moises/.platformio/packages/framework-arduinoasrmicro650x/cores/asr650x/projects/CubeCellLib.a(timeServer.o)
 .debug_loc     0x000000000000436f      0x295 /home/moises/.platformio/packages/framework-arduinoasrmicro650x/cores/asr650x/projects/CubeCellLib.a(lorawan_port.o)
 .debug_loc     0x0000000000004604      0x124 /home/moises/.platformio/packages/framework-arduinoasrmicro650x/cores/asr650x/projects/CubeCellLib.a(asr_timer.o)
 .debug_loc     0x0000000000004728      0x232 /home/moises/.platformio/packages/framework-arduinoasrmicro650x/cores/asr650x/projects/CubeCellLib.a(asr_NeoPixel.o)

.debug_macinfo
 *(.debug_macinfo)

.debug_ranges   0x0000000000000000      0x2c0
 *(.debug_ranges)
 .debug_ranges  0x0000000000000000       0xc8 /home/moises/.platformio/packages/framework-arduinoasrmicro650x/cores/asr650x/projects/CubeCellLib.a(ASR_Arduino.o)
 .debug_ranges  0x00000000000000c8       0x38 /home/moises/.platformio/packages/framework-arduinoasrmicro650x/cores/asr650x/projects/CubeCellLib.a(cyfitter_cfg.o)
 .debug_ranges  0x0000000000000100       0x78 /home/moises/.platformio/packages/framework-arduinoasrmicro650x/cores/asr650x/projects/CubeCellLib.a(timeServer.o)
 .debug_ranges  0x0000000000000178       0xf8 /home/moises/.platformio/packages/framework-arduinoasrmicro650x/cores/asr650x/projects/CubeCellLib.a(lorawan_port.o)
 .debug_ranges  0x0000000000000270       0x40 /home/moises/.platformio/packages/framework-arduinoasrmicro650x/cores/asr650x/projects/CubeCellLib.a(asr_timer.o)
 .debug_ranges  0x00000000000002b0       0x10 /home/moises/.platformio/packages/framework-arduinoasrmicro650x/cores/asr650x/projects/CubeCellLib.a(asr_NeoPixel.o)

.comment        0x0000000000000000       0xd4
 .comment       0x0000000000000000       0x66 .pio/build/cubecell_board/src/main.cpp.o
                                         0x67 (size before relaxing)
 .comment       0x0000000000000066       0x6e /home/moises/.platformio/packages/framework-arduinoasrmicro650x/cores/asr650x/projects/CubeCellLib.a(ASR_Arduino.o)
                                         0x6f (size before relaxing)
 .comment       0x00000000000000d4       0x6f /home/moises/.platformio/packages/framework-arduinoasrmicro650x/cores/asr650x/projects/CubeCellLib.a(cyfitter_cfg.o)
 .comment       0x00000000000000d4       0x67 .pio/build/cubecell_board/lib3ca/libRGB.a(CubeCell_NeoPixel.cpp.o)
 .comment       0x00000000000000d4       0x67 .pio/build/cubecell_board/libFrameworkArduino.a(PWM1.c.o)
 .comment       0x00000000000000d4       0x67 .pio/build/cubecell_board/libFrameworkArduino.a(PWM2.c.o)
 .comment       0x00000000000000d4       0x67 .pio/build/cubecell_board/libFrameworkArduino.a(main.cpp.o)
 .comment       0x00000000000000d4       0x67 .pio/build/cubecell_board/libFrameworkArduino.a(Cm0plusStart.c.o)
 .comment       0x00000000000000d4       0x67 .pio/build/cubecell_board/libFrameworkArduino.a(CyLFClk.c.o)
 .comment       0x00000000000000d4       0x67 .pio/build/cubecell_board/libFrameworkArduino.a(CyLib.c.o)
 .comment       0x00000000000000d4       0x67 .pio/build/cubecell_board/libFrameworkArduino.a(cybootloader.c.o)
 .comment       0x00000000000000d4       0x67 .pio/build/cubecell_board/libFrameworkArduino.a(cymetadata.c.o)
 .comment       0x00000000000000d4       0x67 .pio/build/cubecell_board/libFrameworkArduino.a(asr_board.c.o)
 .comment       0x00000000000000d4       0x67 .pio/build/cubecell_board/libFrameworkArduino.a(gpio.c.o)
 .comment       0x00000000000000d4       0x67 .pio/build/cubecell_board/libFrameworkArduino.a(spi-board.c.o)
 .comment       0x00000000000000d4       0x67 .pio/build/cubecell_board/libFrameworkArduino.a(radio.c.o)
 .comment       0x00000000000000d4       0x67 .pio/build/cubecell_board/libFrameworkArduino.a(sx126x.c.o)
 .comment       0x00000000000000d4       0x67 .pio/build/cubecell_board/libFrameworkArduino.a(delay.c.o)
 .comment       0x00000000000000d4       0x67 .pio/build/cubecell_board/libFrameworkArduino.a(printf.c.o)
 .comment       0x00000000000000d4       0x67 .pio/build/cubecell_board/libFrameworkArduino.a(CyFlash.c.o)
 .comment       0x00000000000000d4       0x67 .pio/build/cubecell_board/libFrameworkArduino.a(SPI_1.c.o)
 .comment       0x00000000000000d4       0x67 .pio/build/cubecell_board/libFrameworkArduino.a(SPI_1_SPI.c.o)
 .comment       0x00000000000000d4       0x67 .pio/build/cubecell_board/libFrameworkArduino.a(SPI_1_SPI_UART.c.o)
 .comment       0x00000000000000d4       0x67 .pio/build/cubecell_board/libFrameworkArduino.a(UART_1_SPI_UART.c.o)
 .comment       0x00000000000000d4       0x67 .pio/build/cubecell_board/libFrameworkArduino.a(gpio-board.c.o)
 .comment       0x00000000000000d4       0x6f /home/moises/.platformio/packages/framework-arduinoasrmicro650x/cores/asr650x/projects/CubeCellLib.a(timeServer.o)
 .comment       0x00000000000000d4       0x6f /home/moises/.platformio/packages/framework-arduinoasrmicro650x/cores/asr650x/projects/CubeCellLib.a(lorawan_port.o)
 .comment       0x00000000000000d4       0x6f /home/moises/.platformio/packages/framework-arduinoasrmicro650x/cores/asr650x/projects/CubeCellLib.a(asr_timer.o)
 .comment       0x00000000000000d4       0x6f /home/moises/.platformio/packages/framework-arduinoasrmicro650x/cores/asr650x/projects/CubeCellLib.a(asr_NeoPixel.o)
 .comment       0x00000000000000d4       0x67 .pio/build/cubecell_board/libFrameworkArduino.a(uart_port.c.o)
 .comment       0x00000000000000d4       0x67 .pio/build/cubecell_board/libFrameworkArduino.a(SPI_1_PM.c.o)
 .comment       0x00000000000000d4       0x67 .pio/build/cubecell_board/libFrameworkArduino.a(UART_1_PM.c.o)
 .comment       0x00000000000000d4       0x67 .pio/build/cubecell_board/libFrameworkArduino.a(UART_1_UART.c.o)
 .comment       0x00000000000000d4       0x67 .pio/build/cubecell_board/libFrameworkArduino.a(UART_1_rx_wake.c.o)
 .comment       0x00000000000000d4       0x67 .pio/build/cubecell_board/libFrameworkArduino.a(UART_1_tx.c.o)
 .comment       0x00000000000000d4       0x67 .pio/build/cubecell_board/libFrameworkArduino.a(cyPm.c.o)

.debug_weaknames
 *(.debug_weaknames)

.debug_funcnames
 *(.debug_funcnames)

.debug_typenames
 *(.debug_typenames)

.debug_varnames
 *(.debug_varnames)

.note.gnu.arm.ident
 *(.note.gnu.arm.ident)

.ARM.attributes
                0x0000000000000000       0x28
 *(.ARM.attributes)
 .ARM.attributes
                0x0000000000000000       0x1e /home/moises/.platformio/packages/toolchain-gccarmnoneeabi/bin/../lib/gcc/arm-none-eabi/9.2.1/thumb/v6-m/nofp/crti.o
 .ARM.attributes
                0x000000000000001e       0x2c /home/moises/.platformio/packages/toolchain-gccarmnoneeabi/bin/../lib/gcc/arm-none-eabi/9.2.1/thumb/v6-m/nofp/crtbegin.o
 .ARM.attributes
                0x000000000000004a       0x1b /home/moises/.platformio/packages/toolchain-gccarmnoneeabi/bin/../lib/gcc/arm-none-eabi/9.2.1/../../../../arm-none-eabi/lib/thumb/v6-m/nofp/crt0.o
 .ARM.attributes
                0x0000000000000065       0x2c .pio/build/cubecell_board/src/main.cpp.o
 .ARM.attributes
                0x0000000000000091       0x32 /home/moises/.platformio/packages/framework-arduinoasrmicro650x/cores/asr650x/projects/CubeCellLib.a(ASR_Arduino.o)
 .ARM.attributes
                0x00000000000000c3       0x32 /home/moises/.platformio/packages/framework-arduinoasrmicro650x/cores/asr650x/projects/CubeCellLib.a(cyfitter_cfg.o)
 .ARM.attributes
                0x00000000000000f5       0x2c .pio/build/cubecell_board/lib3ca/libRGB.a(CubeCell_NeoPixel.cpp.o)
 .ARM.attributes
                0x0000000000000121       0x2c .pio/build/cubecell_board/libFrameworkArduino.a(ADC_SAR_Seq.c.o)
 .ARM.attributes
                0x000000000000014d       0x2c .pio/build/cubecell_board/libFrameworkArduino.a(ADC_SAR_Seq_INT.c.o)
 .ARM.attributes
                0x0000000000000179       0x2c .pio/build/cubecell_board/libFrameworkArduino.a(PWM1.c.o)
 .ARM.attributes
                0x00000000000001a5       0x2c .pio/build/cubecell_board/libFrameworkArduino.a(PWM2.c.o)
 .ARM.attributes
                0x00000000000001d1       0x2c .pio/build/cubecell_board/libFrameworkArduino.a(irq.c.o)
 .ARM.attributes
                0x00000000000001fd       0x2c .pio/build/cubecell_board/libFrameworkArduino.a(main.cpp.o)
 .ARM.attributes
                0x0000000000000229       0x2c .pio/build/cubecell_board/libFrameworkArduino.a(Cm0plusStart.c.o)
 .ARM.attributes
                0x0000000000000255       0x1c .pio/build/cubecell_board/libFrameworkArduino.a(CyBootAsmGnu.S.o)
 .ARM.attributes
                0x0000000000000271       0x2c .pio/build/cubecell_board/libFrameworkArduino.a(CyLFClk.c.o)
 .ARM.attributes
                0x000000000000029d       0x2c .pio/build/cubecell_board/libFrameworkArduino.a(CyLib.c.o)
 .ARM.attributes
                0x00000000000002c9       0x32 .pio/build/cubecell_board/libFrameworkArduino.a(cybootloader.c.o)
 .ARM.attributes
                0x00000000000002fb       0x32 .pio/build/cubecell_board/libFrameworkArduino.a(cymetadata.c.o)
 .ARM.attributes
                0x000000000000032d       0x2c .pio/build/cubecell_board/libFrameworkArduino.a(asr_board.c.o)
 .ARM.attributes
                0x0000000000000359       0x2c .pio/build/cubecell_board/libFrameworkArduino.a(gpio.c.o)
 .ARM.attributes
                0x0000000000000385       0x2c .pio/build/cubecell_board/libFrameworkArduino.a(spi-board.c.o)
 .ARM.attributes
                0x00000000000003b1       0x2c .pio/build/cubecell_board/libFrameworkArduino.a(radio.c.o)
 .ARM.attributes
                0x00000000000003dd       0x2c .pio/build/cubecell_board/libFrameworkArduino.a(sx126x.c.o)
 .ARM.attributes